Archive member included to satisfy reference by file (symbol)

../../libDaisy//build/libdaisy.a(daisy_seed.o)
                              build/USB_MIDI.o (daisy::DaisySeed::Configure())
../../libDaisy//build/libdaisy.a(codec_ak4556.o)
                              ../../libDaisy//build/libdaisy.a(daisy_seed.o) (daisy::Ak4556::Init(dsy_gpio_pin))
../../libDaisy//build/libdaisy.a(codec_wm8731.o)
                              ../../libDaisy//build/libdaisy.a(daisy_seed.o) (daisy::Wm8731::Init(daisy::Wm8731::Config const&, daisy::I2CHandle))
../../libDaisy//build/libdaisy.a(sdram.o)
                              ../../libDaisy//build/libdaisy.a(daisy_seed.o) (SdramHandle::Init())
../../libDaisy//build/libdaisy.a(audio.o)
                              ../../libDaisy//build/libdaisy.a(daisy_seed.o) (daisy::AudioHandle::Init(daisy::AudioHandle::Config const&, daisy::SaiHandle))
../../libDaisy//build/libdaisy.a(midi_parser.o)
                              build/USB_MIDI.o (daisy::MidiParser::Parse(unsigned char, daisy::MidiEvent*))
../../libDaisy//build/libdaisy.a(usb_midi.o)
                              build/USB_MIDI.o (daisy::MidiUsbTransport::Init(daisy::MidiUsbTransport::Config))
../../libDaisy//build/libdaisy.a(gpio.o)
                              ../../libDaisy//build/libdaisy.a(daisy_seed.o) (daisy::GPIO::Init(daisy::Pin, daisy::GPIO::Mode, daisy::GPIO::Pull, daisy::GPIO::Speed))
../../libDaisy//build/libdaisy.a(i2c.o)
                              ../../libDaisy//build/libdaisy.a(daisy_seed.o) (daisy::I2CHandle::Init(daisy::I2CHandle::Config const&))
../../libDaisy//build/libdaisy.a(qspi.o)
                              ../../libDaisy//build/libdaisy.a(daisy_seed.o) (daisy::QSPIHandle::Init(daisy::QSPIHandle::Config const&))
../../libDaisy//build/libdaisy.a(sai.o)
                              ../../libDaisy//build/libdaisy.a(daisy_seed.o) (daisy::SaiHandle::Init(daisy::SaiHandle::Config const&))
../../libDaisy//build/libdaisy.a(system.o)
                              ../../libDaisy//build/libdaisy.a(daisy_seed.o) (daisy::System::DeInit())
../../libDaisy//build/libdaisy.a(system_stm32h7xx.o)
                              build/startup_stm32h750xx.o (SystemInit)
../../libDaisy//build/libdaisy.a(usbd_conf.o)
                              ../../libDaisy//build/libdaisy.a(system.o) (hpcd_USB_OTG_HS)
../../libDaisy//build/libdaisy.a(usbh_conf.o)
                              ../../libDaisy//build/libdaisy.a(system.o) (hhcd_USB_OTG_HS)
../../libDaisy//build/libdaisy.a(hal_map.o)
                              ../../libDaisy//build/libdaisy.a(gpio.o) (dsy_hal_map_get_port)
../../libDaisy//build/libdaisy.a(stm32h7xx_hal.o)
                              ../../libDaisy//build/libdaisy.a(system.o) (HAL_Init)
../../libDaisy//build/libdaisy.a(stm32h7xx_hal_cortex.o)
                              ../../libDaisy//build/libdaisy.a(stm32h7xx_hal.o) (HAL_NVIC_SetPriorityGrouping)
../../libDaisy//build/libdaisy.a(stm32h7xx_hal_dma.o)
                              ../../libDaisy//build/libdaisy.a(i2c.o) (HAL_DMA_Init)
../../libDaisy//build/libdaisy.a(stm32h7xx_hal_gpio.o)
                              ../../libDaisy//build/libdaisy.a(sdram.o) (HAL_GPIO_Init)
../../libDaisy//build/libdaisy.a(stm32h7xx_hal_hcd.o)
                              ../../libDaisy//build/libdaisy.a(usbh_conf.o) (HAL_HCD_HC_Init)
../../libDaisy//build/libdaisy.a(stm32h7xx_hal_i2c.o)
                              ../../libDaisy//build/libdaisy.a(i2c.o) (HAL_I2C_Init)
../../libDaisy//build/libdaisy.a(stm32h7xx_hal_i2c_ex.o)
                              ../../libDaisy//build/libdaisy.a(i2c.o) (HAL_I2CEx_ConfigAnalogFilter)
../../libDaisy//build/libdaisy.a(stm32h7xx_hal_pcd.o)
                              ../../libDaisy//build/libdaisy.a(usbd_conf.o) (HAL_PCD_Init)
../../libDaisy//build/libdaisy.a(stm32h7xx_hal_pcd_ex.o)
                              ../../libDaisy//build/libdaisy.a(usbd_conf.o) (HAL_PCDEx_SetTxFiFo)
../../libDaisy//build/libdaisy.a(stm32h7xx_hal_pwr_ex.o)
                              ../../libDaisy//build/libdaisy.a(system.o) (HAL_PWREx_ConfigSupply)
../../libDaisy//build/libdaisy.a(stm32h7xx_hal_qspi.o)
                              ../../libDaisy//build/libdaisy.a(qspi.o) (HAL_QSPI_Init)
../../libDaisy//build/libdaisy.a(stm32h7xx_hal_rcc.o)
                              ../../libDaisy//build/libdaisy.a(system.o) (HAL_RCC_OscConfig)
../../libDaisy//build/libdaisy.a(stm32h7xx_hal_rcc_ex.o)
                              ../../libDaisy//build/libdaisy.a(system.o) (HAL_RCCEx_PeriphCLKConfig)
../../libDaisy//build/libdaisy.a(stm32h7xx_hal_sai.o)
                              ../../libDaisy//build/libdaisy.a(sai.o) (HAL_SAI_InitProtocol)
../../libDaisy//build/libdaisy.a(stm32h7xx_hal_sdram.o)
                              ../../libDaisy//build/libdaisy.a(sdram.o) (HAL_SDRAM_Init)
../../libDaisy//build/libdaisy.a(stm32h7xx_ll_fmc.o)
                              ../../libDaisy//build/libdaisy.a(stm32h7xx_hal_sdram.o) (FMC_SDRAM_Init)
[...]
Memory Configuration

Name             Origin             Length             Attributes
FLASH            0x0000000008000000 0x0000000000020000 xr
DTCMRAM          0x0000000020000000 0x0000000000020000 xrw
SRAM             0x0000000024000000 0x0000000000080000 xrw
RAM_D2           0x0000000030000000 0x0000000000048000 xrw
RAM_D3           0x0000000038000000 0x0000000000010000 xrw
BACKUP_SRAM      0x0000000038800000 0x0000000000001000 xrw
ITCMRAM          0x0000000000000000 0x0000000000010000 xrw
SDRAM            0x00000000c0000000 0x0000000004000000 xrw
QSPIFLASH        0x0000000090000000 0x0000000000800000 xr
*default*        0x0000000000000000 0xffffffffffffffff

Linker script and memory map

LOAD /usr/bin/gcc-arm-none-eabi-10-2020-q4-major/bin/../lib/gcc/arm-none-eabi/10.2.1/thumb/v7e-m+dp/hard/crti.o
LOAD /usr/bin/gcc-arm-none-eabi-10-2020-q4-major/bin/../lib/gcc/arm-none-eabi/10.2.1/thumb/v7e-m+dp/hard/crtbegin.o
LOAD /usr/bin/gcc-arm-none-eabi-10-2020-q4-major/bin/../lib/gcc/arm-none-eabi/10.2.1/../../../../arm-none-eabi/lib/thumb/v7e-m+dp/hard/crt0.o
LOAD build/startup_stm32h750xx.o
LOAD build/USB_MIDI.o
LOAD ../../libDaisy//build/libdaisy.a
LOAD /usr/bin/gcc-arm-none-eabi-10-2020-q4-major/bin/../lib/gcc/arm-none-eabi/10.2.1/../../../../arm-none-eabi/lib/thumb/v7e-m+dp/hard/libnosys.a
LOAD ../../DaisySP//build/libdaisysp.a
LOAD /usr/bin/gcc-arm-none-eabi-10-2020-q4-major/bin/../lib/gcc/arm-none-eabi/10.2.1/../../../../arm-none-eabi/lib/thumb/v7e-m+dp/hard/libstdc++_nano.a
LOAD /usr/bin/gcc-arm-none-eabi-10-2020-q4-major/bin/../lib/gcc/arm-none-eabi/10.2.1/../../../../arm-none-eabi/lib/thumb/v7e-m+dp/hard/libm.a
LOAD /usr/bin/gcc-arm-none-eabi-10-2020-q4-major/bin/../lib/gcc/arm-none-eabi/10.2.1/../../../../arm-none-eabi/lib/thumb/v7e-m+dp/hard/libc_nano.a
START GROUP
LOAD /usr/bin/gcc-arm-none-eabi-10-2020-q4-major/bin/../lib/gcc/arm-none-eabi/10.2.1/thumb/v7e-m+dp/hard/libgcc.a
LOAD /usr/bin/gcc-arm-none-eabi-10-2020-q4-major/bin/../lib/gcc/arm-none-eabi/10.2.1/../../../../arm-none-eabi/lib/thumb/v7e-m+dp/hard/libc_nano.a
END GROUP
START GROUP
LOAD /usr/bin/gcc-arm-none-eabi-10-2020-q4-major/bin/../lib/gcc/arm-none-eabi/10.2.1/thumb/v7e-m+dp/hard/libgcc.a
LOAD /usr/bin/gcc-arm-none-eabi-10-2020-q4-major/bin/../lib/gcc/arm-none-eabi/10.2.1/../../../../arm-none-eabi/lib/thumb/v7e-m+dp/hard/libc_nano.a
LOAD /usr/bin/gcc-arm-none-eabi-10-2020-q4-major/bin/../lib/gcc/arm-none-eabi/10.2.1/../../../../arm-none-eabi/lib/thumb/v7e-m+dp/hard/libnosys.a
END GROUP
START GROUP
LOAD /usr/bin/gcc-arm-none-eabi-10-2020-q4-major/bin/../lib/gcc/arm-none-eabi/10.2.1/thumb/v7e-m+dp/hard/libgcc.a
LOAD /usr/bin/gcc-arm-none-eabi-10-2020-q4-major/bin/../lib/gcc/arm-none-eabi/10.2.1/../../../../arm-none-eabi/lib/thumb/v7e-m+dp/hard/libc_nano.a
LOAD /usr/bin/gcc-arm-none-eabi-10-2020-q4-major/bin/../lib/gcc/arm-none-eabi/10.2.1/../../../../arm-none-eabi/lib/thumb/v7e-m+dp/hard/libnosys.a
END GROUP
LOAD /usr/bin/gcc-arm-none-eabi-10-2020-q4-major/bin/../lib/gcc/arm-none-eabi/10.2.1/thumb/v7e-m+dp/hard/crtend.o
LOAD /usr/bin/gcc-arm-none-eabi-10-2020-q4-major/bin/../lib/gcc/arm-none-eabi/10.2.1/thumb/v7e-m+dp/hard/crtn.o
                0x0000000020020000                _estack = 0x20020000

.isr_vector     0x0000000008000000      0x298
                0x0000000008000000                . = ALIGN (0x4)
 *(.isr_vector)
 .isr_vector    0x0000000008000000      0x298 build/startup_stm32h750xx.o
                0x0000000008000000                g_pfnVectors
                0x0000000008000298                . = ALIGN (0x4)

.text           0x00000000080002a0    0x13040
                0x00000000080002a0                . = ALIGN (0x4)
                0x00000000080002a0                _stext = .
 *(.text)
 .text          0x00000000080002a0       0x40 /usr/bin/gcc-arm-none-eabi-10-2020-q4-major/bin/../lib/gcc/arm-none-eabi/10.2.1/thumb/v7e-m+dp/hard/crtbegin.o
 .text          0x00000000080002e0       0xa0 /usr/bin/gcc-arm-none-eabi-10-2020-q4-major/bin/../lib/gcc/arm-none-eabi/10.2.1/../../../../arm-none-eabi/lib/thumb/v7e-m+dp/hard/libc_nano.a(lib_a-memchr.o)
                0x00000000080002e0                memchr
 .text          0x0000000008000380      0x378 /usr/bin/gcc-arm-none-eabi-10-2020-q4-major/bin/../lib/gcc/arm-none-eabi/10.2.1/thumb/v7e-m+dp/hard/libgcc.a(_arm_addsubdf3.o)
                0x0000000008000380                __aeabi_drsub
                0x0000000008000388                __aeabi_dsub
                0x0000000008000388                __subdf3
                0x000000000800038c                __adddf3
                0x000000000800038c                __aeabi_dadd
                0x0000000008000604                __aeabi_ui2d
                0x0000000008000604                __floatunsidf
                0x0000000008000624                __floatsidf
                0x0000000008000624                __aeabi_i2d
                0x0000000008000648                __extendsfdf2
                0x0000000008000648                __aeabi_f2d
                0x000000000800068c                __aeabi_ul2d
                0x000000000800068c                __floatundidf
                0x000000000800069c                __floatdidf
                0x000000000800069c                __aeabi_l2d
 .text          0x00000000080006f8       0x30 /usr/bin/gcc-arm-none-eabi-10-2020-q4-major/bin/../lib/gcc/arm-none-eabi/10.2.1/thumb/v7e-m+dp/hard/libgcc.a(_aeabi_uldivmod.o)
                0x00000000080006f8                __aeabi_uldivmod
 .text          0x0000000008000728      0x2d0 /usr/bin/gcc-arm-none-eabi-10-2020-q4-major/bin/../lib/gcc/arm-none-eabi/10.2.1/thumb/v7e-m+dp/hard/libgcc.a(_udivmoddi4.o)
                0x0000000008000728                __udivmoddi4
 .text          0x00000000080009f8        0x4 /usr/bin/gcc-arm-none-eabi-10-2020-q4-major/bin/../lib/gcc/arm-none-eabi/10.2.1/thumb/v7e-m+dp/hard/libgcc.a(_dvmd_tls.o)
                0x00000000080009f8                __aeabi_ldiv0
                0x00000000080009f8                __aeabi_idiv0
 *(.text*)
 .text.Default_Handler
                0x00000000080009fc        0x4 build/startup_stm32h750xx.o
                0x00000000080009fc                RTC_Alarm_IRQHandler
                0x00000000080009fc                HASH_RNG_IRQHandler
                0x00000000080009fc                EXTI2_IRQHandler
                0x00000000080009fc                TIM8_CC_IRQHandler
                0x00000000080009fc                HRTIM1_Master_IRQHandler
                0x00000000080009fc                DebugMon_Handler
                0x00000000080009fc                TIM1_CC_IRQHandler
                0x00000000080009fc                BDMA_Channel6_IRQHandler
                0x00000000080009fc                DMA2_Stream5_IRQHandler
                0x00000000080009fc                HRTIM1_FLT_IRQHandler
                0x00000000080009fc                JPEG_IRQHandler
                0x00000000080009fc                BDMA_Channel1_IRQHandler
                0x00000000080009fc                HRTIM1_TIMD_IRQHandler
                0x00000000080009fc                TAMP_STAMP_IRQHandler
                0x00000000080009fc                PendSV_Handler
                0x00000000080009fc                NMI_Handler
                0x00000000080009fc                EXTI3_IRQHandler
                0x00000000080009fc                LPTIM4_IRQHandler
                0x00000000080009fc                TIM8_TRG_COM_TIM14_IRQHandler
                0x00000000080009fc                LPTIM2_IRQHandler
                0x00000000080009fc                DFSDM1_FLT1_IRQHandler
                0x00000000080009fc                DMAMUX2_OVR_IRQHandler
                0x00000000080009fc                TIM8_UP_TIM13_IRQHandler
                0x00000000080009fc                I2C3_ER_IRQHandler
                0x00000000080009fc                DFSDM1_FLT2_IRQHandler
                0x00000000080009fc                MDMA_IRQHandler
                0x00000000080009fc                LPTIM3_IRQHandler
                0x00000000080009fc                HSEM1_IRQHandler
                0x00000000080009fc                EXTI0_IRQHandler
                0x00000000080009fc                DMA1_Stream2_IRQHandler
                0x00000000080009fc                FPU_IRQHandler
                0x00000000080009fc                OTG_HS_WKUP_IRQHandler
                0x00000000080009fc                FDCAN1_IT1_IRQHandler
                0x00000000080009fc                UsageFault_Handler
                0x00000000080009fc                LTDC_ER_IRQHandler
                0x00000000080009fc                HRTIM1_TIME_IRQHandler
                0x00000000080009fc                TIM6_DAC_IRQHandler
                0x00000000080009fc                DCMI_IRQHandler
                0x00000000080009fc                HRTIM1_TIMC_IRQHandler
                0x00000000080009fc                SAI2_IRQHandler
                0x00000000080009fc                DFSDM1_FLT3_IRQHandler
                0x00000000080009fc                TIM17_IRQHandler
                0x00000000080009fc                CRYP_IRQHandler
                0x00000000080009fc                BDMA_Channel7_IRQHandler
                0x00000000080009fc                LPTIM5_IRQHandler
                0x00000000080009fc                ADC3_IRQHandler
                0x00000000080009fc                DMA2_Stream0_IRQHandler
                0x00000000080009fc                BDMA_Channel2_IRQHandler
                0x00000000080009fc                DMAMUX1_OVR_IRQHandler
                0x00000000080009fc                TIM16_IRQHandler
                0x00000000080009fc                BDMA_Channel5_IRQHandler
                0x00000000080009fc                RCC_IRQHandler
                0x00000000080009fc                TIM8_BRK_TIM12_IRQHandler
                0x00000000080009fc                TIM1_TRG_COM_IRQHandler
                0x00000000080009fc                Default_Handler
                0x00000000080009fc                ECC_IRQHandler
                0x00000000080009fc                CEC_IRQHandler
                0x00000000080009fc                EXTI15_10_IRQHandler
                0x00000000080009fc                BDMA_Channel0_IRQHandler
                0x00000000080009fc                ADC_IRQHandler
                0x00000000080009fc                DMA1_Stream7_IRQHandler
                0x00000000080009fc                HRTIM1_TIMA_IRQHandler
                0x00000000080009fc                TIM7_IRQHandler
                0x00000000080009fc                SDMMC1_IRQHandler
                0x00000000080009fc                DMA2_Stream7_IRQHandler
                0x00000000080009fc                TIM15_IRQHandler
                0x00000000080009fc                PVD_AVD_IRQHandler
                0x00000000080009fc                EXTI9_5_IRQHandler
                0x00000000080009fc                RTC_WKUP_IRQHandler
                0x00000000080009fc                LTDC_IRQHandler
                0x00000000080009fc                SAI3_IRQHandler
                0x00000000080009fc                ETH_WKUP_IRQHandler
                0x00000000080009fc                SPDIF_RX_IRQHandler
                0x00000000080009fc                MemManage_Handler
                0x00000000080009fc                SVC_Handler
                0x00000000080009fc                CRS_IRQHandler
                0x00000000080009fc                EXTI4_IRQHandler
                0x00000000080009fc                HRTIM1_TIMB_IRQHandler
                0x00000000080009fc                FDCAN2_IT1_IRQHandler
                0x00000000080009fc                ETH_IRQHandler
                0x00000000080009fc                TIM1_UP_IRQHandler
                0x00000000080009fc                BDMA_Channel4_IRQHandler
                0x00000000080009fc                WWDG_IRQHandler
                0x00000000080009fc                SPI6_IRQHandler
                0x00000000080009fc                I2C4_EV_IRQHandler
                0x00000000080009fc                MDIOS_IRQHandler
                0x00000000080009fc                FDCAN2_IT0_IRQHandler
                0x00000000080009fc                FDCAN1_IT0_IRQHandler
                0x00000000080009fc                OTG_FS_WKUP_IRQHandler
                0x00000000080009fc                DMA2D_IRQHandler
                0x00000000080009fc                TIM1_BRK_IRQHandler
                0x00000000080009fc                EXTI1_IRQHandler
                0x00000000080009fc                SDMMC2_IRQHandler
                0x00000000080009fc                BDMA_Channel3_IRQHandler
                0x00000000080009fc                MDIOS_WKUP_IRQHandler
                0x00000000080009fc                DFSDM1_FLT0_IRQHandler
                0x00000000080009fc                SAI4_IRQHandler
                0x00000000080009fc                I2C2_ER_IRQHandler
                0x00000000080009fc                DMA2_Stream1_IRQHandler
                0x00000000080009fc                FLASH_IRQHandler
                0x00000000080009fc                BusFault_Handler
                0x00000000080009fc                WAKEUP_PIN_IRQHandler
                0x00000000080009fc                I2C1_ER_IRQHandler
                0x00000000080009fc                FMC_IRQHandler
                0x00000000080009fc                FDCAN_CAL_IRQHandler
                0x00000000080009fc                SWPMI1_IRQHandler
                0x00000000080009fc                COMP1_IRQHandler
                0x00000000080009fc                LPTIM1_IRQHandler
                0x00000000080009fc                I2C4_ER_IRQHandler
                0x00000000080009fc                DMA2_Stream6_IRQHandler
                0x00000000080009fc                SAI1_IRQHandler
 .text.Reset_Handler
                0x0000000008000a00       0x44 build/startup_stm32h750xx.o
                0x0000000008000a00                Reset_Handler
 .text._ZN5daisy9DaisySeedD2Ev
                0x0000000008000a44        0x4 build/USB_MIDI.o
                0x0000000008000a44                daisy::DaisySeed::~DaisySeed()
                0x0000000008000a44                daisy::DaisySeed::~DaisySeed()
 .text._ZN7daisysp10OscillatorD2Ev
                0x0000000008000a48        0x4 build/USB_MIDI.o
                0x0000000008000a48                daisysp::Oscillator::~Oscillator()
                0x0000000008000a48                daisysp::Oscillator::~Oscillator()
 .text._ZN5daisy11MidiHandlerINS_16MidiUsbTransportEED2Ev
                0x0000000008000a4c        0x4 build/USB_MIDI.o
                0x0000000008000a4c                daisy::MidiHandler<daisy::MidiUsbTransport>::~MidiHandler()
                0x0000000008000a4c                daisy::MidiHandler<daisy::MidiUsbTransport>::~MidiHandler()
 .text._Z13AudioCallbackPKPKfPPfj
                0x0000000008000a50       0x38 build/USB_MIDI.o
                0x0000000008000a50                AudioCallback(float const* const*, float**, unsigned int)
 .text._ZN5daisy11MidiHandlerINS_16MidiUsbTransportEE13ParseCallbackEPhjPv
                0x0000000008000a88       0x74 build/USB_MIDI.o
                0x0000000008000a88                daisy::MidiHandler<daisy::MidiUsbTransport>::ParseCallback(unsigned char*, unsigned int, void*)
 .text.startup.main
                0x0000000008000afc      0x158 build/USB_MIDI.o
                0x0000000008000afc                main
 .text.startup._GLOBAL__sub_I_hw
                0x0000000008000c54       0x78 build/USB_MIDI.o
 .text._ZN5daisy9DaisySeed9ConfigureEv
                0x0000000008000ccc        0x4 ../../libDaisy//build/libdaisy.a(daisy_seed.o)
                0x0000000008000ccc                daisy::DaisySeed::Configure()
 .text._ZN5daisy9DaisySeed10StartAudioEPFvPKPKfPPfjE
                0x0000000008000cd0        0x8 ../../libDaisy//build/libdaisy.a(daisy_seed.o)
                0x0000000008000cd0                daisy::DaisySeed::StartAudio(void (*)(float const* const*, float**, unsigned int))
 .text._ZN5daisy9DaisySeed15AudioSampleRateEv
                0x0000000008000cd8        0x8 ../../libDaisy//build/libdaisy.a(daisy_seed.o)
                0x0000000008000cd8                daisy::DaisySeed::AudioSampleRate()
 .text._ZN5daisy9DaisySeed17CheckBoardVersionEv
                0x0000000008000ce0       0x6c ../../libDaisy//build/libdaisy.a(daisy_seed.o)
                0x0000000008000ce0                daisy::DaisySeed::CheckBoardVersion()
 .text._ZN5daisy9DaisySeed14ConfigureAudioEv
                0x0000000008000d4c      0x10c ../../libDaisy//build/libdaisy.a(daisy_seed.o)
                0x0000000008000d4c                daisy::DaisySeed::ConfigureAudio()
 .text._ZN5daisy9DaisySeed4InitEb
                0x0000000008000e58      0x108 ../../libDaisy//build/libdaisy.a(daisy_seed.o)
                0x0000000008000e58                daisy::DaisySeed::Init(bool)
 .text._ZN5daisy6Ak45564InitE12dsy_gpio_pin
                0x0000000008000f60       0x44 ../../libDaisy//build/libdaisy.a(codec_ak4556.o)
                0x0000000008000f60                daisy::Ak4556::Init(dsy_gpio_pin)
 .text._ZN5daisy6Wm873120WriteControlRegisterEht
                0x0000000008000fa4       0x3c ../../libDaisy//build/libdaisy.a(codec_wm8731.o)
                0x0000000008000fa4                daisy::Wm8731::WriteControlRegister(unsigned char, unsigned short)
 .text._ZN5daisy6Wm87314InitERKNS0_6ConfigENS_9I2CHandleE
                0x0000000008000fe0      0x1bc ../../libDaisy//build/libdaisy.a(codec_wm8731.o)
                0x0000000008000fe0                daisy::Wm8731::Init(daisy::Wm8731::Config const&, daisy::I2CHandle)
 .text._ZN11SdramHandle10DeviceInitEv
                0x000000000800119c       0x98 ../../libDaisy//build/libdaisy.a(sdram.o)
                0x000000000800119c                SdramHandle::DeviceInit()
 .text._ZN11SdramHandle4InitEv
                0x0000000008001234       0x7c ../../libDaisy//build/libdaisy.a(sdram.o)
                0x0000000008001234                SdramHandle::Init()
 .text.HAL_SDRAM_MspInit
                0x00000000080012b0      0x1a8 ../../libDaisy//build/libdaisy.a(sdram.o)
                0x00000000080012b0                HAL_SDRAM_MspInit
 .text._ZN5daisy11AudioHandle4Impl16InternalCallbackEPlS2_j
                0x0000000008001458      0xbbc ../../libDaisy//build/libdaisy.a(audio.o)
                0x0000000008001458                daisy::AudioHandle::Impl::InternalCallback(long*, long*, unsigned int)
 .text._ZN5daisy11AudioHandle4InitERKNS0_6ConfigENS_9SaiHandleE
                0x0000000008002014       0x70 ../../libDaisy//build/libdaisy.a(audio.o)
                0x0000000008002014                daisy::AudioHandle::Init(daisy::AudioHandle::Config const&, daisy::SaiHandle)
 .text._ZNK5daisy11AudioHandle9GetConfigEv
                0x0000000008002084        0x8 ../../libDaisy//build/libdaisy.a(audio.o)
                0x0000000008002084                daisy::AudioHandle::GetConfig() const
 .text._ZN5daisy11AudioHandle13GetSampleRateEv
                0x000000000800208c        0x8 ../../libDaisy//build/libdaisy.a(audio.o)
                0x000000000800208c                daisy::AudioHandle::GetSampleRate()
 .text._ZN5daisy11AudioHandle5StartEPFvPKPKfPPfjE
                0x0000000008002094       0x44 ../../libDaisy//build/libdaisy.a(audio.o)
                0x0000000008002094                daisy::AudioHandle::Start(void (*)(float const* const*, float**, unsigned int))
 .text.startup._GLOBAL__sub_I__ZN5daisy11AudioHandle4Impl4InitENS0_6ConfigENS_9SaiHandleE
                0x00000000080020d8       0x24 ../../libDaisy//build/libdaisy.a(audio.o)
 .text._ZN5daisy10MidiParser5ParseEhPNS_9MidiEventE
                0x00000000080020fc      0x170 ../../libDaisy//build/libdaisy.a(midi_parser.o)
                0x00000000080020fc                daisy::MidiParser::Parse(unsigned char, daisy::MidiEvent*)
 .text._ZN5daisy10MidiParser5ResetEv
                0x000000000800226c        0xc ../../libDaisy//build/libdaisy.a(midi_parser.o)
                0x000000000800226c                daisy::MidiParser::Reset()
 .text._ZN5daisy16MidiUsbTransport4ImplD2Ev
                0x0000000008002278        0x4 ../../libDaisy//build/libdaisy.a(usb_midi.o)
                0x0000000008002278                daisy::MidiUsbTransport::Impl::~Impl()
                0x0000000008002278                daisy::MidiUsbTransport::Impl::~Impl()
 .text._ZN5daisy16MidiUsbTransport4Impl5ParseEv
                0x000000000800227c       0x68 ../../libDaisy//build/libdaisy.a(usb_midi.o)
                0x000000000800227c                daisy::MidiUsbTransport::Impl::Parse()
 .text._Z15ReceiveCallbackPhPm
                0x00000000080022e4       0x9c ../../libDaisy//build/libdaisy.a(usb_midi.o)
                0x00000000080022e4                ReceiveCallback(unsigned char*, unsigned long*)
 .text._ZN5daisy16MidiUsbTransport4InitENS0_6ConfigE
                0x0000000008002380       0x54 ../../libDaisy//build/libdaisy.a(usb_midi.o)
                0x0000000008002380                daisy::MidiUsbTransport::Init(daisy::MidiUsbTransport::Config)
 .text._ZN5daisy16MidiUsbTransport7StartRxEPFvPhjPvES2_
                0x00000000080023d4       0x14 ../../libDaisy//build/libdaisy.a(usb_midi.o)
                0x00000000080023d4                daisy::MidiUsbTransport::StartRx(void (*)(unsigned char*, unsigned int, void*), void*)
 .text._ZN5daisy16MidiUsbTransport8RxActiveEv
                0x00000000080023e8        0x8 ../../libDaisy//build/libdaisy.a(usb_midi.o)
                0x00000000080023e8                daisy::MidiUsbTransport::RxActive()
 .text._ZN5daisy16MidiUsbTransport7FlushRxEv
                0x00000000080023f0        0xc ../../libDaisy//build/libdaisy.a(usb_midi.o)
                0x00000000080023f0                daisy::MidiUsbTransport::FlushRx()
 .text.startup._GLOBAL__sub_I__Z15ReceiveCallbackPhPm
                0x00000000080023fc       0x60 ../../libDaisy//build/libdaisy.a(usb_midi.o)
 .text._ZN5daisy4GPIO4InitENS_3PinENS0_4ModeENS0_4PullENS0_5SpeedE
                0x000000000800245c      0x1cc ../../libDaisy//build/libdaisy.a(gpio.o)
                0x000000000800245c                daisy::GPIO::Init(daisy::Pin, daisy::GPIO::Mode, daisy::GPIO::Pull, daisy::GPIO::Speed)
 .text._ZN5daisy4GPIO4ReadEv
                0x0000000008002628       0x18 ../../libDaisy//build/libdaisy.a(gpio.o)
                0x0000000008002628                daisy::GPIO::Read()
 .text._ZN5daisy4GPIO5WriteEb
                0x0000000008002640       0x14 ../../libDaisy//build/libdaisy.a(gpio.o)
                0x0000000008002640                daisy::GPIO::Write(bool)
 .text.dsy_gpio_init
                0x0000000008002654      0x1b8 ../../libDaisy//build/libdaisy.a(gpio.o)
                0x0000000008002654                dsy_gpio_init
 .text.dsy_gpio_write
                0x000000000800280c       0x24 ../../libDaisy//build/libdaisy.a(gpio.o)
                0x000000000800280c                dsy_gpio_write
 .text._ZN5daisy9I2CHandle4Impl8InitPinsEv
                0x0000000008002830       0x58 ../../libDaisy//build/libdaisy.a(i2c.o)
                0x0000000008002830                daisy::I2CHandle::Impl::InitPins()
 .text.HAL_I2C_MspInit
                0x0000000008002888      0x1b4 ../../libDaisy//build/libdaisy.a(i2c.o)
                0x0000000008002888                HAL_I2C_MspInit
 .text.dsy_i2c_global_init
                0x0000000008002a3c       0x78 ../../libDaisy//build/libdaisy.a(i2c.o)
                0x0000000008002a3c                dsy_i2c_global_init
 .text.DMA1_Stream6_IRQHandler
                0x0000000008002ab4       0x34 ../../libDaisy//build/libdaisy.a(i2c.o)
                0x0000000008002ab4                DMA1_Stream6_IRQHandler
 .text.I2C1_EV_IRQHandler
                0x0000000008002ae8        0xc ../../libDaisy//build/libdaisy.a(i2c.o)
                0x0000000008002ae8                I2C1_EV_IRQHandler
 .text.I2C2_EV_IRQHandler
                0x0000000008002af4        0xc ../../libDaisy//build/libdaisy.a(i2c.o)
                0x0000000008002af4                I2C2_EV_IRQHandler
 .text.I2C3_EV_IRQHandler
                0x0000000008002b00        0xc ../../libDaisy//build/libdaisy.a(i2c.o)
                0x0000000008002b00                I2C3_EV_IRQHandler
 .text._ZN5daisy9I2CHandle4InitERKNS0_6ConfigE
                0x0000000008002b0c      0x12c ../../libDaisy//build/libdaisy.a(i2c.o)
                0x0000000008002b0c                daisy::I2CHandle::Init(daisy::I2CHandle::Config const&)
 .text._ZN5daisy9I2CHandle16TransmitBlockingEtPhtm
                0x0000000008002c38       0x50 ../../libDaisy//build/libdaisy.a(i2c.o)
                0x0000000008002c38                daisy::I2CHandle::TransmitBlocking(unsigned short, unsigned char*, unsigned short, unsigned long)
 .text.startup._GLOBAL__sub_I__ZN5daisy9I2CHandle4Impl10GlobalInitEv
                0x0000000008002c88       0x18 ../../libDaisy//build/libdaisy.a(i2c.o)
 .text._ZN5daisy10QSPIHandle4Impl11WriteEnableEv
                0x0000000008002ca0       0x8c ../../libDaisy//build/libdaisy.a(qspi.o)
                0x0000000008002ca0                daisy::QSPIHandle::Impl::WriteEnable()
 *fill*         0x0000000008002d2c        0x4 
 .text._ZN5daisy10QSPIHandle4Impl17DummyCyclesConfigENS0_6Config6DeviceE
                0x0000000008002d30      0x118 ../../libDaisy//build/libdaisy.a(qspi.o)
                0x0000000008002d30                daisy::QSPIHandle::Impl::DummyCyclesConfig(daisy::QSPIHandle::Config::Device)
 .text._ZN5daisy10QSPIHandle4Impl10QuadEnableEv
                0x0000000008002e48      0x158 ../../libDaisy//build/libdaisy.a(qspi.o)
                0x0000000008002e48                daisy::QSPIHandle::Impl::QuadEnable()
 .text._ZN5daisy10QSPIHandle4InitERKNS0_6ConfigE
                0x0000000008002fa0      0x198 ../../libDaisy//build/libdaisy.a(qspi.o)
                0x0000000008002fa0                daisy::QSPIHandle::Init(daisy::QSPIHandle::Config const&)
 .text.HAL_QSPI_MspInit
                0x0000000008003138      0x11c ../../libDaisy//build/libdaisy.a(qspi.o)
                0x0000000008003138                HAL_QSPI_MspInit
 .text.HAL_QSPI_MspDeInit
                0x0000000008003254       0x54 ../../libDaisy//build/libdaisy.a(qspi.o)
                0x0000000008003254                HAL_QSPI_MspDeInit
 .text.QUADSPI_IRQHandler
                0x00000000080032a8        0xc ../../libDaisy//build/libdaisy.a(qspi.o)
                0x00000000080032a8                QUADSPI_IRQHandler
 .text.startup._GLOBAL__sub_I__ZN5daisy10QSPIHandle4Impl4InitERKNS0_6ConfigE
                0x00000000080032b4       0x28 ../../libDaisy//build/libdaisy.a(qspi.o)
 .text._ZN5daisy9SaiHandle4Impl7InitDmaENS1_15PeripheralBlockE
                0x00000000080032dc       0xa0 ../../libDaisy//build/libdaisy.a(sai.o)
                0x00000000080032dc                daisy::SaiHandle::Impl::InitDma(daisy::SaiHandle::Impl::PeripheralBlock)
 .text._ZN5daisy9SaiHandle4Impl8InitPinsEv
                0x000000000800337c       0xa8 ../../libDaisy//build/libdaisy.a(sai.o)
                0x000000000800337c                daisy::SaiHandle::Impl::InitPins()
 .text.HAL_SAI_MspInit
                0x0000000008003424      0x164 ../../libDaisy//build/libdaisy.a(sai.o)
                0x0000000008003424                HAL_SAI_MspInit
 .text.DMA1_Stream0_IRQHandler
                0x0000000008003588        0xc ../../libDaisy//build/libdaisy.a(sai.o)
                0x0000000008003588                DMA1_Stream0_IRQHandler
 .text.DMA1_Stream1_IRQHandler
                0x0000000008003594        0xc ../../libDaisy//build/libdaisy.a(sai.o)
                0x0000000008003594                DMA1_Stream1_IRQHandler
 .text.DMA1_Stream3_IRQHandler
                0x00000000080035a0        0xc ../../libDaisy//build/libdaisy.a(sai.o)
                0x00000000080035a0                DMA1_Stream3_IRQHandler
 .text.DMA1_Stream4_IRQHandler
                0x00000000080035ac        0xc ../../libDaisy//build/libdaisy.a(sai.o)
                0x00000000080035ac                DMA1_Stream4_IRQHandler
 .text.HAL_SAI_RxHalfCpltCallback
                0x00000000080035b8       0x78 ../../libDaisy//build/libdaisy.a(sai.o)
                0x00000000080035b8                HAL_SAI_RxHalfCpltCallback
 .text.HAL_SAI_RxCpltCallback
                0x0000000008003630       0x70 ../../libDaisy//build/libdaisy.a(sai.o)
                0x0000000008003630                HAL_SAI_RxCpltCallback
 .text._ZN5daisy9SaiHandle4InitERKNS0_6ConfigE
                0x00000000080036a0      0x1f0 ../../libDaisy//build/libdaisy.a(sai.o)
                0x00000000080036a0                daisy::SaiHandle::Init(daisy::SaiHandle::Config const&)
 .text._ZNK5daisy9SaiHandle9GetConfigEv
                0x0000000008003890        0x4 ../../libDaisy//build/libdaisy.a(sai.o)
                0x0000000008003890                daisy::SaiHandle::GetConfig() const
 .text._ZN5daisy9SaiHandle8StartDmaEPlS1_jPFvS1_S1_jE
                0x0000000008003894       0xbc ../../libDaisy//build/libdaisy.a(sai.o)
                0x0000000008003894                daisy::SaiHandle::StartDma(long*, long*, unsigned int, void (*)(long*, long*, unsigned int))
 .text._ZN5daisy9SaiHandle13GetSampleRateEv
                0x0000000008003950       0x24 ../../libDaisy//build/libdaisy.a(sai.o)
                0x0000000008003950                daisy::SaiHandle::GetSampleRate()
 .text._ZNK5daisy9SaiHandle9GetOffsetEv
                0x0000000008003974        0x8 ../../libDaisy//build/libdaisy.a(sai.o)
                0x0000000008003974                daisy::SaiHandle::GetOffset() const
 .text._ZN5daisy11TimerHandleD2Ev
                0x000000000800397c        0x4 ../../libDaisy//build/libdaisy.a(system.o)
                0x000000000800397c                daisy::TimerHandle::~TimerHandle()
                0x000000000800397c                daisy::TimerHandle::~TimerHandle()
 .text.SysTick_Handler
                0x0000000008003980       0x10 ../../libDaisy//build/libdaisy.a(system.o)
                0x0000000008003980                SysTick_Handler
 .text.OTG_HS_EP1_OUT_IRQHandler
                0x0000000008003990       0x24 ../../libDaisy//build/libdaisy.a(system.o)
                0x0000000008003990                OTG_HS_EP1_OUT_IRQHandler
 .text.OTG_HS_EP1_IN_IRQHandler
                0x00000000080039b4       0x24 ../../libDaisy//build/libdaisy.a(system.o)
                0x00000000080039b4                OTG_HS_EP1_IN_IRQHandler
 .text.OTG_HS_IRQHandler
                0x00000000080039d8       0x24 ../../libDaisy//build/libdaisy.a(system.o)
                0x00000000080039d8                OTG_HS_IRQHandler
 .text.HardFault_Handler
                0x00000000080039fc       0xe0 ../../libDaisy//build/libdaisy.a(system.o)
                0x00000000080039fc                HardFault_Handler
 .text._ZN5daisy6System5DelayEm
                0x0000000008003adc        0x4 ../../libDaisy//build/libdaisy.a(system.o)
                0x0000000008003adc                daisy::System::Delay(unsigned long)
 .text._ZN5daisy6System20GetBootloaderVersionEv
                0x0000000008003ae0       0x34 ../../libDaisy//build/libdaisy.a(system.o)
                0x0000000008003ae0                daisy::System::GetBootloaderVersion()
 .text._ZN5daisy6System15ConfigureClocksEv
                0x0000000008003b14      0x194 ../../libDaisy//build/libdaisy.a(system.o)
                0x0000000008003b14                daisy::System::ConfigureClocks()
 .text._ZN5daisy6System12ConfigureMpuEv
                0x0000000008003ca8       0x7c ../../libDaisy//build/libdaisy.a(system.o)
                0x0000000008003ca8                daisy::System::ConfigureMpu()
 .text._ZN5daisy6System4InitERKNS0_6ConfigE
                0x0000000008003d24       0xec ../../libDaisy//build/libdaisy.a(system.o)
                0x0000000008003d24                daisy::System::Init(daisy::System::Config const&)
 .text._ZN5daisy6System12GetPClk1FreqEv
                0x0000000008003e10        0x4 ../../libDaisy//build/libdaisy.a(system.o)
                0x0000000008003e10                daisy::System::GetPClk1Freq()
 .text._ZN5daisy6System22GetProgramMemoryRegionEv
                0x0000000008003e14       0x78 ../../libDaisy//build/libdaisy.a(system.o)
                0x0000000008003e14                daisy::System::GetProgramMemoryRegion()
 .text.startup._GLOBAL__sub_I__ZN5daisy9boot_infoE
                0x0000000008003e8c       0x1c ../../libDaisy//build/libdaisy.a(system.o)
 .text.SystemInit
                0x0000000008003ea8       0x9c ../../libDaisy//build/libdaisy.a(system_stm32h7xx.o)
                0x0000000008003ea8                SystemInit
 .text.HAL_PCD_MspInit
                0x0000000008003f44      0x144 ../../libDaisy//build/libdaisy.a(usbd_conf.o)
                0x0000000008003f44                HAL_PCD_MspInit
 .text.HAL_PCD_SetupStageCallback
                0x0000000008004088        0xc ../../libDaisy//build/libdaisy.a(usbd_conf.o)
                0x0000000008004088                HAL_PCD_SetupStageCallback
 .text.HAL_PCD_DataOutStageCallback
                0x0000000008004094       0x14 ../../libDaisy//build/libdaisy.a(usbd_conf.o)
                0x0000000008004094                HAL_PCD_DataOutStageCallback
 .text.HAL_PCD_DataInStageCallback
                0x00000000080040a8       0x14 ../../libDaisy//build/libdaisy.a(usbd_conf.o)
                0x00000000080040a8                HAL_PCD_DataInStageCallback
 .text.HAL_PCD_SOFCallback
                0x00000000080040bc        0x8 ../../libDaisy//build/libdaisy.a(usbd_conf.o)
                0x00000000080040bc                HAL_PCD_SOFCallback
 .text.HAL_PCD_ResetCallback
                0x00000000080040c4       0x24 ../../libDaisy//build/libdaisy.a(usbd_conf.o)
                0x00000000080040c4                HAL_PCD_ResetCallback
 .text.HAL_PCD_SuspendCallback
                0x00000000080040e8       0x30 ../../libDaisy//build/libdaisy.a(usbd_conf.o)
                0x00000000080040e8                HAL_PCD_SuspendCallback
 .text.HAL_PCD_ResumeCallback
                0x0000000008004118        0x8 ../../libDaisy//build/libdaisy.a(usbd_conf.o)
                0x0000000008004118                HAL_PCD_ResumeCallback
 .text.HAL_PCD_ISOOUTIncompleteCallback
                0x0000000008004120        0x8 ../../libDaisy//build/libdaisy.a(usbd_conf.o)
                0x0000000008004120                HAL_PCD_ISOOUTIncompleteCallback
 .text.HAL_PCD_ISOINIncompleteCallback
                0x0000000008004128        0x8 ../../libDaisy//build/libdaisy.a(usbd_conf.o)
                0x0000000008004128                HAL_PCD_ISOINIncompleteCallback
 .text.HAL_PCD_ConnectCallback
                0x0000000008004130        0x8 ../../libDaisy//build/libdaisy.a(usbd_conf.o)
                0x0000000008004130                HAL_PCD_ConnectCallback
 .text.HAL_PCD_DisconnectCallback
                0x0000000008004138        0x8 ../../libDaisy//build/libdaisy.a(usbd_conf.o)
                0x0000000008004138                HAL_PCD_DisconnectCallback
 .text.USBD_LL_Init
                0x0000000008004140       0xe4 ../../libDaisy//build/libdaisy.a(usbd_conf.o)
                0x0000000008004140                USBD_LL_Init
 .text.USBD_LL_Start
                0x0000000008004224       0x1c ../../libDaisy//build/libdaisy.a(usbd_conf.o)
                0x0000000008004224                USBD_LL_Start
 .text.USBD_LL_OpenEP
                0x0000000008004240       0x24 ../../libDaisy//build/libdaisy.a(usbd_conf.o)
                0x0000000008004240                USBD_LL_OpenEP
 .text.USBD_LL_CloseEP
                0x0000000008004264       0x1c ../../libDaisy//build/libdaisy.a(usbd_conf.o)
                0x0000000008004264                USBD_LL_CloseEP
 .text.USBD_LL_StallEP
                0x0000000008004280       0x1c ../../libDaisy//build/libdaisy.a(usbd_conf.o)
                0x0000000008004280                USBD_LL_StallEP
 .text.USBD_LL_ClearStallEP
                0x000000000800429c       0x1c ../../libDaisy//build/libdaisy.a(usbd_conf.o)
                0x000000000800429c                USBD_LL_ClearStallEP
 .text.USBD_LL_IsStallEP
                0x00000000080042b8       0x28 ../../libDaisy//build/libdaisy.a(usbd_conf.o)
                0x00000000080042b8                USBD_LL_IsStallEP
 .text.USBD_LL_SetUSBAddress
                0x00000000080042e0       0x1c ../../libDaisy//build/libdaisy.a(usbd_conf.o)
                0x00000000080042e0                USBD_LL_SetUSBAddress
 .text.USBD_LL_Transmit
                0x00000000080042fc       0x1c ../../libDaisy//build/libdaisy.a(usbd_conf.o)
                0x00000000080042fc                USBD_LL_Transmit
 .text.USBD_LL_PrepareReceive
                0x0000000008004318       0x1c ../../libDaisy//build/libdaisy.a(usbd_conf.o)
                0x0000000008004318                USBD_LL_PrepareReceive
 .text.USBD_LL_GetRxDataSize
                0x0000000008004334        0x8 ../../libDaisy//build/libdaisy.a(usbd_conf.o)
                0x0000000008004334                USBD_LL_GetRxDataSize
 .text.HAL_HCD_SOF_Callback
                0x000000000800433c        0x8 ../../libDaisy//build/libdaisy.a(usbh_conf.o)
                0x000000000800433c                HAL_HCD_SOF_Callback
 .text.HAL_HCD_Connect_Callback
                0x0000000008004344        0x8 ../../libDaisy//build/libdaisy.a(usbh_conf.o)
                0x0000000008004344                HAL_HCD_Connect_Callback
 .text.HAL_HCD_Disconnect_Callback
                0x000000000800434c        0x8 ../../libDaisy//build/libdaisy.a(usbh_conf.o)
                0x000000000800434c                HAL_HCD_Disconnect_Callback
 .text.HAL_HCD_HC_NotifyURBChange_Callback
                0x0000000008004354        0x4 ../../libDaisy//build/libdaisy.a(usbh_conf.o)
                0x0000000008004354                HAL_HCD_HC_NotifyURBChange_Callback
 .text.HAL_HCD_PortEnabled_Callback
                0x0000000008004358        0x8 ../../libDaisy//build/libdaisy.a(usbh_conf.o)
                0x0000000008004358                HAL_HCD_PortEnabled_Callback
 .text.HAL_HCD_PortDisabled_Callback
                0x0000000008004360        0x8 ../../libDaisy//build/libdaisy.a(usbh_conf.o)
                0x0000000008004360                HAL_HCD_PortDisabled_Callback
 .text.USBH_LL_Stop
                0x0000000008004368       0x1c ../../libDaisy//build/libdaisy.a(usbh_conf.o)
                0x0000000008004368                USBH_LL_Stop
 .text.dsy_hal_map_get_port
                0x0000000008004384       0x10 ../../libDaisy//build/libdaisy.a(hal_map.o)
                0x0000000008004384                dsy_hal_map_get_port
 .text.dsy_hal_map_get_pin
                0x0000000008004394       0x10 ../../libDaisy//build/libdaisy.a(hal_map.o)
                0x0000000008004394                dsy_hal_map_get_pin
 .text.dsy_hal_map_gpio_clk_enable
                0x00000000080043a4      0x150 ../../libDaisy//build/libdaisy.a(hal_map.o)
                0x00000000080043a4                dsy_hal_map_gpio_clk_enable
 .text.HAL_MspInit
                0x00000000080044f4        0x4 ../../libDaisy//build/libdaisy.a(stm32h7xx_hal.o)
                0x00000000080044f4                HAL_MspInit
 .text.HAL_InitTick
                0x00000000080044f8       0x4c ../../libDaisy//build/libdaisy.a(stm32h7xx_hal.o)
                0x00000000080044f8                HAL_InitTick
 .text.HAL_Init
                0x0000000008004544       0x60 ../../libDaisy//build/libdaisy.a(stm32h7xx_hal.o)
                0x0000000008004544                HAL_Init
 .text.HAL_IncTick
                0x00000000080045a4       0x18 ../../libDaisy//build/libdaisy.a(stm32h7xx_hal.o)
                0x00000000080045a4                HAL_IncTick
 .text.HAL_GetTick
                0x00000000080045bc        0xc ../../libDaisy//build/libdaisy.a(stm32h7xx_hal.o)
                0x00000000080045bc                HAL_GetTick
 .text.HAL_Delay
                0x00000000080045c8       0x24 ../../libDaisy//build/libdaisy.a(stm32h7xx_hal.o)
                0x00000000080045c8                HAL_Delay
 .text.HAL_GetREVID
                0x00000000080045ec        0xc ../../libDaisy//build/libdaisy.a(stm32h7xx_hal.o)
                0x00000000080045ec                HAL_GetREVID
 .text.HAL_NVIC_SetPriorityGrouping
                0x00000000080045f8       0x24 ../../libDaisy//build/libdaisy.a(stm32h7xx_hal_cortex.o)
                0x00000000080045f8                HAL_NVIC_SetPriorityGrouping
 .text.HAL_NVIC_SetPriority
                0x000000000800461c       0x7c ../../libDaisy//build/libdaisy.a(stm32h7xx_hal_cortex.o)
                0x000000000800461c                HAL_NVIC_SetPriority
 .text.HAL_NVIC_EnableIRQ
                0x0000000008004698       0x1c ../../libDaisy//build/libdaisy.a(stm32h7xx_hal_cortex.o)
                0x0000000008004698                HAL_NVIC_EnableIRQ
 .text.HAL_NVIC_DisableIRQ
                0x00000000080046b4       0x28 ../../libDaisy//build/libdaisy.a(stm32h7xx_hal_cortex.o)
                0x00000000080046b4                HAL_NVIC_DisableIRQ
 .text.HAL_SYSTICK_Config
                0x00000000080046dc       0x2c ../../libDaisy//build/libdaisy.a(stm32h7xx_hal_cortex.o)
                0x00000000080046dc                HAL_SYSTICK_Config
 .text.HAL_MPU_Disable
                0x0000000008004708       0x1c ../../libDaisy//build/libdaisy.a(stm32h7xx_hal_cortex.o)
                0x0000000008004708                HAL_MPU_Disable
 .text.HAL_MPU_Enable
                0x0000000008004724       0x20 ../../libDaisy//build/libdaisy.a(stm32h7xx_hal_cortex.o)
                0x0000000008004724                HAL_MPU_Enable
 .text.HAL_MPU_ConfigRegion
                0x0000000008004744       0x64 ../../libDaisy//build/libdaisy.a(stm32h7xx_hal_cortex.o)
                0x0000000008004744                HAL_MPU_ConfigRegion
 .text.HAL_SYSTICK_Callback
                0x00000000080047a8        0x4 ../../libDaisy//build/libdaisy.a(stm32h7xx_hal_cortex.o)
                0x00000000080047a8                HAL_SYSTICK_Callback
 .text.HAL_SYSTICK_IRQHandler
                0x00000000080047ac        0x8 ../../libDaisy//build/libdaisy.a(stm32h7xx_hal_cortex.o)
                0x00000000080047ac                HAL_SYSTICK_IRQHandler
 .text.DMA_CalcBaseAndBitshift
                0x00000000080047b4       0xf4 ../../libDaisy//build/libdaisy.a(stm32h7xx_hal_dma.o)
 .text.DMA_CalcDMAMUXChannelBaseAndMask
                0x00000000080048a8       0xd8 ../../libDaisy//build/libdaisy.a(stm32h7xx_hal_dma.o)
 .text.HAL_DMA_Init
                0x0000000008004980      0x37c ../../libDaisy//build/libdaisy.a(stm32h7xx_hal_dma.o)
                0x0000000008004980                HAL_DMA_Init
 .text.HAL_DMA_Start_IT
                0x0000000008004cfc      0x240 ../../libDaisy//build/libdaisy.a(stm32h7xx_hal_dma.o)
                0x0000000008004cfc                HAL_DMA_Start_IT
 .text.HAL_DMA_Abort_IT
                0x0000000008004f3c      0x134 ../../libDaisy//build/libdaisy.a(stm32h7xx_hal_dma.o)
                0x0000000008004f3c                HAL_DMA_Abort_IT
 .text.HAL_DMA_IRQHandler
                0x0000000008005070      0x6a0 ../../libDaisy//build/libdaisy.a(stm32h7xx_hal_dma.o)
                0x0000000008005070                HAL_DMA_IRQHandler
 .text.HAL_DMA_GetError
                0x0000000008005710        0x4 ../../libDaisy//build/libdaisy.a(stm32h7xx_hal_dma.o)
                0x0000000008005710                HAL_DMA_GetError
 .text.HAL_GPIO_Init
                0x0000000008005714      0x280 ../../libDaisy//build/libdaisy.a(stm32h7xx_hal_gpio.o)
                0x0000000008005714                HAL_GPIO_Init
 .text.HAL_GPIO_DeInit
                0x0000000008005994      0x190 ../../libDaisy//build/libdaisy.a(stm32h7xx_hal_gpio.o)
                0x0000000008005994                HAL_GPIO_DeInit
 .text.HAL_GPIO_ReadPin
                0x0000000008005b24        0xc ../../libDaisy//build/libdaisy.a(stm32h7xx_hal_gpio.o)
                0x0000000008005b24                HAL_GPIO_ReadPin
 .text.HAL_GPIO_WritePin
                0x0000000008005b30        0x8 ../../libDaisy//build/libdaisy.a(stm32h7xx_hal_gpio.o)
                0x0000000008005b30                HAL_GPIO_WritePin
 .text.HAL_HCD_IRQHandler
                0x0000000008005b38      0x780 ../../libDaisy//build/libdaisy.a(stm32h7xx_hal_hcd.o)
                0x0000000008005b38                HAL_HCD_IRQHandler
 .text.HAL_HCD_Stop
                0x00000000080062b8       0x28 ../../libDaisy//build/libdaisy.a(stm32h7xx_hal_hcd.o)
                0x00000000080062b8                HAL_HCD_Stop
 .text.I2C_WaitOnTXISFlagUntilTimeout
                0x00000000080062e0       0xb8 ../../libDaisy//build/libdaisy.a(stm32h7xx_hal_i2c.o)
 .text.I2C_WaitOnSTOPFlagUntilTimeout
                0x0000000008006398       0xac ../../libDaisy//build/libdaisy.a(stm32h7xx_hal_i2c.o)
 .text.HAL_I2C_Init
                0x0000000008006444       0xac ../../libDaisy//build/libdaisy.a(stm32h7xx_hal_i2c.o)
                0x0000000008006444                HAL_I2C_Init
 .text.HAL_I2C_Master_Transmit
                0x00000000080064f0      0x1a8 ../../libDaisy//build/libdaisy.a(stm32h7xx_hal_i2c.o)
                0x00000000080064f0                HAL_I2C_Master_Transmit
 .text.HAL_I2C_Slave_Transmit
                0x0000000008006698      0x1c8 ../../libDaisy//build/libdaisy.a(stm32h7xx_hal_i2c.o)
                0x0000000008006698                HAL_I2C_Slave_Transmit
 .text.HAL_I2C_EV_IRQHandler
                0x0000000008006860       0x10 ../../libDaisy//build/libdaisy.a(stm32h7xx_hal_i2c.o)
                0x0000000008006860                HAL_I2C_EV_IRQHandler
 .text.HAL_I2C_GetState
                0x0000000008006870        0x8 ../../libDaisy//build/libdaisy.a(stm32h7xx_hal_i2c.o)
                0x0000000008006870                HAL_I2C_GetState
 .text.HAL_I2CEx_ConfigAnalogFilter
                0x0000000008006878       0x54 ../../libDaisy//build/libdaisy.a(stm32h7xx_hal_i2c_ex.o)
                0x0000000008006878                HAL_I2CEx_ConfigAnalogFilter
 .text.HAL_I2CEx_ConfigDigitalFilter
                0x00000000080068cc       0x58 ../../libDaisy//build/libdaisy.a(stm32h7xx_hal_i2c_ex.o)
                0x00000000080068cc                HAL_I2CEx_ConfigDigitalFilter
 .text.HAL_PCD_Init
                0x0000000008006924      0x12c ../../libDaisy//build/libdaisy.a(stm32h7xx_hal_pcd.o)
                0x0000000008006924                HAL_PCD_Init
 .text.HAL_PCD_Start
                0x0000000008006a50       0x44 ../../libDaisy//build/libdaisy.a(stm32h7xx_hal_pcd.o)
                0x0000000008006a50                HAL_PCD_Start
 .text.HAL_PCD_IRQHandler
                0x0000000008006a94      0x69c ../../libDaisy//build/libdaisy.a(stm32h7xx_hal_pcd.o)
                0x0000000008006a94                HAL_PCD_IRQHandler
 .text.HAL_PCD_SetAddress
                0x0000000008007130       0x2c ../../libDaisy//build/libdaisy.a(stm32h7xx_hal_pcd.o)
                0x0000000008007130                HAL_PCD_SetAddress
 .text.HAL_PCD_EP_Open
                0x000000000800715c       0x7c ../../libDaisy//build/libdaisy.a(stm32h7xx_hal_pcd.o)
                0x000000000800715c                HAL_PCD_EP_Open
 .text.HAL_PCD_EP_Close
                0x00000000080071d8       0x6c ../../libDaisy//build/libdaisy.a(stm32h7xx_hal_pcd.o)
                0x00000000080071d8                HAL_PCD_EP_Close
 .text.HAL_PCD_EP_Receive
                0x0000000008007244       0x50 ../../libDaisy//build/libdaisy.a(stm32h7xx_hal_pcd.o)
                0x0000000008007244                HAL_PCD_EP_Receive
 .text.HAL_PCD_EP_GetRxCount
                0x0000000008007294       0x14 ../../libDaisy//build/libdaisy.a(stm32h7xx_hal_pcd.o)
                0x0000000008007294                HAL_PCD_EP_GetRxCount
 .text.HAL_PCD_EP_Transmit
                0x00000000080072a8       0x50 ../../libDaisy//build/libdaisy.a(stm32h7xx_hal_pcd.o)
                0x00000000080072a8                HAL_PCD_EP_Transmit
 .text.HAL_PCD_EP_SetStall
                0x00000000080072f8       0x88 ../../libDaisy//build/libdaisy.a(stm32h7xx_hal_pcd.o)
                0x00000000080072f8                HAL_PCD_EP_SetStall
 .text.HAL_PCD_EP_ClrStall
                0x0000000008007380       0x78 ../../libDaisy//build/libdaisy.a(stm32h7xx_hal_pcd.o)
                0x0000000008007380                HAL_PCD_EP_ClrStall
 .text.HAL_PCDEx_SetTxFiFo
                0x00000000080073f8       0x54 ../../libDaisy//build/libdaisy.a(stm32h7xx_hal_pcd_ex.o)
                0x00000000080073f8                HAL_PCDEx_SetTxFiFo
 .text.HAL_PCDEx_SetRxFiFo
                0x000000000800744c        0xc ../../libDaisy//build/libdaisy.a(stm32h7xx_hal_pcd_ex.o)
                0x000000000800744c                HAL_PCDEx_SetRxFiFo
 .text.HAL_PCDEx_ActivateLPM
                0x0000000008007458       0x30 ../../libDaisy//build/libdaisy.a(stm32h7xx_hal_pcd_ex.o)
                0x0000000008007458                HAL_PCDEx_ActivateLPM
 .text.HAL_PCDEx_LPM_Callback
                0x0000000008007488        0x4 ../../libDaisy//build/libdaisy.a(stm32h7xx_hal_pcd_ex.o)
                0x0000000008007488                HAL_PCDEx_LPM_Callback
 .text.HAL_PWREx_ConfigSupply
                0x000000000800748c       0x4c ../../libDaisy//build/libdaisy.a(stm32h7xx_hal_pwr_ex.o)
                0x000000000800748c                HAL_PWREx_ConfigSupply
 .text.HAL_PWREx_EnableUSBVoltageDetector
                0x00000000080074d8       0x10 ../../libDaisy//build/libdaisy.a(stm32h7xx_hal_pwr_ex.o)
                0x00000000080074d8                HAL_PWREx_EnableUSBVoltageDetector
 .text.QSPI_Config
                0x00000000080074e8      0x174 ../../libDaisy//build/libdaisy.a(stm32h7xx_hal_qspi.o)
 .text.HAL_QSPI_Init
                0x000000000800765c       0xd8 ../../libDaisy//build/libdaisy.a(stm32h7xx_hal_qspi.o)
                0x000000000800765c                HAL_QSPI_Init
 .text.HAL_QSPI_DeInit
                0x0000000008007734       0x3c ../../libDaisy//build/libdaisy.a(stm32h7xx_hal_qspi.o)
                0x0000000008007734                HAL_QSPI_DeInit
 .text.HAL_QSPI_Command
                0x0000000008007770       0xd4 ../../libDaisy//build/libdaisy.a(stm32h7xx_hal_qspi.o)
                0x0000000008007770                HAL_QSPI_Command
 .text.HAL_QSPI_Transmit
                0x0000000008007844       0xfc ../../libDaisy//build/libdaisy.a(stm32h7xx_hal_qspi.o)
                0x0000000008007844                HAL_QSPI_Transmit
 .text.HAL_QSPI_Receive
                0x0000000008007940      0x108 ../../libDaisy//build/libdaisy.a(stm32h7xx_hal_qspi.o)
                0x0000000008007940                HAL_QSPI_Receive
 .text.HAL_QSPI_AutoPolling
                0x0000000008007a48       0xf0 ../../libDaisy//build/libdaisy.a(stm32h7xx_hal_qspi.o)
                0x0000000008007a48                HAL_QSPI_AutoPolling
 .text.HAL_QSPI_MemoryMapped
                0x0000000008007b38       0xc0 ../../libDaisy//build/libdaisy.a(stm32h7xx_hal_qspi.o)
                0x0000000008007b38                HAL_QSPI_MemoryMapped
 .text.HAL_QSPI_ErrorCallback
                0x0000000008007bf8        0x4 ../../libDaisy//build/libdaisy.a(stm32h7xx_hal_qspi.o)
                0x0000000008007bf8                HAL_QSPI_ErrorCallback
 .text.QSPI_DMAAbortCplt
                0x0000000008007bfc       0x38 ../../libDaisy//build/libdaisy.a(stm32h7xx_hal_qspi.o)
 .text.HAL_QSPI_AbortCpltCallback
                0x0000000008007c34        0x4 ../../libDaisy//build/libdaisy.a(stm32h7xx_hal_qspi.o)
                0x0000000008007c34                HAL_QSPI_AbortCpltCallback
 .text.HAL_QSPI_CmdCpltCallback
                0x0000000008007c38        0x4 ../../libDaisy//build/libdaisy.a(stm32h7xx_hal_qspi.o)
                0x0000000008007c38                HAL_QSPI_CmdCpltCallback
 .text.HAL_QSPI_RxCpltCallback
                0x0000000008007c3c        0x4 ../../libDaisy//build/libdaisy.a(stm32h7xx_hal_qspi.o)
                0x0000000008007c3c                HAL_QSPI_RxCpltCallback
 .text.HAL_QSPI_TxCpltCallback
                0x0000000008007c40        0x4 ../../libDaisy//build/libdaisy.a(stm32h7xx_hal_qspi.o)
                0x0000000008007c40                HAL_QSPI_TxCpltCallback
 .text.HAL_QSPI_FifoThresholdCallback
                0x0000000008007c44        0x4 ../../libDaisy//build/libdaisy.a(stm32h7xx_hal_qspi.o)
                0x0000000008007c44                HAL_QSPI_FifoThresholdCallback
 .text.HAL_QSPI_StatusMatchCallback
                0x0000000008007c48        0x4 ../../libDaisy//build/libdaisy.a(stm32h7xx_hal_qspi.o)
                0x0000000008007c48                HAL_QSPI_StatusMatchCallback
 .text.HAL_QSPI_TimeOutCallback
                0x0000000008007c4c        0x4 ../../libDaisy//build/libdaisy.a(stm32h7xx_hal_qspi.o)
                0x0000000008007c4c                HAL_QSPI_TimeOutCallback
 .text.HAL_QSPI_IRQHandler
                0x0000000008007c50      0x210 ../../libDaisy//build/libdaisy.a(stm32h7xx_hal_qspi.o)
                0x0000000008007c50                HAL_QSPI_IRQHandler
 .text.HAL_RCC_OscConfig
                0x0000000008007e60      0x51c ../../libDaisy//build/libdaisy.a(stm32h7xx_hal_rcc.o)
                0x0000000008007e60                HAL_RCC_OscConfig
 .text.HAL_RCC_GetSysClockFreq
                0x000000000800837c      0x140 ../../libDaisy//build/libdaisy.a(stm32h7xx_hal_rcc.o)
                0x000000000800837c                HAL_RCC_GetSysClockFreq
 .text.HAL_RCC_ClockConfig
                0x00000000080084bc      0x234 ../../libDaisy//build/libdaisy.a(stm32h7xx_hal_rcc.o)
                0x00000000080084bc                HAL_RCC_ClockConfig
 .text.HAL_RCC_GetHCLKFreq
                0x00000000080086f0       0x2c ../../libDaisy//build/libdaisy.a(stm32h7xx_hal_rcc.o)
                0x00000000080086f0                HAL_RCC_GetHCLKFreq
 .text.HAL_RCC_GetPCLK1Freq
                0x000000000800871c       0x38 ../../libDaisy//build/libdaisy.a(stm32h7xx_hal_rcc.o)
                0x000000000800871c                HAL_RCC_GetPCLK1Freq
 .text.HAL_RCC_GetPCLK2Freq
                0x0000000008008754       0x38 ../../libDaisy//build/libdaisy.a(stm32h7xx_hal_rcc.o)
                0x0000000008008754                HAL_RCC_GetPCLK2Freq
 .text.RCCEx_PLL2_Config
                0x000000000800878c       0xf4 ../../libDaisy//build/libdaisy.a(stm32h7xx_hal_rcc_ex.o)
 .text.RCCEx_PLL3_Config
                0x0000000008008880       0xf4 ../../libDaisy//build/libdaisy.a(stm32h7xx_hal_rcc_ex.o)
 .text.HAL_RCCEx_PeriphCLKConfig
                0x0000000008008974      0xa7c ../../libDaisy//build/libdaisy.a(stm32h7xx_hal_rcc_ex.o)
                0x0000000008008974                HAL_RCCEx_PeriphCLKConfig
 .text.HAL_RCCEx_GetD3PCLK1Freq
                0x00000000080093f0       0x24 ../../libDaisy//build/libdaisy.a(stm32h7xx_hal_rcc_ex.o)
                0x00000000080093f0                HAL_RCCEx_GetD3PCLK1Freq
 .text.HAL_RCCEx_GetPLL2ClockFreq
                0x0000000008009414      0x17c ../../libDaisy//build/libdaisy.a(stm32h7xx_hal_rcc_ex.o)
                0x0000000008009414                HAL_RCCEx_GetPLL2ClockFreq
 .text.HAL_RCCEx_GetPLL3ClockFreq
                0x0000000008009590      0x17c ../../libDaisy//build/libdaisy.a(stm32h7xx_hal_rcc_ex.o)
                0x0000000008009590                HAL_RCCEx_GetPLL3ClockFreq
 .text.HAL_RCCEx_GetPLL1ClockFreq
                0x000000000800970c      0x17c ../../libDaisy//build/libdaisy.a(stm32h7xx_hal_rcc_ex.o)
                0x000000000800970c                HAL_RCCEx_GetPLL1ClockFreq
 .text.HAL_RCCEx_GetPeriphCLKFreq
                0x0000000008009888      0x198 ../../libDaisy//build/libdaisy.a(stm32h7xx_hal_rcc_ex.o)
                0x0000000008009888                HAL_RCCEx_GetPeriphCLKFreq
 .text.HAL_RCCEx_GetD1SysClockFreq
                0x0000000008009a20       0x2c ../../libDaisy//build/libdaisy.a(stm32h7xx_hal_rcc_ex.o)
                0x0000000008009a20                HAL_RCCEx_GetD1SysClockFreq
 .text.HAL_SAI_Init.part.0
                0x0000000008009a4c      0x348 ../../libDaisy//build/libdaisy.a(stm32h7xx_hal_sai.o)
 .text.HAL_SAI_InitProtocol
                0x0000000008009d94      0x178 ../../libDaisy//build/libdaisy.a(stm32h7xx_hal_sai.o)
                0x0000000008009d94                HAL_SAI_InitProtocol
 .text.HAL_SAI_Transmit_DMA
                0x0000000008009f0c      0x124 ../../libDaisy//build/libdaisy.a(stm32h7xx_hal_sai.o)
                0x0000000008009f0c                HAL_SAI_Transmit_DMA
 .text.HAL_SAI_Receive_DMA
                0x000000000800a030       0xd0 ../../libDaisy//build/libdaisy.a(stm32h7xx_hal_sai.o)
                0x000000000800a030                HAL_SAI_Receive_DMA
 .text.HAL_SAI_TxCpltCallback
                0x000000000800a100        0x4 ../../libDaisy//build/libdaisy.a(stm32h7xx_hal_sai.o)
                0x000000000800a100                HAL_SAI_TxCpltCallback
 .text.SAI_DMATxCplt
                0x000000000800a104       0x64 ../../libDaisy//build/libdaisy.a(stm32h7xx_hal_sai.o)
 .text.HAL_SAI_TxHalfCpltCallback
                0x000000000800a168        0x4 ../../libDaisy//build/libdaisy.a(stm32h7xx_hal_sai.o)
                0x000000000800a168                HAL_SAI_TxHalfCpltCallback
 .text.SAI_DMATxHalfCplt
                0x000000000800a16c        0xc ../../libDaisy//build/libdaisy.a(stm32h7xx_hal_sai.o)
 .text.SAI_DMARxCplt
                0x000000000800a178       0x64 ../../libDaisy//build/libdaisy.a(stm32h7xx_hal_sai.o)
 .text.SAI_DMARxHalfCplt
                0x000000000800a1dc        0xc ../../libDaisy//build/libdaisy.a(stm32h7xx_hal_sai.o)
 .text.HAL_SAI_ErrorCallback
                0x000000000800a1e8        0x4 ../../libDaisy//build/libdaisy.a(stm32h7xx_hal_sai.o)
                0x000000000800a1e8                HAL_SAI_ErrorCallback
 .text.SAI_DMAError
                0x000000000800a1ec       0x6c ../../libDaisy//build/libdaisy.a(stm32h7xx_hal_sai.o)
 .text.HAL_SDRAM_Init
                0x000000000800a258       0x54 ../../libDaisy//build/libdaisy.a(stm32h7xx_hal_sdram.o)
                0x000000000800a258                HAL_SDRAM_Init
 .text.HAL_SDRAM_SendCommand
                0x000000000800a2ac       0x40 ../../libDaisy//build/libdaisy.a(stm32h7xx_hal_sdram.o)
                0x000000000800a2ac                HAL_SDRAM_SendCommand
 .text.HAL_SDRAM_ProgramRefreshRate
                0x000000000800a2ec       0x30 ../../libDaisy//build/libdaisy.a(stm32h7xx_hal_sdram.o)
                0x000000000800a2ec                HAL_SDRAM_ProgramRefreshRate
 .text.FMC_SDRAM_Init
                0x000000000800a31c       0x7c ../../libDaisy//build/libdaisy.a(stm32h7xx_ll_fmc.o)
                0x000000000800a31c                FMC_SDRAM_Init
 .text.FMC_SDRAM_Timing_Init
                0x000000000800a398       0x98 ../../libDaisy//build/libdaisy.a(stm32h7xx_ll_fmc.o)
                0x000000000800a398                FMC_SDRAM_Timing_Init
 .text.FMC_SDRAM_SendCommand
                0x000000000800a430       0x28 ../../libDaisy//build/libdaisy.a(stm32h7xx_ll_fmc.o)
                0x000000000800a430                FMC_SDRAM_SendCommand
 .text.FMC_SDRAM_ProgramRefreshRate
                0x000000000800a458       0x1c ../../libDaisy//build/libdaisy.a(stm32h7xx_ll_fmc.o)
                0x000000000800a458                FMC_SDRAM_ProgramRefreshRate
 .text.USB_CoreInit
                0x000000000800a474      0x124 ../../libDaisy//build/libdaisy.a(stm32h7xx_ll_usb.o)
                0x000000000800a474                USB_CoreInit
 .text.USB_SetTurnaroundTime
                0x000000000800a598      0x104 ../../libDaisy//build/libdaisy.a(stm32h7xx_ll_usb.o)
                0x000000000800a598                USB_SetTurnaroundTime
 .text.USB_EnableGlobalInt
                0x000000000800a69c       0x10 ../../libDaisy//build/libdaisy.a(stm32h7xx_ll_usb.o)
                0x000000000800a69c                USB_EnableGlobalInt
 .text.USB_DisableGlobalInt
                0x000000000800a6ac       0x10 ../../libDaisy//build/libdaisy.a(stm32h7xx_ll_usb.o)
                0x000000000800a6ac                USB_DisableGlobalInt
 .text.USB_SetCurrentMode
                0x000000000800a6bc       0x30 ../../libDaisy//build/libdaisy.a(stm32h7xx_ll_usb.o)
                0x000000000800a6bc                USB_SetCurrentMode
 .text.USB_DevInit
                0x000000000800a6ec      0x20c ../../libDaisy//build/libdaisy.a(stm32h7xx_ll_usb.o)
                0x000000000800a6ec                USB_DevInit
 .text.USB_FlushTxFifo
                0x000000000800a8f8       0x34 ../../libDaisy//build/libdaisy.a(stm32h7xx_ll_usb.o)
                0x000000000800a8f8                USB_FlushTxFifo
 .text.USB_GetDevSpeed
                0x000000000800a92c       0x24 ../../libDaisy//build/libdaisy.a(stm32h7xx_ll_usb.o)
                0x000000000800a92c                USB_GetDevSpeed
 .text.USB_ActivateEndpoint
                0x000000000800a950       0x90 ../../libDaisy//build/libdaisy.a(stm32h7xx_ll_usb.o)
                0x000000000800a950                USB_ActivateEndpoint
 .text.USB_DeactivateEndpoint
                0x000000000800a9e0       0x84 ../../libDaisy//build/libdaisy.a(stm32h7xx_ll_usb.o)
                0x000000000800a9e0                USB_DeactivateEndpoint
 .text.USB_EPStartXfer
                0x000000000800aa64      0x230 ../../libDaisy//build/libdaisy.a(stm32h7xx_ll_usb.o)
                0x000000000800aa64                USB_EPStartXfer
 .text.USB_EP0StartXfer
                0x000000000800ac94      0x174 ../../libDaisy//build/libdaisy.a(stm32h7xx_ll_usb.o)
                0x000000000800ac94                USB_EP0StartXfer
 .text.USB_WritePacket
                0x000000000800ae08       0x2c ../../libDaisy//build/libdaisy.a(stm32h7xx_ll_usb.o)
                0x000000000800ae08                USB_WritePacket
 .text.USB_ReadPacket
                0x000000000800ae34       0x20 ../../libDaisy//build/libdaisy.a(stm32h7xx_ll_usb.o)
                0x000000000800ae34                USB_ReadPacket
 .text.USB_EPSetStall
                0x000000000800ae54       0x68 ../../libDaisy//build/libdaisy.a(stm32h7xx_ll_usb.o)
                0x000000000800ae54                USB_EPSetStall
 .text.USB_EPClearStall
                0x000000000800aebc       0x58 ../../libDaisy//build/libdaisy.a(stm32h7xx_ll_usb.o)
                0x000000000800aebc                USB_EPClearStall
 .text.USB_SetDevAddress
                0x000000000800af14       0x24 ../../libDaisy//build/libdaisy.a(stm32h7xx_ll_usb.o)
                0x000000000800af14                USB_SetDevAddress
 .text.USB_DevConnect
                0x000000000800af38       0x1c ../../libDaisy//build/libdaisy.a(stm32h7xx_ll_usb.o)
                0x000000000800af38                USB_DevConnect
 .text.USB_DevDisconnect
                0x000000000800af54       0x1c ../../libDaisy//build/libdaisy.a(stm32h7xx_ll_usb.o)
                0x000000000800af54                USB_DevDisconnect
 .text.USB_ReadInterrupts
                0x000000000800af70       0x14 ../../libDaisy//build/libdaisy.a(stm32h7xx_ll_usb.o)
                0x000000000800af70                USB_ReadInterrupts
 .text.USB_ReadDevAllOutEpInterrupt
                0x000000000800af84       0x1c ../../libDaisy//build/libdaisy.a(stm32h7xx_ll_usb.o)
                0x000000000800af84                USB_ReadDevAllOutEpInterrupt
 .text.USB_ReadDevAllInEpInterrupt
                0x000000000800afa0       0x1c ../../libDaisy//build/libdaisy.a(stm32h7xx_ll_usb.o)
                0x000000000800afa0                USB_ReadDevAllInEpInterrupt
 .text.USB_ReadDevOutEPInterrupt
                0x000000000800afbc       0x1c ../../libDaisy//build/libdaisy.a(stm32h7xx_ll_usb.o)
                0x000000000800afbc                USB_ReadDevOutEPInterrupt
 .text.USB_ReadDevInEPInterrupt
                0x000000000800afd8       0x38 ../../libDaisy//build/libdaisy.a(stm32h7xx_ll_usb.o)
                0x000000000800afd8                USB_ReadDevInEPInterrupt
 .text.USB_GetMode
                0x000000000800b010        0x8 ../../libDaisy//build/libdaisy.a(stm32h7xx_ll_usb.o)
                0x000000000800b010                USB_GetMode
 .text.USB_ActivateSetup
                0x000000000800b018       0x38 ../../libDaisy//build/libdaisy.a(stm32h7xx_ll_usb.o)
                0x000000000800b018                USB_ActivateSetup
 .text.USB_EP0_OutStart
                0x000000000800b050       0x58 ../../libDaisy//build/libdaisy.a(stm32h7xx_ll_usb.o)
                0x000000000800b050                USB_EP0_OutStart
 .text.USB_InitFSLSPClkSel
                0x000000000800b0a8       0x44 ../../libDaisy//build/libdaisy.a(stm32h7xx_ll_usb.o)
                0x000000000800b0a8                USB_InitFSLSPClkSel
 .text.USB_HC_ReadInterrupt
                0x000000000800b0ec        0x8 ../../libDaisy//build/libdaisy.a(stm32h7xx_ll_usb.o)
                0x000000000800b0ec                USB_HC_ReadInterrupt
 .text.USB_HC_Halt
                0x000000000800b0f4       0xc0 ../../libDaisy//build/libdaisy.a(stm32h7xx_ll_usb.o)
                0x000000000800b0f4                USB_HC_Halt
 .text.USB_StopHost
                0x000000000800b1b4      0x2ec ../../libDaisy//build/libdaisy.a(stm32h7xx_ll_usb.o)
                0x000000000800b1b4                USB_StopHost
 .text.USBD_Init
                0x000000000800b4a0       0x44 ../../libDaisy//build/libdaisy.a(usbd_core.o)
                0x000000000800b4a0                USBD_Init
 .text.USBD_RegisterClass
                0x000000000800b4e4       0x2c ../../libDaisy//build/libdaisy.a(usbd_core.o)
                0x000000000800b4e4                USBD_RegisterClass
 .text.USBD_Start
                0x000000000800b510        0xc ../../libDaisy//build/libdaisy.a(usbd_core.o)
                0x000000000800b510                USBD_Start
 .text.USBD_SetClassConfig
                0x000000000800b51c       0x14 ../../libDaisy//build/libdaisy.a(usbd_core.o)
                0x000000000800b51c                USBD_SetClassConfig
 .text.USBD_ClrClassConfig
                0x000000000800b530       0x10 ../../libDaisy//build/libdaisy.a(usbd_core.o)
                0x000000000800b530                USBD_ClrClassConfig
 .text.USBD_LL_SetupStage
                0x000000000800b540       0x5c ../../libDaisy//build/libdaisy.a(usbd_core.o)
                0x000000000800b540                USBD_LL_SetupStage
 .text.USBD_LL_DataOutStage
                0x000000000800b59c       0x7c ../../libDaisy//build/libdaisy.a(usbd_core.o)
                0x000000000800b59c                USBD_LL_DataOutStage
 .text.USBD_LL_DataInStage
                0x000000000800b618       0xcc ../../libDaisy//build/libdaisy.a(usbd_core.o)
                0x000000000800b618                USBD_LL_DataInStage
 .text.USBD_LL_Reset
                0x000000000800b6e4       0x50 ../../libDaisy//build/libdaisy.a(usbd_core.o)
                0x000000000800b6e4                USBD_LL_Reset
 .text.USBD_LL_SetSpeed
                0x000000000800b734        0x8 ../../libDaisy//build/libdaisy.a(usbd_core.o)
                0x000000000800b734                USBD_LL_SetSpeed
 .text.USBD_LL_Suspend
                0x000000000800b73c       0x14 ../../libDaisy//build/libdaisy.a(usbd_core.o)
                0x000000000800b73c                USBD_LL_Suspend
 .text.USBD_LL_Resume
                0x000000000800b750       0x10 ../../libDaisy//build/libdaisy.a(usbd_core.o)
                0x000000000800b750                USBD_LL_Resume
 .text.USBD_LL_SOF
                0x000000000800b760       0x1c ../../libDaisy//build/libdaisy.a(usbd_core.o)
                0x000000000800b760                USBD_LL_SOF
 .text.USBD_LL_IsoINIncomplete
                0x000000000800b77c        0x4 ../../libDaisy//build/libdaisy.a(usbd_core.o)
                0x000000000800b77c                USBD_LL_IsoINIncomplete
 .text.USBD_LL_IsoOUTIncomplete
                0x000000000800b780        0x4 ../../libDaisy//build/libdaisy.a(usbd_core.o)
                0x000000000800b780                USBD_LL_IsoOUTIncomplete
 .text.USBD_LL_DevConnected
                0x000000000800b784        0x4 ../../libDaisy//build/libdaisy.a(usbd_core.o)
                0x000000000800b784                USBD_LL_DevConnected
 .text.USBD_LL_DevDisconnected
                0x000000000800b788       0x18 ../../libDaisy//build/libdaisy.a(usbd_core.o)
                0x000000000800b788                USBD_LL_DevDisconnected
 .text.USBD_StdDevReq
                0x000000000800b7a0      0x304 ../../libDaisy//build/libdaisy.a(usbd_ctlreq.o)
                0x000000000800b7a0                USBD_StdDevReq
 .text.USBD_StdItfReq
                0x000000000800baa4       0x68 ../../libDaisy//build/libdaisy.a(usbd_ctlreq.o)
                0x000000000800baa4                USBD_StdItfReq
 .text.USBD_StdEPReq
                0x000000000800bb0c      0x13c ../../libDaisy//build/libdaisy.a(usbd_ctlreq.o)
                0x000000000800bb0c                USBD_StdEPReq
 .text.USBD_ParseSetupRequest
                0x000000000800bc48       0x28 ../../libDaisy//build/libdaisy.a(usbd_ctlreq.o)
                0x000000000800bc48                USBD_ParseSetupRequest
 .text.USBD_CtlError
                0x000000000800bc70       0x18 ../../libDaisy//build/libdaisy.a(usbd_ctlreq.o)
                0x000000000800bc70                USBD_CtlError
 .text.USBD_GetString
                0x000000000800bc88       0x54 ../../libDaisy//build/libdaisy.a(usbd_ctlreq.o)
                0x000000000800bc88                USBD_GetString
 .text.USBD_CtlSendData
                0x000000000800bcdc       0x1c ../../libDaisy//build/libdaisy.a(usbd_ioreq.o)
                0x000000000800bcdc                USBD_CtlSendData
 .text.USBD_CtlContinueSendData
                0x000000000800bcf8       0x14 ../../libDaisy//build/libdaisy.a(usbd_ioreq.o)
                0x000000000800bcf8                USBD_CtlContinueSendData
 .text.USBD_CtlPrepareRx
                0x000000000800bd0c       0x1c ../../libDaisy//build/libdaisy.a(usbd_ioreq.o)
                0x000000000800bd0c                USBD_CtlPrepareRx
 .text.USBD_CtlContinueRx
                0x000000000800bd28       0x14 ../../libDaisy//build/libdaisy.a(usbd_ioreq.o)
                0x000000000800bd28                USBD_CtlContinueRx
 .text.USBD_CtlSendStatus
                0x000000000800bd3c       0x18 ../../libDaisy//build/libdaisy.a(usbd_ioreq.o)
                0x000000000800bd3c                USBD_CtlSendStatus
 .text.USBD_CtlReceiveStatus
                0x000000000800bd54       0x18 ../../libDaisy//build/libdaisy.a(usbd_ioreq.o)
                0x000000000800bd54                USBD_CtlReceiveStatus
 .text.USBH_LL_IncTimer
                0x000000000800bd6c       0x20 ../../libDaisy//build/libdaisy.a(usbh_core.o)
                0x000000000800bd6c                USBH_LL_IncTimer
 .text.USBH_LL_PortEnabled
                0x000000000800bd8c        0x8 ../../libDaisy//build/libdaisy.a(usbh_core.o)
                0x000000000800bd8c                USBH_LL_PortEnabled
 .text.USBH_LL_PortDisabled
                0x000000000800bd94        0x8 ../../libDaisy//build/libdaisy.a(usbh_core.o)
                0x000000000800bd94                USBH_LL_PortDisabled
 .text.USBH_LL_Connect
                0x000000000800bd9c       0x18 ../../libDaisy//build/libdaisy.a(usbh_core.o)
                0x000000000800bd9c                USBH_LL_Connect
 .text.USBH_LL_Disconnect
                0x000000000800bdb4       0x2c ../../libDaisy//build/libdaisy.a(usbh_core.o)
                0x000000000800bdb4                USBH_LL_Disconnect
 .text.USBH_FreePipe
                0x000000000800bde0       0x18 ../../libDaisy//build/libdaisy.a(usbh_pipes.o)
                0x000000000800bde0                USBH_FreePipe
 .text.DummyRxCallback
                0x000000000800bdf8        0x4 ../../libDaisy//build/libdaisy.a(usb.o)
                0x000000000800bdf8                DummyRxCallback
 .text._ZN5daisy9UsbHandle4InitENS0_9UsbPeriphE
                0x000000000800bdfc      0x10c ../../libDaisy//build/libdaisy.a(usb.o)
                0x000000000800bdfc                daisy::UsbHandle::Init(daisy::UsbHandle::UsbPeriph)
 .text._ZN5daisy9UsbHandle18SetReceiveCallbackEPFvPhPmENS0_9UsbPeriphE
                0x000000000800bf08       0x38 ../../libDaisy//build/libdaisy.a(usb.o)
                0x000000000800bf08                daisy::UsbHandle::SetReceiveCallback(void (*)(unsigned char*, unsigned long*), daisy::UsbHandle::UsbPeriph)
 .text.OTG_FS_EP1_OUT_IRQHandler
                0x000000000800bf40        0xc ../../libDaisy//build/libdaisy.a(usb.o)
                0x000000000800bf40                OTG_FS_EP1_OUT_IRQHandler
 .text.OTG_FS_EP1_IN_IRQHandler
                0x000000000800bf4c        0xc ../../libDaisy//build/libdaisy.a(usb.o)
                0x000000000800bf4c                OTG_FS_EP1_IN_IRQHandler
 .text.OTG_FS_IRQHandler
                0x000000000800bf58        0xc ../../libDaisy//build/libdaisy.a(usb.o)
                0x000000000800bf58                OTG_FS_IRQHandler
 .text._ZN5daisy6Random4InitEv
                0x000000000800bf64       0x3c ../../libDaisy//build/libdaisy.a(rng.o)
                0x000000000800bf64                daisy::Random::Init()
 .text._ZN5daisy9SpiHandle4Impl7InitDmaEv
                0x000000000800bfa0       0xec ../../libDaisy//build/libdaisy.a(spi.o)
                0x000000000800bfa0                daisy::SpiHandle::Impl::InitDma()
 .text._ZN5daisy9SpiHandle4Impl10StartDmaTxEPhjPFvPvEPFvS3_NS0_6ResultEES3_
                0x000000000800c08c       0xc8 ../../libDaisy//build/libdaisy.a(spi.o)
                0x000000000800c08c                daisy::SpiHandle::Impl::StartDmaTx(unsigned char*, unsigned int, void (*)(void*), void (*)(void*, daisy::SpiHandle::Result), void*)
 .text._ZN5daisy9SpiHandle4Impl10StartDmaRxEPhjPFvPvEPFvS3_NS0_6ResultEES3_
                0x000000000800c154       0xc8 ../../libDaisy//build/libdaisy.a(spi.o)
                0x000000000800c154                daisy::SpiHandle::Impl::StartDmaRx(unsigned char*, unsigned int, void (*)(void*), void (*)(void*, daisy::SpiHandle::Result), void*)
 .text._ZN5daisy9SpiHandle4Impl12StartDmaRxTxEPhS2_jPFvPvEPFvS3_NS0_6ResultEES3_
                0x000000000800c21c       0xcc ../../libDaisy//build/libdaisy.a(spi.o)
                0x000000000800c21c                daisy::SpiHandle::Impl::StartDmaRxTx(unsigned char*, unsigned char*, unsigned int, void (*)(void*), void (*)(void*, daisy::SpiHandle::Result), void*)
 .text._ZN5daisy9SpiHandle4Impl8InitPinsEv
                0x000000000800c2e8      0x274 ../../libDaisy//build/libdaisy.a(spi.o)
                0x000000000800c2e8                daisy::SpiHandle::Impl::InitPins()
 .text.HAL_SPI_MspInit
                0x000000000800c55c      0x1a8 ../../libDaisy//build/libdaisy.a(spi.o)
                0x000000000800c55c                HAL_SPI_MspInit
 .text.dsy_spi_global_init
                0x000000000800c704       0x80 ../../libDaisy//build/libdaisy.a(spi.o)
                0x000000000800c704                dsy_spi_global_init
 .text.SPI1_IRQHandler
                0x000000000800c784        0xc ../../libDaisy//build/libdaisy.a(spi.o)
                0x000000000800c784                SPI1_IRQHandler
 .text.SPI2_IRQHandler
                0x000000000800c790        0xc ../../libDaisy//build/libdaisy.a(spi.o)
                0x000000000800c790                SPI2_IRQHandler
 .text.SPI3_IRQHandler
                0x000000000800c79c        0xc ../../libDaisy//build/libdaisy.a(spi.o)
                0x000000000800c79c                SPI3_IRQHandler
 .text.SPI4_IRQHandler
                0x000000000800c7a8        0xc ../../libDaisy//build/libdaisy.a(spi.o)
                0x000000000800c7a8                SPI4_IRQHandler
 .text.SPI5_IRQHandler
                0x000000000800c7b4        0xc ../../libDaisy//build/libdaisy.a(spi.o)
                0x000000000800c7b4                SPI5_IRQHandler
 .text.DMA2_Stream2_IRQHandler
                0x000000000800c7c0       0x34 ../../libDaisy//build/libdaisy.a(spi.o)
                0x000000000800c7c0                DMA2_Stream2_IRQHandler
 .text.DMA2_Stream3_IRQHandler
                0x000000000800c7f4       0x38 ../../libDaisy//build/libdaisy.a(spi.o)
                0x000000000800c7f4                DMA2_Stream3_IRQHandler
 .text.HAL_SPI_TxCpltCallback
                0x000000000800c82c       0xc4 ../../libDaisy//build/libdaisy.a(spi.o)
                0x000000000800c82c                HAL_SPI_TxCpltCallback
 .text.HAL_SPI_RxCpltCallback
                0x000000000800c8f0       0xc4 ../../libDaisy//build/libdaisy.a(spi.o)
                0x000000000800c8f0                HAL_SPI_RxCpltCallback
 .text.HAL_SPI_TxRxCpltCallback
                0x000000000800c9b4       0xc4 ../../libDaisy//build/libdaisy.a(spi.o)
                0x000000000800c9b4                HAL_SPI_TxRxCpltCallback
 .text.HAL_SPI_ErrorCallback
                0x000000000800ca78       0xc8 ../../libDaisy//build/libdaisy.a(spi.o)
                0x000000000800ca78                HAL_SPI_ErrorCallback
 .text.startup._GLOBAL__sub_I__Z19MapInstanceToHandleP11SPI_TypeDef
                0x000000000800cb40      0x1b0 ../../libDaisy//build/libdaisy.a(spi.o)
 .text.HAL_TIM_Base_MspInit
                0x000000000800ccf0      0x1e0 ../../libDaisy//build/libdaisy.a(tim.o)
                0x000000000800ccf0                HAL_TIM_Base_MspInit
 .text.HAL_TIM_PeriodElapsedCallback
                0x000000000800ced0       0x44 ../../libDaisy//build/libdaisy.a(tim.o)
                0x000000000800ced0                HAL_TIM_PeriodElapsedCallback
 .text.TIM2_IRQHandler
                0x000000000800cf14        0xc ../../libDaisy//build/libdaisy.a(tim.o)
                0x000000000800cf14                TIM2_IRQHandler
 .text.TIM3_IRQHandler
                0x000000000800cf20        0xc ../../libDaisy//build/libdaisy.a(tim.o)
                0x000000000800cf20                TIM3_IRQHandler
 .text.TIM4_IRQHandler
                0x000000000800cf2c        0xc ../../libDaisy//build/libdaisy.a(tim.o)
                0x000000000800cf2c                TIM4_IRQHandler
 .text.TIM5_IRQHandler
                0x000000000800cf38        0xc ../../libDaisy//build/libdaisy.a(tim.o)
                0x000000000800cf38                TIM5_IRQHandler
 .text._ZN5daisy11TimerHandle4InitERKNS0_6ConfigE
                0x000000000800cf44       0xd0 ../../libDaisy//build/libdaisy.a(tim.o)
                0x000000000800cf44                daisy::TimerHandle::Init(daisy::TimerHandle::Config const&)
 .text._ZN5daisy11TimerHandle5StartEv
                0x000000000800d014       0x24 ../../libDaisy//build/libdaisy.a(tim.o)
                0x000000000800d014                daisy::TimerHandle::Start()
 .text.startup._GLOBAL__sub_I__ZN5daisy11TimerHandle4Impl4InitERKNS0_6ConfigE
                0x000000000800d038       0x38 ../../libDaisy//build/libdaisy.a(tim.o)
 .text._ZL20UART_CheckRxListenerPN5daisy11UartHandler4ImplE
                0x000000000800d070       0x84 ../../libDaisy//build/libdaisy.a(uart.o)
 .text._ZN5daisy11UartHandler4Impl10StartDmaTxEPhjPFvPvEPFvS3_NS0_6ResultEES3_
                0x000000000800d0f4      0x184 ../../libDaisy//build/libdaisy.a(uart.o)
                0x000000000800d0f4                daisy::UartHandler::Impl::StartDmaTx(unsigned char*, unsigned int, void (*)(void*), void (*)(void*, daisy::UartHandler::Result), void*)
 .text._ZN5daisy11UartHandler4Impl10StartDmaRxEPhjPFvPvEPFvS3_NS0_6ResultEES3_
                0x000000000800d278      0x184 ../../libDaisy//build/libdaisy.a(uart.o)
                0x000000000800d278                daisy::UartHandler::Impl::StartDmaRx(unsigned char*, unsigned int, void (*)(void*), void (*)(void*, daisy::UartHandler::Result), void*)
 .text._ZN5daisy11UartHandler4Impl19DmaTransferFinishedEP20__UART_HandleTypeDefNS0_6ResultE
                0x000000000800d3fc       0xc0 ../../libDaisy//build/libdaisy.a(uart.o)
                0x000000000800d3fc                daisy::UartHandler::Impl::DmaTransferFinished(__UART_HandleTypeDef*, daisy::UartHandler::Result)
 .text._ZN5daisy11UartHandler4Impl8InitPinsEv
                0x000000000800d4bc      0x154 ../../libDaisy//build/libdaisy.a(uart.o)
                0x000000000800d4bc                daisy::UartHandler::Impl::InitPins()
 .text.HAL_UART_MspInit
                0x000000000800d610      0x210 ../../libDaisy//build/libdaisy.a(uart.o)
                0x000000000800d610                HAL_UART_MspInit
 .text.dsy_uart_global_init
                0x000000000800d820      0x110 ../../libDaisy//build/libdaisy.a(uart.o)
                0x000000000800d820                dsy_uart_global_init
 .text.USART1_IRQHandler
                0x000000000800d930       0x2c ../../libDaisy//build/libdaisy.a(uart.o)
                0x000000000800d930                USART1_IRQHandler
 .text.USART2_IRQHandler
                0x000000000800d95c       0x34 ../../libDaisy//build/libdaisy.a(uart.o)
                0x000000000800d95c                USART2_IRQHandler
 .text.USART3_IRQHandler
                0x000000000800d990       0x34 ../../libDaisy//build/libdaisy.a(uart.o)
                0x000000000800d990                USART3_IRQHandler
 .text.UART4_IRQHandler
                0x000000000800d9c4       0x34 ../../libDaisy//build/libdaisy.a(uart.o)
                0x000000000800d9c4                UART4_IRQHandler
 .text.UART5_IRQHandler
                0x000000000800d9f8       0x34 ../../libDaisy//build/libdaisy.a(uart.o)
                0x000000000800d9f8                UART5_IRQHandler
 .text.USART6_IRQHandler
                0x000000000800da2c       0x34 ../../libDaisy//build/libdaisy.a(uart.o)
                0x000000000800da2c                USART6_IRQHandler
 .text.UART7_IRQHandler
                0x000000000800da60       0x34 ../../libDaisy//build/libdaisy.a(uart.o)
                0x000000000800da60                UART7_IRQHandler
 .text.UART8_IRQHandler
                0x000000000800da94       0x34 ../../libDaisy//build/libdaisy.a(uart.o)
                0x000000000800da94                UART8_IRQHandler
 .text.LPUART1_IRQHandler
                0x000000000800dac8       0x34 ../../libDaisy//build/libdaisy.a(uart.o)
                0x000000000800dac8                LPUART1_IRQHandler
 .text.DMA1_Stream5_IRQHandler
                0x000000000800dafc       0x34 ../../libDaisy//build/libdaisy.a(uart.o)
                0x000000000800dafc                DMA1_Stream5_IRQHandler
 .text.DMA2_Stream4_IRQHandler
                0x000000000800db30       0x38 ../../libDaisy//build/libdaisy.a(uart.o)
                0x000000000800db30                DMA2_Stream4_IRQHandler
 .text.HAL_UART_TxCpltCallback
                0x000000000800db68        0x8 ../../libDaisy//build/libdaisy.a(uart.o)
                0x000000000800db68                HAL_UART_TxCpltCallback
 .text.HAL_UART_RxCpltCallback
                0x000000000800db70       0x94 ../../libDaisy//build/libdaisy.a(uart.o)
                0x000000000800db70                HAL_UART_RxCpltCallback
 .text.HAL_UART_RxHalfCpltCallback
                0x000000000800dc04       0x90 ../../libDaisy//build/libdaisy.a(uart.o)
                0x000000000800dc04                HAL_UART_RxHalfCpltCallback
 .text.HAL_UART_ErrorCallback
                0x000000000800dc94        0x8 ../../libDaisy//build/libdaisy.a(uart.o)
                0x000000000800dc94                HAL_UART_ErrorCallback
 .text.startup._GLOBAL__sub_I__Z19MapInstanceToHandleP13USART_TypeDef
                0x000000000800dc9c      0x194 ../../libDaisy//build/libdaisy.a(uart.o)
 .text.dsy_dma_init
                0x000000000800de30      0x100 ../../libDaisy//build/libdaisy.a(dma.o)
                0x000000000800de30                dsy_dma_init
 .text.dsy_dma_invalidate_cache_for_buffer
                0x000000000800df30       0x2c ../../libDaisy//build/libdaisy.a(dma.o)
                0x000000000800df30                dsy_dma_invalidate_cache_for_buffer
 .text.dummy_rx_callback
                0x000000000800df5c        0x4 ../../libDaisy//build/libdaisy.a(usbd_cdc_if.o)
                0x000000000800df5c                dummy_rx_callback
 .text.CDC_DeInit_FS
                0x000000000800df60        0x4 ../../libDaisy//build/libdaisy.a(usbd_cdc_if.o)
 .text.CDC_Receive_FS
                0x000000000800df64       0x2c ../../libDaisy//build/libdaisy.a(usbd_cdc_if.o)
 .text.CDC_Receive_HS
                0x000000000800df90       0x2c ../../libDaisy//build/libdaisy.a(usbd_cdc_if.o)
 .text.CDC_Init_FS
                0x000000000800dfbc       0x3c ../../libDaisy//build/libdaisy.a(usbd_cdc_if.o)
 .text.CDC_Init_HS
                0x000000000800dff8       0x3c ../../libDaisy//build/libdaisy.a(usbd_cdc_if.o)
 .text.CDC_Control_FS
                0x000000000800e034       0x34 ../../libDaisy//build/libdaisy.a(usbd_cdc_if.o)
 .text.CDC_Control_HS
                0x000000000800e068       0x34 ../../libDaisy//build/libdaisy.a(usbd_cdc_if.o)
 .text.CDC_DeInit_HS
                0x000000000800e09c        0x4 ../../libDaisy//build/libdaisy.a(usbd_cdc_if.o)
 .text.CDC_Set_Rx_Callback_FS
                0x000000000800e0a0        0xc ../../libDaisy//build/libdaisy.a(usbd_cdc_if.o)
                0x000000000800e0a0                CDC_Set_Rx_Callback_FS
 .text.CDC_Set_Rx_Callback_HS
                0x000000000800e0ac        0xc ../../libDaisy//build/libdaisy.a(usbd_cdc_if.o)
                0x000000000800e0ac                CDC_Set_Rx_Callback_HS
 .text.USBD_HS_DeviceDescriptor
                0x000000000800e0b8        0xc ../../libDaisy//build/libdaisy.a(usbd_desc.o)
                0x000000000800e0b8                USBD_HS_DeviceDescriptor
 .text.USBD_FS_DeviceDescriptor
                0x000000000800e0c4        0xc ../../libDaisy//build/libdaisy.a(usbd_desc.o)
                0x000000000800e0c4                USBD_FS_DeviceDescriptor
 .text.USBD_FS_LangIDStrDescriptor
                0x000000000800e0d0        0xc ../../libDaisy//build/libdaisy.a(usbd_desc.o)
                0x000000000800e0d0                USBD_FS_LangIDStrDescriptor
 .text.USBD_FS_ManufacturerStrDescriptor
                0x000000000800e0dc       0x1c ../../libDaisy//build/libdaisy.a(usbd_desc.o)
                0x000000000800e0dc                USBD_FS_ManufacturerStrDescriptor
 .text.USBD_HS_ProductStrDescriptor
                0x000000000800e0f8       0x1c ../../libDaisy//build/libdaisy.a(usbd_desc.o)
                0x000000000800e0f8                USBD_HS_ProductStrDescriptor
 .text.USBD_FS_ConfigStrDescriptor
                0x000000000800e114       0x1c ../../libDaisy//build/libdaisy.a(usbd_desc.o)
                0x000000000800e114                USBD_FS_ConfigStrDescriptor
 .text.USBD_FS_InterfaceStrDescriptor
                0x000000000800e130       0x1c ../../libDaisy//build/libdaisy.a(usbd_desc.o)
                0x000000000800e130                USBD_FS_InterfaceStrDescriptor
 .text.USBD_FS_ProductStrDescriptor
                0x000000000800e14c       0x1c ../../libDaisy//build/libdaisy.a(usbd_desc.o)
                0x000000000800e14c                USBD_FS_ProductStrDescriptor
 .text.USBD_HS_LangIDStrDescriptor
                0x000000000800e168        0xc ../../libDaisy//build/libdaisy.a(usbd_desc.o)
                0x000000000800e168                USBD_HS_LangIDStrDescriptor
 .text.USBD_HS_ManufacturerStrDescriptor
                0x000000000800e174       0x1c ../../libDaisy//build/libdaisy.a(usbd_desc.o)
                0x000000000800e174                USBD_HS_ManufacturerStrDescriptor
 .text.USBD_FS_SerialStrDescriptor
                0x000000000800e190      0x124 ../../libDaisy//build/libdaisy.a(usbd_desc.o)
                0x000000000800e190                USBD_FS_SerialStrDescriptor
 .text.USBD_HS_SerialStrDescriptor
                0x000000000800e2b4      0x124 ../../libDaisy//build/libdaisy.a(usbd_desc.o)
                0x000000000800e2b4                USBD_HS_SerialStrDescriptor
 .text.USBD_HS_InterfaceStrDescriptor
                0x000000000800e3d8       0x1c ../../libDaisy//build/libdaisy.a(usbd_desc.o)
                0x000000000800e3d8                USBD_HS_InterfaceStrDescriptor
 .text.USBD_HS_ConfigStrDescriptor
                0x000000000800e3f4       0x1c ../../libDaisy//build/libdaisy.a(usbd_desc.o)
                0x000000000800e3f4                USBD_HS_ConfigStrDescriptor
 .text.HAL_MDMA_Abort_IT
                0x000000000800e410       0x2c ../../libDaisy//build/libdaisy.a(stm32h7xx_hal_mdma.o)
                0x000000000800e410                HAL_MDMA_Abort_IT
 .text.SPI_CloseTransfer
                0x000000000800e43c       0xb8 ../../libDaisy//build/libdaisy.a(stm32h7xx_hal_spi.o)
 .text.HAL_SPI_Init
                0x000000000800e4f4      0x15c ../../libDaisy//build/libdaisy.a(stm32h7xx_hal_spi.o)
                0x000000000800e4f4                HAL_SPI_Init
 .text.HAL_SPI_Transmit_DMA
                0x000000000800e650      0x170 ../../libDaisy//build/libdaisy.a(stm32h7xx_hal_spi.o)
                0x000000000800e650                HAL_SPI_Transmit_DMA
 .text.HAL_SPI_TransmitReceive_DMA
                0x000000000800e7c0      0x218 ../../libDaisy//build/libdaisy.a(stm32h7xx_hal_spi.o)
                0x000000000800e7c0                HAL_SPI_TransmitReceive_DMA
 .text.HAL_SPI_Receive_DMA
                0x000000000800e9d8      0x1b4 ../../libDaisy//build/libdaisy.a(stm32h7xx_hal_spi.o)
                0x000000000800e9d8                HAL_SPI_Receive_DMA
 .text.SPI_DMATransmitCplt
                0x000000000800eb8c       0x28 ../../libDaisy//build/libdaisy.a(stm32h7xx_hal_spi.o)
 .text.SPI_DMAReceiveCplt
                0x000000000800ebb4       0x28 ../../libDaisy//build/libdaisy.a(stm32h7xx_hal_spi.o)
 .text.SPI_DMATransmitReceiveCplt
                0x000000000800ebdc       0x28 ../../libDaisy//build/libdaisy.a(stm32h7xx_hal_spi.o)
 .text.HAL_SPI_TxHalfCpltCallback
                0x000000000800ec04        0x4 ../../libDaisy//build/libdaisy.a(stm32h7xx_hal_spi.o)
                0x000000000800ec04                HAL_SPI_TxHalfCpltCallback
 .text.SPI_DMAHalfTransmitCplt
                0x000000000800ec08        0xc ../../libDaisy//build/libdaisy.a(stm32h7xx_hal_spi.o)
 .text.HAL_SPI_RxHalfCpltCallback
                0x000000000800ec14        0x4 ../../libDaisy//build/libdaisy.a(stm32h7xx_hal_spi.o)
                0x000000000800ec14                HAL_SPI_RxHalfCpltCallback
 .text.SPI_DMAHalfReceiveCplt
                0x000000000800ec18        0xc ../../libDaisy//build/libdaisy.a(stm32h7xx_hal_spi.o)
 .text.HAL_SPI_TxRxHalfCpltCallback
                0x000000000800ec24        0x4 ../../libDaisy//build/libdaisy.a(stm32h7xx_hal_spi.o)
                0x000000000800ec24                HAL_SPI_TxRxHalfCpltCallback
 .text.SPI_DMAHalfTransmitReceiveCplt
                0x000000000800ec28        0xc ../../libDaisy//build/libdaisy.a(stm32h7xx_hal_spi.o)
 .text.SPI_DMAError
                0x000000000800ec34       0xd8 ../../libDaisy//build/libdaisy.a(stm32h7xx_hal_spi.o)
 .text.HAL_SPI_IRQHandler
                0x000000000800ed0c      0x23c ../../libDaisy//build/libdaisy.a(stm32h7xx_hal_spi.o)
                0x000000000800ed0c                HAL_SPI_IRQHandler
 .text.SPI_DMAAbortOnError
                0x000000000800ef48       0x1c ../../libDaisy//build/libdaisy.a(stm32h7xx_hal_spi.o)
 .text.HAL_SPI_GetState
                0x000000000800ef64        0x8 ../../libDaisy//build/libdaisy.a(stm32h7xx_hal_spi.o)
                0x000000000800ef64                HAL_SPI_GetState
 .text.HAL_TIM_Base_Init
                0x000000000800ef6c      0x140 ../../libDaisy//build/libdaisy.a(stm32h7xx_hal_tim.o)
                0x000000000800ef6c                HAL_TIM_Base_Init
 .text.HAL_TIM_Base_Start
                0x000000000800f0ac       0x34 ../../libDaisy//build/libdaisy.a(stm32h7xx_hal_tim.o)
                0x000000000800f0ac                HAL_TIM_Base_Start
 .text.HAL_TIM_Base_Start_IT
                0x000000000800f0e0       0x2c ../../libDaisy//build/libdaisy.a(stm32h7xx_hal_tim.o)
                0x000000000800f0e0                HAL_TIM_Base_Start_IT
 .text.HAL_TIM_ConfigClockSource
                0x000000000800f10c      0x17c ../../libDaisy//build/libdaisy.a(stm32h7xx_hal_tim.o)
                0x000000000800f10c                HAL_TIM_ConfigClockSource
 .text.HAL_TIM_OC_DelayElapsedCallback
                0x000000000800f288        0x4 ../../libDaisy//build/libdaisy.a(stm32h7xx_hal_tim.o)
                0x000000000800f288                HAL_TIM_OC_DelayElapsedCallback
 .text.HAL_TIM_IC_CaptureCallback
                0x000000000800f28c        0x4 ../../libDaisy//build/libdaisy.a(stm32h7xx_hal_tim.o)
                0x000000000800f28c                HAL_TIM_IC_CaptureCallback
 .text.HAL_TIM_PWM_PulseFinishedCallback
                0x000000000800f290        0x4 ../../libDaisy//build/libdaisy.a(stm32h7xx_hal_tim.o)
                0x000000000800f290                HAL_TIM_PWM_PulseFinishedCallback
 .text.HAL_TIM_TriggerCallback
                0x000000000800f294        0x4 ../../libDaisy//build/libdaisy.a(stm32h7xx_hal_tim.o)
                0x000000000800f294                HAL_TIM_TriggerCallback
 .text.HAL_TIM_IRQHandler
                0x000000000800f298      0x170 ../../libDaisy//build/libdaisy.a(stm32h7xx_hal_tim.o)
                0x000000000800f298                HAL_TIM_IRQHandler
 .text.HAL_TIMEx_MasterConfigSynchronization
                0x000000000800f408       0x64 ../../libDaisy//build/libdaisy.a(stm32h7xx_hal_tim_ex.o)
                0x000000000800f408                HAL_TIMEx_MasterConfigSynchronization
 .text.HAL_TIMEx_CommutCallback
                0x000000000800f46c        0x4 ../../libDaisy//build/libdaisy.a(stm32h7xx_hal_tim_ex.o)
                0x000000000800f46c                HAL_TIMEx_CommutCallback
 .text.HAL_TIMEx_BreakCallback
                0x000000000800f470        0x4 ../../libDaisy//build/libdaisy.a(stm32h7xx_hal_tim_ex.o)
                0x000000000800f470                HAL_TIMEx_BreakCallback
 .text.HAL_TIMEx_Break2Callback
                0x000000000800f474        0x4 ../../libDaisy//build/libdaisy.a(stm32h7xx_hal_tim_ex.o)
                0x000000000800f474                HAL_TIMEx_Break2Callback
 .text.HAL_UART_Transmit_DMA
                0x000000000800f478       0xa4 ../../libDaisy//build/libdaisy.a(stm32h7xx_hal_uart.o)
                0x000000000800f478                HAL_UART_Transmit_DMA