Archive member included to satisfy reference by file (symbol)

../DaisyExamples/libDaisy/build\libdaisy.a(daisy_seed.o)
                              build/main.o (daisy::DaisySeed::Configure())
../DaisyExamples/libDaisy/build\libdaisy.a(codec_ak4556.o)
                              ../DaisyExamples/libDaisy/build\libdaisy.a(daisy_seed.o) (daisy::Ak4556::Init(dsy_gpio_pin))
../DaisyExamples/libDaisy/build\libdaisy.a(codec_wm8731.o)
                              ../DaisyExamples/libDaisy/build\libdaisy.a(daisy_seed.o) (daisy::Wm8731::Init(daisy::Wm8731::Config const&, daisy::I2CHandle))
../DaisyExamples/libDaisy/build\libdaisy.a(sdram.o)
                              ../DaisyExamples/libDaisy/build\libdaisy.a(daisy_seed.o) (SdramHandle::Init())
../DaisyExamples/libDaisy/build\libdaisy.a(audio.o)
                              ../DaisyExamples/libDaisy/build\libdaisy.a(daisy_seed.o) (daisy::AudioHandle::Init(daisy::AudioHandle::Config const&, daisy::SaiHandle))
../DaisyExamples/libDaisy/build\libdaisy.a(logger.o)
                              build/main.o (daisy::Logger<(daisy::LoggerDestination)1>::PrintLine(char const*, ...))
../DaisyExamples/libDaisy/build\libdaisy.a(midi.o)
                              build/main.o (daisy::MidiUartTransport::Config::Config())
../DaisyExamples/libDaisy/build\libdaisy.a(midi_parser.o)
                              build/main.o (daisy::MidiParser::Parse(unsigned char, daisy::MidiEvent*))
../DaisyExamples/libDaisy/build\libdaisy.a(usb.o)
                              ../DaisyExamples/libDaisy/build\libdaisy.a(logger.o) (daisy::UsbHandle::Init(daisy::UsbHandle::UsbPeriph))
../DaisyExamples/libDaisy/build\libdaisy.a(gpio.o)
                              ../DaisyExamples/libDaisy/build\libdaisy.a(daisy_seed.o) (daisy::GPIO::Init(daisy::Pin, daisy::GPIO::Mode, daisy::GPIO::Pull, daisy::GPIO::Speed))
../DaisyExamples/libDaisy/build\libdaisy.a(i2c.o)
                              ../DaisyExamples/libDaisy/build\libdaisy.a(daisy_seed.o) (daisy::I2CHandle::Init(daisy::I2CHandle::Config const&))
../DaisyExamples/libDaisy/build\libdaisy.a(qspi.o)
                              ../DaisyExamples/libDaisy/build\libdaisy.a(daisy_seed.o) (daisy::QSPIHandle::Init(daisy::QSPIHandle::Config const&))
../DaisyExamples/libDaisy/build\libdaisy.a(sai.o)
                              ../DaisyExamples/libDaisy/build\libdaisy.a(daisy_seed.o) (daisy::SaiHandle::Init(daisy::SaiHandle::Config const&))
../DaisyExamples/libDaisy/build\libdaisy.a(uart.o)
                              build/main.o (daisy::UartHandler::Init(daisy::UartHandler::Config const&))
../DaisyExamples/libDaisy/build\libdaisy.a(dma.o)
                              build/main.o (dsy_dma_clear_cache_for_buffer)
../DaisyExamples/libDaisy/build\libdaisy.a(system.o)
                              ../DaisyExamples/libDaisy/build\libdaisy.a(daisy_seed.o) (daisy::System::DeInit())
../DaisyExamples/libDaisy/build\libdaisy.a(system_stm32h7xx.o)
                              build/startup_stm32h750xx.o (SystemInit)
../DaisyExamples/libDaisy/build\libdaisy.a(usbd_cdc_if.o)
                              ../DaisyExamples/libDaisy/build\libdaisy.a(usb.o) (CDC_Transmit_FS)
../DaisyExamples/libDaisy/build\libdaisy.a(usbd_conf.o)
                              ../DaisyExamples/libDaisy/build\libdaisy.a(system.o) (hpcd_USB_OTG_HS)
../DaisyExamples/libDaisy/build\libdaisy.a(usbd_desc.o)
                              ../DaisyExamples/libDaisy/build\libdaisy.a(usb.o) (HS_Desc)
../DaisyExamples/libDaisy/build\libdaisy.a(usbh_conf.o)
                              ../DaisyExamples/libDaisy/build\libdaisy.a(system.o) (hhcd_USB_OTG_HS)
../DaisyExamples/libDaisy/build\libdaisy.a(hal_map.o)
                              ../DaisyExamples/libDaisy/build\libdaisy.a(gpio.o) (dsy_hal_map_get_port)
../DaisyExamples/libDaisy/build\libdaisy.a(stm32h7xx_hal.o)
                              ../DaisyExamples/libDaisy/build\libdaisy.a(system.o) (HAL_Init)
../DaisyExamples/libDaisy/build\libdaisy.a(stm32h7xx_hal_cortex.o)
                              ../DaisyExamples/libDaisy/build\libdaisy.a(stm32h7xx_hal.o) (HAL_NVIC_SetPriorityGrouping)
../DaisyExamples/libDaisy/build\libdaisy.a(stm32h7xx_hal_dma.o)
                              ../DaisyExamples/libDaisy/build\libdaisy.a(i2c.o) (HAL_DMA_Init)
../DaisyExamples/libDaisy/build\libdaisy.a(stm32h7xx_hal_gpio.o)
                              ../DaisyExamples/libDaisy/build\libdaisy.a(sdram.o) (HAL_GPIO_Init)
../DaisyExamples/libDaisy/build\libdaisy.a(stm32h7xx_hal_hcd.o)
                              ../DaisyExamples/libDaisy/build\libdaisy.a(usbh_conf.o) (HAL_HCD_HC_Init)
../DaisyExamples/libDaisy/build\libdaisy.a(stm32h7xx_hal_i2c.o)
                              ../DaisyExamples/libDaisy/build\libdaisy.a(i2c.o) (HAL_I2C_Init)
../DaisyExamples/libDaisy/build\libdaisy.a(stm32h7xx_hal_i2c_ex.o)
                              ../DaisyExamples/libDaisy/build\libdaisy.a(i2c.o) (HAL_I2CEx_ConfigAnalogFilter)
[...]
Memory Configuration

Name             Origin             Length             Attributes
FLASH            0x08000000         0x00020000         xr
DTCMRAM          0x20000000         0x00020000         xrw
SRAM             0x24000000         0x00080000         xrw
RAM_D2           0x30000000         0x00048000         xrw
RAM_D3           0x38000000         0x00010000         xrw
BACKUP_SRAM      0x38800000         0x00001000         xrw
ITCMRAM          0x00000000         0x00010000         xrw
SDRAM            0xc0000000         0x04000000         xrw
QSPIFLASH        0x90000000         0x00800000         xr
*default*        0x00000000         0xffffffff

Linker script and memory map

LOAD c:/program files/daisytoolchain/bin/../lib/gcc/arm-none-eabi/10.2.1/thumb/v7e-m+dp/hard/crti.o
LOAD c:/program files/daisytoolchain/bin/../lib/gcc/arm-none-eabi/10.2.1/thumb/v7e-m+dp/hard/crtbegin.o
LOAD c:/program files/daisytoolchain/bin/../lib/gcc/arm-none-eabi/10.2.1/../../../../arm-none-eabi/lib/thumb/v7e-m+dp/hard/crt0.o
LOAD build/startup_stm32h750xx.o
LOAD build/main.o
LOAD build/wavetable.o
LOAD ../DaisyExamples/libDaisy/build\libdaisy.a
LOAD c:/program files/daisytoolchain/bin/../lib/gcc/arm-none-eabi/10.2.1/../../../../arm-none-eabi/lib/thumb/v7e-m+dp/hard\libnosys.a
LOAD ../DaisyExamples/DaisySP/build\libdaisysp.a
LOAD c:/program files/daisytoolchain/bin/../lib/gcc/arm-none-eabi/10.2.1/../../../../arm-none-eabi/lib/thumb/v7e-m+dp/hard\libstdc++_nano.a
LOAD c:/program files/daisytoolchain/bin/../lib/gcc/arm-none-eabi/10.2.1/../../../../arm-none-eabi/lib/thumb/v7e-m+dp/hard\libm.a
LOAD c:/program files/daisytoolchain/bin/../lib/gcc/arm-none-eabi/10.2.1/../../../../arm-none-eabi/lib/thumb/v7e-m+dp/hard\libc_nano.a
START GROUP
LOAD c:/program files/daisytoolchain/bin/../lib/gcc/arm-none-eabi/10.2.1/thumb/v7e-m+dp/hard\libgcc.a
LOAD c:/program files/daisytoolchain/bin/../lib/gcc/arm-none-eabi/10.2.1/../../../../arm-none-eabi/lib/thumb/v7e-m+dp/hard\libc_nano.a
END GROUP
START GROUP
LOAD c:/program files/daisytoolchain/bin/../lib/gcc/arm-none-eabi/10.2.1/thumb/v7e-m+dp/hard\libgcc.a
LOAD c:/program files/daisytoolchain/bin/../lib/gcc/arm-none-eabi/10.2.1/../../../../arm-none-eabi/lib/thumb/v7e-m+dp/hard\libc_nano.a
LOAD c:/program files/daisytoolchain/bin/../lib/gcc/arm-none-eabi/10.2.1/../../../../arm-none-eabi/lib/thumb/v7e-m+dp/hard\libnosys.a
END GROUP
START GROUP
LOAD c:/program files/daisytoolchain/bin/../lib/gcc/arm-none-eabi/10.2.1/thumb/v7e-m+dp/hard\libgcc.a
LOAD c:/program files/daisytoolchain/bin/../lib/gcc/arm-none-eabi/10.2.1/../../../../arm-none-eabi/lib/thumb/v7e-m+dp/hard\libc_nano.a
LOAD c:/program files/daisytoolchain/bin/../lib/gcc/arm-none-eabi/10.2.1/../../../../arm-none-eabi/lib/thumb/v7e-m+dp/hard\libnosys.a
END GROUP
LOAD c:/program files/daisytoolchain/bin/../lib/gcc/arm-none-eabi/10.2.1/thumb/v7e-m+dp/hard/crtend.o
LOAD c:/program files/daisytoolchain/bin/../lib/gcc/arm-none-eabi/10.2.1/thumb/v7e-m+dp/hard/crtn.o
                0x20020000                _estack = 0x20020000

.isr_vector     0x08000000      0x298
                0x08000000                . = ALIGN (0x4)
 *(.isr_vector)
 .isr_vector    0x08000000      0x298 build/startup_stm32h750xx.o
                0x08000000                g_pfnVectors
                0x08000298                . = ALIGN (0x4)

.text           0x080002a0    0x138a0
                0x080002a0                . = ALIGN (0x4)
                0x080002a0                _stext = .
 *(.text)
 .text          0x080002a0       0x40 c:/program files/daisytoolchain/bin/../lib/gcc/arm-none-eabi/10.2.1/thumb/v7e-m+dp/hard/crtbegin.o
 .text          0x080002e0       0xa0 c:/program files/daisytoolchain/bin/../lib/gcc/arm-none-eabi/10.2.1/../../../../arm-none-eabi/lib/thumb/v7e-m+dp/hard\libc_nano.a(lib_a-memchr.o)
                0x080002e0                memchr
 .text          0x08000380      0x378 c:/program files/daisytoolchain/bin/../lib/gcc/arm-none-eabi/10.2.1/thumb/v7e-m+dp/hard\libgcc.a(_arm_addsubdf3.o)
                0x08000380                __aeabi_drsub
                0x08000388                __aeabi_dsub
                0x08000388                __subdf3
                0x0800038c                __aeabi_dadd
                0x0800038c                __adddf3
                0x08000604                __floatunsidf
                0x08000604                __aeabi_ui2d
                0x08000624                __floatsidf
                0x08000624                __aeabi_i2d
                0x08000648                __aeabi_f2d
                0x08000648                __extendsfdf2
                0x0800068c                __floatundidf
                0x0800068c                __aeabi_ul2d
                0x0800069c                __floatdidf
                0x0800069c                __aeabi_l2d
 .text          0x080006f8       0x30 c:/program files/daisytoolchain/bin/../lib/gcc/arm-none-eabi/10.2.1/thumb/v7e-m+dp/hard\libgcc.a(_aeabi_uldivmod.o)
                0x080006f8                __aeabi_uldivmod
 .text          0x08000728      0x2d0 c:/program files/daisytoolchain/bin/../lib/gcc/arm-none-eabi/10.2.1/thumb/v7e-m+dp/hard\libgcc.a(_udivmoddi4.o)
                0x08000728                __udivmoddi4
 .text          0x080009f8        0x4 c:/program files/daisytoolchain/bin/../lib/gcc/arm-none-eabi/10.2.1/thumb/v7e-m+dp/hard\libgcc.a(_dvmd_tls.o)
                0x080009f8                __aeabi_idiv0
                0x080009f8                __aeabi_ldiv0
 *(.text*)
 .text.Default_Handler
                0x080009fc        0x4 build/startup_stm32h750xx.o
                0x080009fc                RTC_Alarm_IRQHandler
                0x080009fc                HASH_RNG_IRQHandler
                0x080009fc                EXTI2_IRQHandler
                0x080009fc                TIM8_CC_IRQHandler
                0x080009fc                HRTIM1_Master_IRQHandler
                0x080009fc                DebugMon_Handler
                0x080009fc                TIM1_CC_IRQHandler
                0x080009fc                BDMA_Channel6_IRQHandler
                0x080009fc                DMA2_Stream5_IRQHandler
                0x080009fc                HRTIM1_FLT_IRQHandler
                0x080009fc                JPEG_IRQHandler
                0x080009fc                BDMA_Channel1_IRQHandler
                0x080009fc                HRTIM1_TIMD_IRQHandler
                0x080009fc                TAMP_STAMP_IRQHandler
                0x080009fc                PendSV_Handler
                0x080009fc                NMI_Handler
                0x080009fc                EXTI3_IRQHandler
                0x080009fc                LPTIM4_IRQHandler
                0x080009fc                TIM8_TRG_COM_TIM14_IRQHandler
                0x080009fc                LPTIM2_IRQHandler
                0x080009fc                DFSDM1_FLT1_IRQHandler
                0x080009fc                DMAMUX2_OVR_IRQHandler
                0x080009fc                TIM8_UP_TIM13_IRQHandler
                0x080009fc                I2C3_ER_IRQHandler
                0x080009fc                DFSDM1_FLT2_IRQHandler
                0x080009fc                MDMA_IRQHandler
                0x080009fc                LPTIM3_IRQHandler
                0x080009fc                HSEM1_IRQHandler
                0x080009fc                EXTI0_IRQHandler
                0x080009fc                DMA1_Stream2_IRQHandler
                0x080009fc                FPU_IRQHandler
                0x080009fc                OTG_HS_WKUP_IRQHandler
                0x080009fc                FDCAN1_IT1_IRQHandler
                0x080009fc                UsageFault_Handler
                0x080009fc                LTDC_ER_IRQHandler
                0x080009fc                HRTIM1_TIME_IRQHandler
                0x080009fc                TIM6_DAC_IRQHandler
                0x080009fc                DCMI_IRQHandler
                0x080009fc                HRTIM1_TIMC_IRQHandler
                0x080009fc                SAI2_IRQHandler
                0x080009fc                DFSDM1_FLT3_IRQHandler
                0x080009fc                TIM17_IRQHandler
                0x080009fc                CRYP_IRQHandler
                0x080009fc                BDMA_Channel7_IRQHandler
                0x080009fc                LPTIM5_IRQHandler
                0x080009fc                ADC3_IRQHandler
                0x080009fc                DMA2_Stream0_IRQHandler
                0x080009fc                BDMA_Channel2_IRQHandler
                0x080009fc                DMAMUX1_OVR_IRQHandler
                0x080009fc                TIM16_IRQHandler
                0x080009fc                BDMA_Channel5_IRQHandler
                0x080009fc                RCC_IRQHandler
                0x080009fc                TIM8_BRK_TIM12_IRQHandler
                0x080009fc                TIM1_TRG_COM_IRQHandler
                0x080009fc                Default_Handler
                0x080009fc                ECC_IRQHandler
                0x080009fc                CEC_IRQHandler
                0x080009fc                EXTI15_10_IRQHandler
                0x080009fc                BDMA_Channel0_IRQHandler
                0x080009fc                ADC_IRQHandler
                0x080009fc                DMA1_Stream7_IRQHandler
                0x080009fc                HRTIM1_TIMA_IRQHandler
                0x080009fc                TIM7_IRQHandler
                0x080009fc                SDMMC1_IRQHandler
                0x080009fc                DMA2_Stream7_IRQHandler
                0x080009fc                TIM15_IRQHandler
                0x080009fc                PVD_AVD_IRQHandler
                0x080009fc                EXTI9_5_IRQHandler
                0x080009fc                RTC_WKUP_IRQHandler
                0x080009fc                LTDC_IRQHandler
                0x080009fc                SAI3_IRQHandler
                0x080009fc                ETH_WKUP_IRQHandler
                0x080009fc                SPDIF_RX_IRQHandler
                0x080009fc                MemManage_Handler
                0x080009fc                SVC_Handler
                0x080009fc                CRS_IRQHandler
                0x080009fc                EXTI4_IRQHandler
                0x080009fc                HRTIM1_TIMB_IRQHandler
                0x080009fc                FDCAN2_IT1_IRQHandler
                0x080009fc                ETH_IRQHandler
                0x080009fc                TIM1_UP_IRQHandler
                0x080009fc                BDMA_Channel4_IRQHandler
                0x080009fc                WWDG_IRQHandler
                0x080009fc                SPI6_IRQHandler
                0x080009fc                I2C4_EV_IRQHandler
                0x080009fc                MDIOS_IRQHandler
                0x080009fc                FDCAN2_IT0_IRQHandler
                0x080009fc                FDCAN1_IT0_IRQHandler
                0x080009fc                OTG_FS_WKUP_IRQHandler
                0x080009fc                DMA2D_IRQHandler
                0x080009fc                TIM1_BRK_IRQHandler
                0x080009fc                EXTI1_IRQHandler
                0x080009fc                SDMMC2_IRQHandler
                0x080009fc                BDMA_Channel3_IRQHandler
                0x080009fc                MDIOS_WKUP_IRQHandler
                0x080009fc                DFSDM1_FLT0_IRQHandler
                0x080009fc                SAI4_IRQHandler
                0x080009fc                I2C2_ER_IRQHandler
                0x080009fc                DMA2_Stream1_IRQHandler
                0x080009fc                FLASH_IRQHandler
                0x080009fc                BusFault_Handler
                0x080009fc                WAKEUP_PIN_IRQHandler
                0x080009fc                I2C1_ER_IRQHandler
                0x080009fc                FMC_IRQHandler
                0x080009fc                FDCAN_CAL_IRQHandler
                0x080009fc                SWPMI1_IRQHandler
                0x080009fc                COMP1_IRQHandler
                0x080009fc                LPTIM1_IRQHandler
                0x080009fc                I2C4_ER_IRQHandler
                0x080009fc                DMA2_Stream6_IRQHandler
                0x080009fc                SAI1_IRQHandler
 .text.Reset_Handler
                0x08000a00       0x44 build/startup_stm32h750xx.o
                0x08000a00                Reset_Handler
 .text._ZN5daisy9DaisySeedD2Ev
                0x08000a44        0x4 build/main.o
                0x08000a44                daisy::DaisySeed::~DaisySeed()
                0x08000a44                daisy::DaisySeed::~DaisySeed()
 .text._ZN9WavetableD2Ev
                0x08000a48        0x4 build/main.o
                0x08000a48                Wavetable::~Wavetable()
                0x08000a48                Wavetable::~Wavetable()
 .text._ZN5daisy4FIFOINS_9MidiEventELj128EED2Ev
                0x08000a4c        0x4 build/main.o
                0x08000a4c                daisy::FIFO<daisy::MidiEvent, 128u>::~FIFO()
                0x08000a4c                daisy::FIFO<daisy::MidiEvent, 128u>::~FIFO()
 .text._ZN5daisy11MidiHandlerINS_17MidiUartTransportEED2Ev
                0x08000a50        0x4 build/main.o
                0x08000a50                daisy::MidiHandler<daisy::MidiUartTransport>::~MidiHandler()
                0x08000a50                daisy::MidiHandler<daisy::MidiUartTransport>::~MidiHandler()
 .text._Z13AudioCallbackPKPKfPPfj
                0x08000a54       0x8c build/main.o
                0x08000a54                AudioCallback(float const* const*, float**, unsigned int)
 .text._ZN5daisy17MidiUartTransport10rxCallbackEPhjPvNS_11UartHandler6ResultE
                0x08000ae0        0xc build/main.o
                0x08000ae0                daisy::MidiUartTransport::rxCallback(unsigned char*, unsigned int, void*, daisy::UartHandler::Result)
 .text._ZN5daisy11MidiHandlerINS_17MidiUartTransportEE13ParseCallbackEPhjPv
                0x08000aec       0x74 build/main.o
                0x08000aec                daisy::MidiHandler<daisy::MidiUartTransport>::ParseCallback(unsigned char*, unsigned int, void*)
 .text._Z19GetMidiTypeAsStringRN5daisy9MidiEventEPc
                0x08000b60       0xc8 build/main.o
                0x08000b60                GetMidiTypeAsString(daisy::MidiEvent&, char*)
 .text.startup.main
                0x08000c28      0x3bc build/main.o
                0x08000c28                main
 .text.startup._GLOBAL__sub_I_wt
                0x08000fe4       0xa4 build/main.o
 .text._ZN9WavetableC2Ev
                0x08001088       0x28 build/wavetable.o
                0x08001088                Wavetable::Wavetable()
                0x08001088                Wavetable::Wavetable()
 .text._ZN9Wavetable4InitEfRKSt5arrayIS0_IfLj2048EELj8EEi
                0x080010b0       0x48 build/wavetable.o
                0x080010b0                Wavetable::Init(float, std::array<std::array<float, 2048u>, 8u> const&, int)
 .text._ZN9Wavetable7ProcessEv
                0x080010f8      0x114 build/wavetable.o
                0x080010f8                Wavetable::Process()
 .text._ZN9Wavetable8SetIndexEif
                0x0800120c       0x10 build/wavetable.o
                0x0800120c                Wavetable::SetIndex(int, float)
 .text._ZN9Wavetable7AddNoteEh
                0x0800121c       0x78 build/wavetable.o
                0x0800121c                Wavetable::AddNote(unsigned char)
 .text._ZN9Wavetable10RemoveNoteEh
                0x08001294       0x70 build/wavetable.o
                0x08001294                Wavetable::RemoveNote(unsigned char)
 .text._ZN5daisy9DaisySeed9ConfigureEv
                0x08001304        0x4 ../DaisyExamples/libDaisy/build\libdaisy.a(daisy_seed.o)
                0x08001304                daisy::DaisySeed::Configure()
 .text._ZN5daisy9DaisySeed10StartAudioEPFvPKPKfPPfjE
                0x08001308        0x8 ../DaisyExamples/libDaisy/build\libdaisy.a(daisy_seed.o)
                0x08001308                daisy::DaisySeed::StartAudio(void (*)(float const* const*, float**, unsigned int))
 .text._ZN5daisy9DaisySeed15AudioSampleRateEv
                0x08001310        0x8 ../DaisyExamples/libDaisy/build\libdaisy.a(daisy_seed.o)
                0x08001310                daisy::DaisySeed::AudioSampleRate()
 .text._ZN5daisy9DaisySeed17SetAudioBlockSizeEj
                0x08001318       0x38 ../DaisyExamples/libDaisy/build\libdaisy.a(daisy_seed.o)
                0x08001318                daisy::DaisySeed::SetAudioBlockSize(unsigned int)
 .text._ZN5daisy9DaisySeed17CheckBoardVersionEv
                0x08001350       0x6c ../DaisyExamples/libDaisy/build\libdaisy.a(daisy_seed.o)
                0x08001350                daisy::DaisySeed::CheckBoardVersion()
 .text._ZN5daisy9DaisySeed14ConfigureAudioEv
                0x080013bc      0x10c ../DaisyExamples/libDaisy/build\libdaisy.a(daisy_seed.o)
                0x080013bc                daisy::DaisySeed::ConfigureAudio()
 .text._ZN5daisy9DaisySeed4InitEb
                0x080014c8      0x108 ../DaisyExamples/libDaisy/build\libdaisy.a(daisy_seed.o)
                0x080014c8                daisy::DaisySeed::Init(bool)
 .text._ZN5daisy6Ak45564InitE12dsy_gpio_pin
                0x080015d0       0x44 ../DaisyExamples/libDaisy/build\libdaisy.a(codec_ak4556.o)
                0x080015d0                daisy::Ak4556::Init(dsy_gpio_pin)
 .text._ZN5daisy6Wm873120WriteControlRegisterEht
                0x08001614       0x3c ../DaisyExamples/libDaisy/build\libdaisy.a(codec_wm8731.o)
                0x08001614                daisy::Wm8731::WriteControlRegister(unsigned char, unsigned short)
 .text._ZN5daisy6Wm87314InitERKNS0_6ConfigENS_9I2CHandleE
                0x08001650      0x1bc ../DaisyExamples/libDaisy/build\libdaisy.a(codec_wm8731.o)
                0x08001650                daisy::Wm8731::Init(daisy::Wm8731::Config const&, daisy::I2CHandle)
 .text._ZN11SdramHandle10DeviceInitEv
                0x0800180c       0x98 ../DaisyExamples/libDaisy/build\libdaisy.a(sdram.o)
                0x0800180c                SdramHandle::DeviceInit()
 .text._ZN11SdramHandle4InitEv
                0x080018a4       0x7c ../DaisyExamples/libDaisy/build\libdaisy.a(sdram.o)
                0x080018a4                SdramHandle::Init()
 .text.HAL_SDRAM_MspInit
                0x08001920      0x1a8 ../DaisyExamples/libDaisy/build\libdaisy.a(sdram.o)
                0x08001920                HAL_SDRAM_MspInit
 .text._ZN5daisy11AudioHandle4Impl16InternalCallbackEPlS2_j
                0x08001ac8      0xbbc ../DaisyExamples/libDaisy/build\libdaisy.a(audio.o)
                0x08001ac8                daisy::AudioHandle::Impl::InternalCallback(long*, long*, unsigned int)
 .text._ZN5daisy11AudioHandle4InitERKNS0_6ConfigENS_9SaiHandleE
                0x08002684       0x70 ../DaisyExamples/libDaisy/build\libdaisy.a(audio.o)
                0x08002684                daisy::AudioHandle::Init(daisy::AudioHandle::Config const&, daisy::SaiHandle)
 .text._ZNK5daisy11AudioHandle9GetConfigEv
                0x080026f4        0x8 ../DaisyExamples/libDaisy/build\libdaisy.a(audio.o)
                0x080026f4                daisy::AudioHandle::GetConfig() const
 .text._ZN5daisy11AudioHandle12SetBlockSizeEj
                0x080026fc       0x1c ../DaisyExamples/libDaisy/build\libdaisy.a(audio.o)
                0x080026fc                daisy::AudioHandle::SetBlockSize(unsigned int)
 .text._ZN5daisy11AudioHandle13GetSampleRateEv
                0x08002718        0x8 ../DaisyExamples/libDaisy/build\libdaisy.a(audio.o)
                0x08002718                daisy::AudioHandle::GetSampleRate()
 .text._ZN5daisy11AudioHandle5StartEPFvPKPKfPPfjE
                0x08002720       0x44 ../DaisyExamples/libDaisy/build\libdaisy.a(audio.o)
                0x08002720                daisy::AudioHandle::Start(void (*)(float const* const*, float**, unsigned int))
 .text.startup._GLOBAL__sub_I__ZN5daisy11AudioHandle4Impl4InitENS0_6ConfigENS_9SaiHandleE
                0x08002764       0x24 ../DaisyExamples/libDaisy/build\libdaisy.a(audio.o)
 .text._ZN5daisy9UsbHandleD2Ev
                0x08002788        0x4 ../DaisyExamples/libDaisy/build\libdaisy.a(logger.o)
                0x08002788                daisy::UsbHandle::~UsbHandle()
                0x08002788                daisy::UsbHandle::~UsbHandle()
 .text._ZN5daisy6LoggerILNS_17LoggerDestinationE1EE11TransmitBufEv
                0x0800278c       0x60 ../DaisyExamples/libDaisy/build\libdaisy.a(logger.o)
                0x0800278c                daisy::Logger<(daisy::LoggerDestination)1>::TransmitBuf()
 .text._ZN5daisy6LoggerILNS_17LoggerDestinationE1EE13AppendNewLineEv
                0x080027ec       0x60 ../DaisyExamples/libDaisy/build\libdaisy.a(logger.o)
                0x080027ec                daisy::Logger<(daisy::LoggerDestination)1>::AppendNewLine()
 .text._ZN5daisy6LoggerILNS_17LoggerDestinationE1EE10PrintLineVEPKcSt9__va_list
                0x0800284c       0x30 ../DaisyExamples/libDaisy/build\libdaisy.a(logger.o)
                0x0800284c                daisy::Logger<(daisy::LoggerDestination)1>::PrintLineV(char const*, std::__va_list)
 .text._ZN5daisy6LoggerILNS_17LoggerDestinationE1EE9PrintLineEPKcz
                0x0800287c       0x1c ../DaisyExamples/libDaisy/build\libdaisy.a(logger.o)
                0x0800287c                daisy::Logger<(daisy::LoggerDestination)1>::PrintLine(char const*, ...)
 .text._ZN5daisy6LoggerILNS_17LoggerDestinationE1EE8StartLogEb
                0x08002898       0x40 ../DaisyExamples/libDaisy/build\libdaisy.a(logger.o)
                0x08002898                daisy::Logger<(daisy::LoggerDestination)1>::StartLog(bool)
 .text.startup._GLOBAL__sub_I__ZN5daisy10LoggerImplILNS_17LoggerDestinationE1EE11usb_handle_E
                0x080028d8       0x2c ../DaisyExamples/libDaisy/build\libdaisy.a(logger.o)
 .text._ZN5daisy17MidiUartTransport6ConfigC2Ev
                0x08002904       0x28 ../DaisyExamples/libDaisy/build\libdaisy.a(midi.o)
                0x08002904                daisy::MidiUartTransport::Config::Config()
                0x08002904                daisy::MidiUartTransport::Config::Config()
 .text._ZN5daisy10MidiParser5ParseEhPNS_9MidiEventE
                0x0800292c      0x170 ../DaisyExamples/libDaisy/build\libdaisy.a(midi_parser.o)
                0x0800292c                daisy::MidiParser::Parse(unsigned char, daisy::MidiEvent*)
 .text._ZN5daisy10MidiParser5ResetEv
                0x08002a9c        0xc ../DaisyExamples/libDaisy/build\libdaisy.a(midi_parser.o)
                0x08002a9c                daisy::MidiParser::Reset()
 .text.DummyRxCallback
                0x08002aa8        0x4 ../DaisyExamples/libDaisy/build\libdaisy.a(usb.o)
                0x08002aa8                DummyRxCallback
 .text._ZN5daisy9UsbHandle4InitENS0_9UsbPeriphE
                0x08002aac      0x10c ../DaisyExamples/libDaisy/build\libdaisy.a(usb.o)
                0x08002aac                daisy::UsbHandle::Init(daisy::UsbHandle::UsbPeriph)
 .text._ZN5daisy9UsbHandle16TransmitInternalEPhj
                0x08002bb8       0x14 ../DaisyExamples/libDaisy/build\libdaisy.a(usb.o)
                0x08002bb8                daisy::UsbHandle::TransmitInternal(unsigned char*, unsigned int)
 .text.OTG_FS_EP1_OUT_IRQHandler
                0x08002bcc        0xc ../DaisyExamples/libDaisy/build\libdaisy.a(usb.o)
                0x08002bcc                OTG_FS_EP1_OUT_IRQHandler
 .text.OTG_FS_EP1_IN_IRQHandler
                0x08002bd8        0xc ../DaisyExamples/libDaisy/build\libdaisy.a(usb.o)
                0x08002bd8                OTG_FS_EP1_IN_IRQHandler
 .text.OTG_FS_IRQHandler
                0x08002be4        0xc ../DaisyExamples/libDaisy/build\libdaisy.a(usb.o)
                0x08002be4                OTG_FS_IRQHandler
 .text._ZN5daisy4GPIO4InitENS_3PinENS0_4ModeENS0_4PullENS0_5SpeedE
                0x08002bf0      0x1cc ../DaisyExamples/libDaisy/build\libdaisy.a(gpio.o)
                0x08002bf0                daisy::GPIO::Init(daisy::Pin, daisy::GPIO::Mode, daisy::GPIO::Pull, daisy::GPIO::Speed)
 .text._ZN5daisy4GPIO4ReadEv
                0x08002dbc       0x18 ../DaisyExamples/libDaisy/build\libdaisy.a(gpio.o)
                0x08002dbc                daisy::GPIO::Read()
 .text._ZN5daisy4GPIO5WriteEb
                0x08002dd4       0x14 ../DaisyExamples/libDaisy/build\libdaisy.a(gpio.o)
                0x08002dd4                daisy::GPIO::Write(bool)
 .text.dsy_gpio_init
                0x08002de8      0x1b8 ../DaisyExamples/libDaisy/build\libdaisy.a(gpio.o)
                0x08002de8                dsy_gpio_init
 .text.dsy_gpio_write
                0x08002fa0       0x24 ../DaisyExamples/libDaisy/build\libdaisy.a(gpio.o)
                0x08002fa0                dsy_gpio_write
 .text._ZN5daisy9I2CHandle4Impl8InitPinsEv
                0x08002fc4       0x58 ../DaisyExamples/libDaisy/build\libdaisy.a(i2c.o)
                0x08002fc4                daisy::I2CHandle::Impl::InitPins()
 .text.HAL_I2C_MspInit
                0x0800301c      0x1b4 ../DaisyExamples/libDaisy/build\libdaisy.a(i2c.o)
                0x0800301c                HAL_I2C_MspInit
 .text.dsy_i2c_global_init
                0x080031d0       0x78 ../DaisyExamples/libDaisy/build\libdaisy.a(i2c.o)
                0x080031d0                dsy_i2c_global_init
 .text.DMA1_Stream6_IRQHandler
                0x08003248       0x34 ../DaisyExamples/libDaisy/build\libdaisy.a(i2c.o)
                0x08003248                DMA1_Stream6_IRQHandler
 .text.I2C1_EV_IRQHandler
                0x0800327c        0xc ../DaisyExamples/libDaisy/build\libdaisy.a(i2c.o)
                0x0800327c                I2C1_EV_IRQHandler
 .text.I2C2_EV_IRQHandler
                0x08003288        0xc ../DaisyExamples/libDaisy/build\libdaisy.a(i2c.o)
                0x08003288                I2C2_EV_IRQHandler
 .text.I2C3_EV_IRQHandler
                0x08003294        0xc ../DaisyExamples/libDaisy/build\libdaisy.a(i2c.o)
                0x08003294                I2C3_EV_IRQHandler
 .text._ZN5daisy9I2CHandle4InitERKNS0_6ConfigE
                0x080032a0      0x12c ../DaisyExamples/libDaisy/build\libdaisy.a(i2c.o)
                0x080032a0                daisy::I2CHandle::Init(daisy::I2CHandle::Config const&)
 .text._ZN5daisy9I2CHandle16TransmitBlockingEtPhtm
                0x080033cc       0x50 ../DaisyExamples/libDaisy/build\libdaisy.a(i2c.o)
                0x080033cc                daisy::I2CHandle::TransmitBlocking(unsigned short, unsigned char*, unsigned short, unsigned long)
 .text.startup._GLOBAL__sub_I__ZN5daisy9I2CHandle4Impl10GlobalInitEv
                0x0800341c       0x18 ../DaisyExamples/libDaisy/build\libdaisy.a(i2c.o)
 .text._ZN5daisy10QSPIHandle4Impl11WriteEnableEv
                0x08003434       0x8c ../DaisyExamples/libDaisy/build\libdaisy.a(qspi.o)
                0x08003434                daisy::QSPIHandle::Impl::WriteEnable()
 .text._ZN5daisy10QSPIHandle4Impl17DummyCyclesConfigENS0_6Config6DeviceE
                0x080034c0      0x118 ../DaisyExamples/libDaisy/build\libdaisy.a(qspi.o)
                0x080034c0                daisy::QSPIHandle::Impl::DummyCyclesConfig(daisy::QSPIHandle::Config::Device)
 .text._ZN5daisy10QSPIHandle4Impl10QuadEnableEv
                0x080035d8      0x158 ../DaisyExamples/libDaisy/build\libdaisy.a(qspi.o)
                0x080035d8                daisy::QSPIHandle::Impl::QuadEnable()
 .text._ZN5daisy10QSPIHandle4InitERKNS0_6ConfigE
                0x08003730      0x198 ../DaisyExamples/libDaisy/build\libdaisy.a(qspi.o)
                0x08003730                daisy::QSPIHandle::Init(daisy::QSPIHandle::Config const&)
 .text.HAL_QSPI_MspInit
                0x080038c8      0x11c ../DaisyExamples/libDaisy/build\libdaisy.a(qspi.o)
                0x080038c8                HAL_QSPI_MspInit
 .text.HAL_QSPI_MspDeInit
                0x080039e4       0x54 ../DaisyExamples/libDaisy/build\libdaisy.a(qspi.o)
                0x080039e4                HAL_QSPI_MspDeInit
 .text.QUADSPI_IRQHandler
                0x08003a38        0xc ../DaisyExamples/libDaisy/build\libdaisy.a(qspi.o)
                0x08003a38                QUADSPI_IRQHandler
 .text.startup._GLOBAL__sub_I__ZN5daisy10QSPIHandle4Impl4InitERKNS0_6ConfigE
                0x08003a44       0x28 ../DaisyExamples/libDaisy/build\libdaisy.a(qspi.o)
 .text._ZN5daisy9SaiHandle4Impl7InitDmaENS1_15PeripheralBlockE
                0x08003a6c       0xa0 ../DaisyExamples/libDaisy/build\libdaisy.a(sai.o)
                0x08003a6c                daisy::SaiHandle::Impl::InitDma(daisy::SaiHandle::Impl::PeripheralBlock)
 .text._ZN5daisy9SaiHandle4Impl8InitPinsEv
                0x08003b0c       0xa8 ../DaisyExamples/libDaisy/build\libdaisy.a(sai.o)
                0x08003b0c                daisy::SaiHandle::Impl::InitPins()
 .text.HAL_SAI_MspInit
                0x08003bb4      0x164 ../DaisyExamples/libDaisy/build\libdaisy.a(sai.o)
                0x08003bb4                HAL_SAI_MspInit
 .text.DMA1_Stream0_IRQHandler
                0x08003d18        0xc ../DaisyExamples/libDaisy/build\libdaisy.a(sai.o)
                0x08003d18                DMA1_Stream0_IRQHandler
 .text.DMA1_Stream1_IRQHandler
                0x08003d24        0xc ../DaisyExamples/libDaisy/build\libdaisy.a(sai.o)
                0x08003d24                DMA1_Stream1_IRQHandler
 .text.DMA1_Stream3_IRQHandler
                0x08003d30        0xc ../DaisyExamples/libDaisy/build\libdaisy.a(sai.o)
                0x08003d30                DMA1_Stream3_IRQHandler
 .text.DMA1_Stream4_IRQHandler
                0x08003d3c        0xc ../DaisyExamples/libDaisy/build\libdaisy.a(sai.o)
                0x08003d3c                DMA1_Stream4_IRQHandler
 .text.HAL_SAI_RxHalfCpltCallback
                0x08003d48       0x78 ../DaisyExamples/libDaisy/build\libdaisy.a(sai.o)
                0x08003d48                HAL_SAI_RxHalfCpltCallback
 .text.HAL_SAI_RxCpltCallback
                0x08003dc0       0x70 ../DaisyExamples/libDaisy/build\libdaisy.a(sai.o)
                0x08003dc0                HAL_SAI_RxCpltCallback
 .text._ZN5daisy9SaiHandle4InitERKNS0_6ConfigE
                0x08003e30      0x1f0 ../DaisyExamples/libDaisy/build\libdaisy.a(sai.o)
                0x08003e30                daisy::SaiHandle::Init(daisy::SaiHandle::Config const&)
 .text._ZNK5daisy9SaiHandle9GetConfigEv
                0x08004020        0x4 ../DaisyExamples/libDaisy/build\libdaisy.a(sai.o)
                0x08004020                daisy::SaiHandle::GetConfig() const
 .text._ZN5daisy9SaiHandle8StartDmaEPlS1_jPFvS1_S1_jE
                0x08004024       0xbc ../DaisyExamples/libDaisy/build\libdaisy.a(sai.o)
                0x08004024                daisy::SaiHandle::StartDma(long*, long*, unsigned int, void (*)(long*, long*, unsigned int))
 .text._ZN5daisy9SaiHandle13GetSampleRateEv
                0x080040e0       0x24 ../DaisyExamples/libDaisy/build\libdaisy.a(sai.o)
                0x080040e0                daisy::SaiHandle::GetSampleRate()
 .text._ZNK5daisy9SaiHandle9GetOffsetEv
                0x08004104        0x8 ../DaisyExamples/libDaisy/build\libdaisy.a(sai.o)
                0x08004104                daisy::SaiHandle::GetOffset() const
 .text._ZL20UART_CheckRxListenerPN5daisy11UartHandler4ImplE
                0x0800410c       0x84 ../DaisyExamples/libDaisy/build\libdaisy.a(uart.o)
 .text._ZN5daisy11UartHandler4Impl10StartDmaTxEPhjPFvPvEPFvS3_NS0_6ResultEES3_
                0x08004190      0x184 ../DaisyExamples/libDaisy/build\libdaisy.a(uart.o)
                0x08004190                daisy::UartHandler::Impl::StartDmaTx(unsigned char*, unsigned int, void (*)(void*), void (*)(void*, daisy::UartHandler::Result), void*)
 .text._ZN5daisy11UartHandler4Impl10StartDmaRxEPhjPFvPvEPFvS3_NS0_6ResultEES3_
                0x08004314      0x184 ../DaisyExamples/libDaisy/build\libdaisy.a(uart.o)
                0x08004314                daisy::UartHandler::Impl::StartDmaRx(unsigned char*, unsigned int, void (*)(void*), void (*)(void*, daisy::UartHandler::Result), void*)
 .text._ZN5daisy11UartHandler4Impl19DmaTransferFinishedEP20__UART_HandleTypeDefNS0_6ResultE
                0x08004498       0xc0 ../DaisyExamples/libDaisy/build\libdaisy.a(uart.o)
                0x08004498                daisy::UartHandler::Impl::DmaTransferFinished(__UART_HandleTypeDef*, daisy::UartHandler::Result)
 .text._ZN5daisy11UartHandler4Impl8InitPinsEv
                0x08004558      0x154 ../DaisyExamples/libDaisy/build\libdaisy.a(uart.o)
                0x08004558                daisy::UartHandler::Impl::InitPins()
 .text.HAL_UART_MspInit
                0x080046ac      0x210 ../DaisyExamples/libDaisy/build\libdaisy.a(uart.o)
                0x080046ac                HAL_UART_MspInit
 .text.dsy_uart_global_init
                0x080048bc      0x110 ../DaisyExamples/libDaisy/build\libdaisy.a(uart.o)
                0x080048bc                dsy_uart_global_init
 .text.USART1_IRQHandler
                0x080049cc       0x2c ../DaisyExamples/libDaisy/build\libdaisy.a(uart.o)
                0x080049cc                USART1_IRQHandler
 .text.USART2_IRQHandler
                0x080049f8       0x34 ../DaisyExamples/libDaisy/build\libdaisy.a(uart.o)
                0x080049f8                USART2_IRQHandler
 .text.USART3_IRQHandler
                0x08004a2c       0x34 ../DaisyExamples/libDaisy/build\libdaisy.a(uart.o)
                0x08004a2c                USART3_IRQHandler
 .text.UART4_IRQHandler
                0x08004a60       0x34 ../DaisyExamples/libDaisy/build\libdaisy.a(uart.o)
                0x08004a60                UART4_IRQHandler
 .text.UART5_IRQHandler
                0x08004a94       0x34 ../DaisyExamples/libDaisy/build\libdaisy.a(uart.o)
                0x08004a94                UART5_IRQHandler
 .text.USART6_IRQHandler
                0x08004ac8       0x34 ../DaisyExamples/libDaisy/build\libdaisy.a(uart.o)
                0x08004ac8                USART6_IRQHandler
 .text.UART7_IRQHandler
                0x08004afc       0x34 ../DaisyExamples/libDaisy/build\libdaisy.a(uart.o)
                0x08004afc                UART7_IRQHandler
 .text.UART8_IRQHandler
                0x08004b30       0x34 ../DaisyExamples/libDaisy/build\libdaisy.a(uart.o)
                0x08004b30                UART8_IRQHandler
 .text.LPUART1_IRQHandler
                0x08004b64       0x34 ../DaisyExamples/libDaisy/build\libdaisy.a(uart.o)
                0x08004b64                LPUART1_IRQHandler
 .text.DMA1_Stream5_IRQHandler
                0x08004b98       0x34 ../DaisyExamples/libDaisy/build\libdaisy.a(uart.o)
                0x08004b98                DMA1_Stream5_IRQHandler
 .text.DMA2_Stream4_IRQHandler
                0x08004bcc       0x38 ../DaisyExamples/libDaisy/build\libdaisy.a(uart.o)
                0x08004bcc                DMA2_Stream4_IRQHandler
 .text.HAL_UART_TxCpltCallback
                0x08004c04        0x8 ../DaisyExamples/libDaisy/build\libdaisy.a(uart.o)
                0x08004c04                HAL_UART_TxCpltCallback
 .text.HAL_UART_RxCpltCallback
                0x08004c0c       0x94 ../DaisyExamples/libDaisy/build\libdaisy.a(uart.o)
                0x08004c0c                HAL_UART_RxCpltCallback
 .text.HAL_UART_RxHalfCpltCallback
                0x08004ca0       0x90 ../DaisyExamples/libDaisy/build\libdaisy.a(uart.o)
                0x08004ca0                HAL_UART_RxHalfCpltCallback
 .text.HAL_UART_ErrorCallback
                0x08004d30        0x8 ../DaisyExamples/libDaisy/build\libdaisy.a(uart.o)
                0x08004d30                HAL_UART_ErrorCallback
 .text._ZN5daisy11UartHandler4InitERKNS0_6ConfigE
                0x08004d38       0xd4 ../DaisyExamples/libDaisy/build\libdaisy.a(uart.o)
                0x08004d38                daisy::UartHandler::Init(daisy::UartHandler::Config const&)
 .text._ZN5daisy11UartHandler14DmaListenStartEPhjPFvS1_jPvNS0_6ResultEES2_
                0x08004e0c      0x114 ../DaisyExamples/libDaisy/build\libdaisy.a(uart.o)
                0x08004e0c                daisy::UartHandler::DmaListenStart(unsigned char*, unsigned int, void (*)(unsigned char*, unsigned int, void*, daisy::UartHandler::Result), void*)
 .text._ZNK5daisy11UartHandler11IsListeningEv
                0x08004f20        0x8 ../DaisyExamples/libDaisy/build\libdaisy.a(uart.o)
                0x08004f20                daisy::UartHandler::IsListening() const
 .text.startup._GLOBAL__sub_I__Z19MapInstanceToHandleP13USART_TypeDef
                0x08004f28      0x194 ../DaisyExamples/libDaisy/build\libdaisy.a(uart.o)
 .text.dsy_dma_init
                0x080050bc      0x100 ../DaisyExamples/libDaisy/build\libdaisy.a(dma.o)
                0x080050bc                dsy_dma_init
 .text.dsy_dma_clear_cache_for_buffer
                0x080051bc       0x2c ../DaisyExamples/libDaisy/build\libdaisy.a(dma.o)
                0x080051bc                dsy_dma_clear_cache_for_buffer
 .text.dsy_dma_invalidate_cache_for_buffer
                0x080051e8       0x2c ../DaisyExamples/libDaisy/build\libdaisy.a(dma.o)
                0x080051e8                dsy_dma_invalidate_cache_for_buffer
 .text._ZN5daisy11TimerHandleD2Ev
                0x08005214        0x4 ../DaisyExamples/libDaisy/build\libdaisy.a(system.o)
                0x08005214                daisy::TimerHandle::~TimerHandle()
                0x08005214                daisy::TimerHandle::~TimerHandle()
 .text.SysTick_Handler
                0x08005218       0x10 ../DaisyExamples/libDaisy/build\libdaisy.a(system.o)
                0x08005218                SysTick_Handler
 .text.OTG_HS_EP1_OUT_IRQHandler
                0x08005228       0x24 ../DaisyExamples/libDaisy/build\libdaisy.a(system.o)
                0x08005228                OTG_HS_EP1_OUT_IRQHandler
 .text.OTG_HS_EP1_IN_IRQHandler
                0x0800524c       0x24 ../DaisyExamples/libDaisy/build\libdaisy.a(system.o)
                0x0800524c                OTG_HS_EP1_IN_IRQHandler
 .text.OTG_HS_IRQHandler
                0x08005270       0x24 ../DaisyExamples/libDaisy/build\libdaisy.a(system.o)
                0x08005270                OTG_HS_IRQHandler
 .text.HardFault_Handler
                0x08005294       0xe0 ../DaisyExamples/libDaisy/build\libdaisy.a(system.o)
                0x08005294                HardFault_Handler
 .text._ZN5daisy6System6GetNowEv
                0x08005374        0x4 ../DaisyExamples/libDaisy/build\libdaisy.a(system.o)
                0x08005374                daisy::System::GetNow()
 .text._ZN5daisy6System5DelayEm
                0x08005378        0x4 ../DaisyExamples/libDaisy/build\libdaisy.a(system.o)
                0x08005378                daisy::System::Delay(unsigned long)
 .text._ZN5daisy6System20GetBootloaderVersionEv
                0x0800537c       0x34 ../DaisyExamples/libDaisy/build\libdaisy.a(system.o)
                0x0800537c                daisy::System::GetBootloaderVersion()
 .text._ZN5daisy6System15ConfigureClocksEv
                0x080053b0      0x194 ../DaisyExamples/libDaisy/build\libdaisy.a(system.o)
                0x080053b0                daisy::System::ConfigureClocks()
 .text._ZN5daisy6System12ConfigureMpuEv
                0x08005544       0x7c ../DaisyExamples/libDaisy/build\libdaisy.a(system.o)
                0x08005544                daisy::System::ConfigureMpu()
 .text._ZN5daisy6System4InitERKNS0_6ConfigE
                0x080055c0       0xec ../DaisyExamples/libDaisy/build\libdaisy.a(system.o)
                0x080055c0                daisy::System::Init(daisy::System::Config const&)
 .text._ZN5daisy6System12GetPClk1FreqEv
                0x080056ac        0x4 ../DaisyExamples/libDaisy/build\libdaisy.a(system.o)
                0x080056ac                daisy::System::GetPClk1Freq()
 .text._ZN5daisy6System22GetProgramMemoryRegionEv
                0x080056b0       0x78 ../DaisyExamples/libDaisy/build\libdaisy.a(system.o)
                0x080056b0                daisy::System::GetProgramMemoryRegion()
 .text.startup._GLOBAL__sub_I__ZN5daisy9boot_infoE
                0x08005728       0x1c ../DaisyExamples/libDaisy/build\libdaisy.a(system.o)
 .text.SystemInit
                0x08005744       0x9c ../DaisyExamples/libDaisy/build\libdaisy.a(system_stm32h7xx.o)
                0x08005744                SystemInit
 .text.dummy_rx_callback
                0x080057e0        0x4 ../DaisyExamples/libDaisy/build\libdaisy.a(usbd_cdc_if.o)
                0x080057e0                dummy_rx_callback
 .text.CDC_DeInit_FS
                0x080057e4        0x4 ../DaisyExamples/libDaisy/build\libdaisy.a(usbd_cdc_if.o)
 .text.CDC_Receive_FS
                0x080057e8       0x2c ../DaisyExamples/libDaisy/build\libdaisy.a(usbd_cdc_if.o)
 .text.CDC_Receive_HS
                0x08005814       0x2c ../DaisyExamples/libDaisy/build\libdaisy.a(usbd_cdc_if.o)
 .text.CDC_Init_FS
                0x08005840       0x3c ../DaisyExamples/libDaisy/build\libdaisy.a(usbd_cdc_if.o)
 .text.CDC_Init_HS
                0x0800587c       0x3c ../DaisyExamples/libDaisy/build\libdaisy.a(usbd_cdc_if.o)
 .text.CDC_Control_FS
                0x080058b8       0x34 ../DaisyExamples/libDaisy/build\libdaisy.a(usbd_cdc_if.o)
 .text.CDC_Control_HS
                0x080058ec       0x34 ../DaisyExamples/libDaisy/build\libdaisy.a(usbd_cdc_if.o)
 .text.CDC_DeInit_HS
                0x08005920        0x4 ../DaisyExamples/libDaisy/build\libdaisy.a(usbd_cdc_if.o)
 .text.CDC_Transmit_FS
                0x08005924       0x2c ../DaisyExamples/libDaisy/build\libdaisy.a(usbd_cdc_if.o)
                0x08005924                CDC_Transmit_FS
 .text.HAL_PCD_MspInit
                0x08005950      0x144 ../DaisyExamples/libDaisy/build\libdaisy.a(usbd_conf.o)
                0x08005950                HAL_PCD_MspInit
 .text.HAL_PCD_SetupStageCallback
                0x08005a94        0xc ../DaisyExamples/libDaisy/build\libdaisy.a(usbd_conf.o)
                0x08005a94                HAL_PCD_SetupStageCallback
 .text.HAL_PCD_DataOutStageCallback
                0x08005aa0       0x14 ../DaisyExamples/libDaisy/build\libdaisy.a(usbd_conf.o)
                0x08005aa0                HAL_PCD_DataOutStageCallback
 .text.HAL_PCD_DataInStageCallback
                0x08005ab4       0x14 ../DaisyExamples/libDaisy/build\libdaisy.a(usbd_conf.o)
                0x08005ab4                HAL_PCD_DataInStageCallback
 .text.HAL_PCD_SOFCallback
                0x08005ac8        0x8 ../DaisyExamples/libDaisy/build\libdaisy.a(usbd_conf.o)
                0x08005ac8                HAL_PCD_SOFCallback
 .text.HAL_PCD_ResetCallback
                0x08005ad0       0x24 ../DaisyExamples/libDaisy/build\libdaisy.a(usbd_conf.o)
                0x08005ad0                HAL_PCD_ResetCallback
 .text.HAL_PCD_SuspendCallback
                0x08005af4       0x30 ../DaisyExamples/libDaisy/build\libdaisy.a(usbd_conf.o)
                0x08005af4                HAL_PCD_SuspendCallback
 .text.HAL_PCD_ResumeCallback
                0x08005b24        0x8 ../DaisyExamples/libDaisy/build\libdaisy.a(usbd_conf.o)
                0x08005b24                HAL_PCD_ResumeCallback
 .text.HAL_PCD_ISOOUTIncompleteCallback
                0x08005b2c        0x8 ../DaisyExamples/libDaisy/build\libdaisy.a(usbd_conf.o)
                0x08005b2c                HAL_PCD_ISOOUTIncompleteCallback
 .text.HAL_PCD_ISOINIncompleteCallback
                0x08005b34        0x8 ../DaisyExamples/libDaisy/build\libdaisy.a(usbd_conf.o)
                0x08005b34                HAL_PCD_ISOINIncompleteCallback
 .text.HAL_PCD_ConnectCallback
                0x08005b3c        0x8 ../DaisyExamples/libDaisy/build\libdaisy.a(usbd_conf.o)
                0x08005b3c                HAL_PCD_ConnectCallback
 .text.HAL_PCD_DisconnectCallback
                0x08005b44        0x8 ../DaisyExamples/libDaisy/build\libdaisy.a(usbd_conf.o)
                0x08005b44                HAL_PCD_DisconnectCallback
 .text.USBD_LL_Init
                0x08005b4c       0xe4 ../DaisyExamples/libDaisy/build\libdaisy.a(usbd_conf.o)
                0x08005b4c                USBD_LL_Init
 .text.USBD_LL_Start
                0x08005c30       0x1c ../DaisyExamples/libDaisy/build\libdaisy.a(usbd_conf.o)
                0x08005c30                USBD_LL_Start
 .text.USBD_LL_OpenEP
                0x08005c4c       0x24 ../DaisyExamples/libDaisy/build\libdaisy.a(usbd_conf.o)
                0x08005c4c                USBD_LL_OpenEP
 .text.USBD_LL_CloseEP
                0x08005c70       0x1c ../DaisyExamples/libDaisy/build\libdaisy.a(usbd_conf.o)
                0x08005c70                USBD_LL_CloseEP
 .text.USBD_LL_StallEP
                0x08005c8c       0x1c ../DaisyExamples/libDaisy/build\libdaisy.a(usbd_conf.o)
                0x08005c8c                USBD_LL_StallEP
 .text.USBD_LL_ClearStallEP
                0x08005ca8       0x1c ../DaisyExamples/libDaisy/build\libdaisy.a(usbd_conf.o)
                0x08005ca8                USBD_LL_ClearStallEP
 .text.USBD_LL_IsStallEP
                0x08005cc4       0x28 ../DaisyExamples/libDaisy/build\libdaisy.a(usbd_conf.o)
                0x08005cc4                USBD_LL_IsStallEP
 .text.USBD_LL_SetUSBAddress
                0x08005cec       0x1c ../DaisyExamples/libDaisy/build\libdaisy.a(usbd_conf.o)
                0x08005cec                USBD_LL_SetUSBAddress
 .text.USBD_LL_Transmit
                0x08005d08       0x1c ../DaisyExamples/libDaisy/build\libdaisy.a(usbd_conf.o)
                0x08005d08                USBD_LL_Transmit
 .text.USBD_LL_PrepareReceive
                0x08005d24       0x1c ../DaisyExamples/libDaisy/build\libdaisy.a(usbd_conf.o)
                0x08005d24                USBD_LL_PrepareReceive
 .text.USBD_LL_GetRxDataSize
                0x08005d40        0x8 ../DaisyExamples/libDaisy/build\libdaisy.a(usbd_conf.o)
                0x08005d40                USBD_LL_GetRxDataSize
 .text.USBD_HS_DeviceDescriptor
                0x08005d48        0xc ../DaisyExamples/libDaisy/build\libdaisy.a(usbd_desc.o)
                0x08005d48                USBD_HS_DeviceDescriptor
 .text.USBD_FS_DeviceDescriptor
                0x08005d54        0xc ../DaisyExamples/libDaisy/build\libdaisy.a(usbd_desc.o)
                0x08005d54                USBD_FS_DeviceDescriptor
 .text.USBD_FS_LangIDStrDescriptor
                0x08005d60        0xc ../DaisyExamples/libDaisy/build\libdaisy.a(usbd_desc.o)
                0x08005d60                USBD_FS_LangIDStrDescriptor
 .text.USBD_FS_ManufacturerStrDescriptor
                0x08005d6c       0x1c ../DaisyExamples/libDaisy/build\libdaisy.a(usbd_desc.o)
                0x08005d6c                USBD_FS_ManufacturerStrDescriptor
 .text.USBD_HS_ProductStrDescriptor
                0x08005d88       0x1c ../DaisyExamples/libDaisy/build\libdaisy.a(usbd_desc.o)
                0x08005d88                USBD_HS_ProductStrDescriptor
 .text.USBD_FS_ConfigStrDescriptor
                0x08005da4       0x1c ../DaisyExamples/libDaisy/build\libdaisy.a(usbd_desc.o)
                0x08005da4                USBD_FS_ConfigStrDescriptor
 .text.USBD_FS_InterfaceStrDescriptor
                0x08005dc0       0x1c ../DaisyExamples/libDaisy/build\libdaisy.a(usbd_desc.o)
                0x08005dc0                USBD_FS_InterfaceStrDescriptor
 .text.USBD_FS_ProductStrDescriptor
                0x08005ddc       0x1c ../DaisyExamples/libDaisy/build\libdaisy.a(usbd_desc.o)
                0x08005ddc                USBD_FS_ProductStrDescriptor
 .text.USBD_HS_LangIDStrDescriptor
                0x08005df8        0xc ../DaisyExamples/libDaisy/build\libdaisy.a(usbd_desc.o)
                0x08005df8                USBD_HS_LangIDStrDescriptor
 .text.USBD_HS_ManufacturerStrDescriptor
                0x08005e04       0x1c ../DaisyExamples/libDaisy/build\libdaisy.a(usbd_desc.o)
                0x08005e04                USBD_HS_ManufacturerStrDescriptor
 .text.USBD_FS_SerialStrDescriptor
                0x08005e20      0x124 ../DaisyExamples/libDaisy/build\libdaisy.a(usbd_desc.o)
                0x08005e20                USBD_FS_SerialStrDescriptor
 .text.USBD_HS_SerialStrDescriptor
                0x08005f44      0x124 ../DaisyExamples/libDaisy/build\libdaisy.a(usbd_desc.o)
                0x08005f44                USBD_HS_SerialStrDescriptor
 .text.USBD_HS_InterfaceStrDescriptor
                0x08006068       0x1c ../DaisyExamples/libDaisy/build\libdaisy.a(usbd_desc.o)
                0x08006068                USBD_HS_InterfaceStrDescriptor
 .text.USBD_HS_ConfigStrDescriptor
                0x08006084       0x1c ../DaisyExamples/libDaisy/build\libdaisy.a(usbd_desc.o)
                0x08006084                USBD_HS_ConfigStrDescriptor
 .text.HAL_HCD_SOF_Callback
                0x080060a0        0x8 ../DaisyExamples/libDaisy/build\libdaisy.a(usbh_conf.o)
                0x080060a0                HAL_HCD_SOF_Callback
 .text.HAL_HCD_Connect_Callback
                0x080060a8        0x8 ../DaisyExamples/libDaisy/build\libdaisy.a(usbh_conf.o)
                0x080060a8                HAL_HCD_Connect_Callback
 .text.HAL_HCD_Disconnect_Callback
                0x080060b0        0x8 ../DaisyExamples/libDaisy/build\libdaisy.a(usbh_conf.o)
                0x080060b0                HAL_HCD_Disconnect_Callback
 .text.HAL_HCD_HC_NotifyURBChange_Callback
                0x080060b8        0x4 ../DaisyExamples/libDaisy/build\libdaisy.a(usbh_conf.o)
                0x080060b8                HAL_HCD_HC_NotifyURBChange_Callback
 .text.HAL_HCD_PortEnabled_Callback
                0x080060bc        0x8 ../DaisyExamples/libDaisy/build\libdaisy.a(usbh_conf.o)
                0x080060bc                HAL_HCD_PortEnabled_Callback
 .text.HAL_HCD_PortDisabled_Callback
                0x080060c4        0x8 ../DaisyExamples/libDaisy/build\libdaisy.a(usbh_conf.o)
                0x080060c4                HAL_HCD_PortDisabled_Callback
 .text.USBH_LL_Stop
                0x080060cc       0x1c ../DaisyExamples/libDaisy/build\libdaisy.a(usbh_conf.o)
                0x080060cc                USBH_LL_Stop
 .text.dsy_hal_map_get_port
                0x080060e8       0x10 ../DaisyExamples/libDaisy/build\libdaisy.a(hal_map.o)
                0x080060e8                dsy_hal_map_get_port
 .text.dsy_hal_map_get_pin
                0x080060f8       0x10 ../DaisyExamples/libDaisy/build\libdaisy.a(hal_map.o)
                0x080060f8                dsy_hal_map_get_pin
 .text.dsy_hal_map_gpio_clk_enable
                0x08006108      0x150 ../DaisyExamples/libDaisy/build\libdaisy.a(hal_map.o)
                0x08006108                dsy_hal_map_gpio_clk_enable
 .text.HAL_MspInit
                0x08006258        0x4 ../DaisyExamples/libDaisy/build\libdaisy.a(stm32h7xx_hal.o)
                0x08006258                HAL_MspInit
 .text.HAL_InitTick
                0x0800625c       0x4c ../DaisyExamples/libDaisy/build\libdaisy.a(stm32h7xx_hal.o)
                0x0800625c                HAL_InitTick
 .text.HAL_Init
                0x080062a8       0x60 ../DaisyExamples/libDaisy/build\libdaisy.a(stm32h7xx_hal.o)
                0x080062a8                HAL_Init
 .text.HAL_IncTick
                0x08006308       0x18 ../DaisyExamples/libDaisy/build\libdaisy.a(stm32h7xx_hal.o)
                0x08006308                HAL_IncTick
 .text.HAL_GetTick
                0x08006320        0xc ../DaisyExamples/libDaisy/build\libdaisy.a(stm32h7xx_hal.o)
                0x08006320                HAL_GetTick
 .text.HAL_Delay
                0x0800632c       0x24 ../DaisyExamples/libDaisy/build\libdaisy.a(stm32h7xx_hal.o)
                0x0800632c                HAL_Delay
 .text.HAL_GetREVID
                0x08006350        0xc ../DaisyExamples/libDaisy/build\libdaisy.a(stm32h7xx_hal.o)
                0x08006350                HAL_GetREVID
 .text.HAL_NVIC_SetPriorityGrouping
                0x0800635c       0x24 ../DaisyExamples/libDaisy/build\libdaisy.a(stm32h7xx_hal_cortex.o)
                0x0800635c                HAL_NVIC_SetPriorityGrouping
 .text.HAL_NVIC_SetPriority
                0x08006380       0x7c ../DaisyExamples/libDaisy/build\libdaisy.a(stm32h7xx_hal_cortex.o)
                0x08006380                HAL_NVIC_SetPriority
 .text.HAL_NVIC_EnableIRQ
                0x080063fc       0x1c ../DaisyExamples/libDaisy/build\libdaisy.a(stm32h7xx_hal_cortex.o)
                0x080063fc                HAL_NVIC_EnableIRQ
 .text.HAL_NVIC_DisableIRQ
                0x08006418       0x28 ../DaisyExamples/libDaisy/build\libdaisy.a(stm32h7xx_hal_cortex.o)
                0x08006418                HAL_NVIC_DisableIRQ
 .text.HAL_SYSTICK_Config
                0x08006440       0x2c ../DaisyExamples/libDaisy/build\libdaisy.a(stm32h7xx_hal_cortex.o)
                0x08006440                HAL_SYSTICK_Config
 .text.HAL_MPU_Disable
                0x0800646c       0x1c ../DaisyExamples/libDaisy/build\libdaisy.a(stm32h7xx_hal_cortex.o)
                0x0800646c                HAL_MPU_Disable
 .text.HAL_MPU_Enable
                0x08006488       0x20 ../DaisyExamples/libDaisy/build\libdaisy.a(stm32h7xx_hal_cortex.o)
                0x08006488                HAL_MPU_Enable
 .text.HAL_MPU_ConfigRegion
                0x080064a8       0x64 ../DaisyExamples/libDaisy/build\libdaisy.a(stm32h7xx_hal_cortex.o)
                0x080064a8                HAL_MPU_ConfigRegion
 .text.HAL_SYSTICK_Callback
                0x0800650c        0x4 ../DaisyExamples/libDaisy/build\libdaisy.a(stm32h7xx_hal_cortex.o)
                0x0800650c                HAL_SYSTICK_Callback
 .text.HAL_SYSTICK_IRQHandler
                0x08006510        0x8 ../DaisyExamples/libDaisy/build\libdaisy.a(stm32h7xx_hal_cortex.o)
                0x08006510                HAL_SYSTICK_IRQHandler
 .text.DMA_CalcBaseAndBitshift
                0x08006518       0xf4 ../DaisyExamples/libDaisy/build\libdaisy.a(stm32h7xx_hal_dma.o)
 .text.DMA_CalcDMAMUXChannelBaseAndMask
                0x0800660c       0xd8 ../DaisyExamples/libDaisy/build\libdaisy.a(stm32h7xx_hal_dma.o)
 .text.HAL_DMA_Init
                0x080066e4      0x37c ../DaisyExamples/libDaisy/build\libdaisy.a(stm32h7xx_hal_dma.o)
                0x080066e4                HAL_DMA_Init
 .text.HAL_DMA_Start_IT
                0x08006a60      0x240 ../DaisyExamples/libDaisy/build\libdaisy.a(stm32h7xx_hal_dma.o)
                0x08006a60                HAL_DMA_Start_IT
 .text.HAL_DMA_Abort_IT
                0x08006ca0      0x134 ../DaisyExamples/libDaisy/build\libdaisy.a(stm32h7xx_hal_dma.o)
                0x08006ca0                HAL_DMA_Abort_IT
 .text.HAL_DMA_IRQHandler
                0x08006dd4      0x6a0 ../DaisyExamples/libDaisy/build\libdaisy.a(stm32h7xx_hal_dma.o)
                0x08006dd4                HAL_DMA_IRQHandler
 .text.HAL_DMA_GetError
                0x08007474        0x4 ../DaisyExamples/libDaisy/build\libdaisy.a(stm32h7xx_hal_dma.o)
                0x08007474                HAL_DMA_GetError
 .text.HAL_GPIO_Init
                0x08007478      0x280 ../DaisyExamples/libDaisy/build\libdaisy.a(stm32h7xx_hal_gpio.o)
                0x08007478                HAL_GPIO_Init
 .text.HAL_GPIO_DeInit
                0x080076f8      0x190 ../DaisyExamples/libDaisy/build\libdaisy.a(stm32h7xx_hal_gpio.o)
                0x080076f8                HAL_GPIO_DeInit
 .text.HAL_GPIO_ReadPin
                0x08007888        0xc ../DaisyExamples/libDaisy/build\libdaisy.a(stm32h7xx_hal_gpio.o)
                0x08007888                HAL_GPIO_ReadPin
 .text.HAL_GPIO_WritePin
                0x08007894        0x8 ../DaisyExamples/libDaisy/build\libdaisy.a(stm32h7xx_hal_gpio.o)
                0x08007894                HAL_GPIO_WritePin
 .text.HAL_HCD_IRQHandler
                0x0800789c      0x780 ../DaisyExamples/libDaisy/build\libdaisy.a(stm32h7xx_hal_hcd.o)
                0x0800789c                HAL_HCD_IRQHandler
 .text.HAL_HCD_Stop
                0x0800801c       0x28 ../DaisyExamples/libDaisy/build\libdaisy.a(stm32h7xx_hal_hcd.o)
                0x0800801c                HAL_HCD_Stop
 .text.I2C_WaitOnTXISFlagUntilTimeout
                0x08008044       0xb8 ../DaisyExamples/libDaisy/build\libdaisy.a(stm32h7xx_hal_i2c.o)
 .text.I2C_WaitOnSTOPFlagUntilTimeout
                0x080080fc       0xac ../DaisyExamples/libDaisy/build\libdaisy.a(stm32h7xx_hal_i2c.o)
 .text.HAL_I2C_Init
                0x080081a8       0xac ../DaisyExamples/libDaisy/build\libdaisy.a(stm32h7xx_hal_i2c.o)
                0x080081a8                HAL_I2C_Init
 .text.HAL_I2C_Master_Transmit
                0x08008254      0x1a8 ../DaisyExamples/libDaisy/build\libdaisy.a(stm32h7xx_hal_i2c.o)
                0x08008254                HAL_I2C_Master_Transmit
 .text.HAL_I2C_Slave_Transmit
                0x080083fc      0x1c8 ../DaisyExamples/libDaisy/build\libdaisy.a(stm32h7xx_hal_i2c.o)
                0x080083fc                HAL_I2C_Slave_Transmit
 .text.HAL_I2C_EV_IRQHandler
                0x080085c4       0x10 ../DaisyExamples/libDaisy/build\libdaisy.a(stm32h7xx_hal_i2c.o)
                0x080085c4                HAL_I2C_EV_IRQHandler
 .text.HAL_I2C_GetState
                0x080085d4        0x8 ../DaisyExamples/libDaisy/build\libdaisy.a(stm32h7xx_hal_i2c.o)
                0x080085d4                HAL_I2C_GetState
 .text.HAL_I2CEx_ConfigAnalogFilter
                0x080085dc       0x54 ../DaisyExamples/libDaisy/build\libdaisy.a(stm32h7xx_hal_i2c_ex.o)
                0x080085dc                HAL_I2CEx_ConfigAnalogFilter
 .text.HAL_I2CEx_ConfigDigitalFilter
                0x08008630       0x58 ../DaisyExamples/libDaisy/build\libdaisy.a(stm32h7xx_hal_i2c_ex.o)
                0x08008630                HAL_I2CEx_ConfigDigitalFilter
 .text.HAL_PCD_Init
                0x08008688      0x12c ../DaisyExamples/libDaisy/build\libdaisy.a(stm32h7xx_hal_pcd.o)
                0x08008688                HAL_PCD_Init
 .text.HAL_PCD_Start
                0x080087b4       0x44 ../DaisyExamples/libDaisy/build\libdaisy.a(stm32h7xx_hal_pcd.o)
                0x080087b4                HAL_PCD_Start
 .text.HAL_PCD_IRQHandler
                0x080087f8      0x69c ../DaisyExamples/libDaisy/build\libdaisy.a(stm32h7xx_hal_pcd.o)
                0x080087f8                HAL_PCD_IRQHandler
 .text.HAL_PCD_SetAddress
                0x08008e94       0x2c ../DaisyExamples/libDaisy/build\libdaisy.a(stm32h7xx_hal_pcd.o)
                0x08008e94                HAL_PCD_SetAddress
 .text.HAL_PCD_EP_Open
                0x08008ec0       0x7c ../DaisyExamples/libDaisy/build\libdaisy.a(stm32h7xx_hal_pcd.o)
                0x08008ec0                HAL_PCD_EP_Open
 .text.HAL_PCD_EP_Close
                0x08008f3c       0x6c ../DaisyExamples/libDaisy/build\libdaisy.a(stm32h7xx_hal_pcd.o)
                0x08008f3c                HAL_PCD_EP_Close
 .text.HAL_PCD_EP_Receive
                0x08008fa8       0x50 ../DaisyExamples/libDaisy/build\libdaisy.a(stm32h7xx_hal_pcd.o)
                0x08008fa8                HAL_PCD_EP_Receive
 .text.HAL_PCD_EP_GetRxCount
                0x08008ff8       0x14 ../DaisyExamples/libDaisy/build\libdaisy.a(stm32h7xx_hal_pcd.o)
                0x08008ff8                HAL_PCD_EP_GetRxCount
 .text.HAL_PCD_EP_Transmit
                0x0800900c       0x50 ../DaisyExamples/libDaisy/build\libdaisy.a(stm32h7xx_hal_pcd.o)
                0x0800900c                HAL_PCD_EP_Transmit
 .text.HAL_PCD_EP_SetStall
                0x0800905c       0x88 ../DaisyExamples/libDaisy/build\libdaisy.a(stm32h7xx_hal_pcd.o)
                0x0800905c                HAL_PCD_EP_SetStall
 .text.HAL_PCD_EP_ClrStall
                0x080090e4       0x78 ../DaisyExamples/libDaisy/build\libdaisy.a(stm32h7xx_hal_pcd.o)
                0x080090e4                HAL_PCD_EP_ClrStall
 .text.HAL_PCDEx_SetTxFiFo
                0x0800915c       0x54 ../DaisyExamples/libDaisy/build\libdaisy.a(stm32h7xx_hal_pcd_ex.o)
                0x0800915c                HAL_PCDEx_SetTxFiFo
 .text.HAL_PCDEx_SetRxFiFo
                0x080091b0        0xc ../DaisyExamples/libDaisy/build\libdaisy.a(stm32h7xx_hal_pcd_ex.o)
                0x080091b0                HAL_PCDEx_SetRxFiFo
 .text.HAL_PCDEx_ActivateLPM
                0x080091bc       0x30 ../DaisyExamples/libDaisy/build\libdaisy.a(stm32h7xx_hal_pcd_ex.o)
                0x080091bc                HAL_PCDEx_ActivateLPM
 .text.HAL_PCDEx_LPM_Callback
                0x080091ec        0x4 ../DaisyExamples/libDaisy/build\libdaisy.a(stm32h7xx_hal_pcd_ex.o)
                0x080091ec                HAL_PCDEx_LPM_Callback
 .text.HAL_PWREx_ConfigSupply
                0x080091f0       0x4c ../DaisyExamples/libDaisy/build\libdaisy.a(stm32h7xx_hal_pwr_ex.o)
                0x080091f0                HAL_PWREx_ConfigSupply
 .text.HAL_PWREx_EnableUSBVoltageDetector
                0x0800923c       0x10 ../DaisyExamples/libDaisy/build\libdaisy.a(stm32h7xx_hal_pwr_ex.o)
                0x0800923c                HAL_PWREx_EnableUSBVoltageDetector
 .text.QSPI_Config
                0x0800924c      0x174 ../DaisyExamples/libDaisy/build\libdaisy.a(stm32h7xx_hal_qspi.o)
 .text.HAL_QSPI_Init
                0x080093c0       0xd8 ../DaisyExamples/libDaisy/build\libdaisy.a(stm32h7xx_hal_qspi.o)
                0x080093c0                HAL_QSPI_Init
 .text.HAL_QSPI_DeInit
                0x08009498       0x3c ../DaisyExamples/libDaisy/build\libdaisy.a(stm32h7xx_hal_qspi.o)
                0x08009498                HAL_QSPI_DeInit
 .text.HAL_QSPI_Command
                0x080094d4       0xd4 ../DaisyExamples/libDaisy/build\libdaisy.a(stm32h7xx_hal_qspi.o)
                0x080094d4                HAL_QSPI_Command
 .text.HAL_QSPI_Transmit
                0x080095a8       0xfc ../DaisyExamples/libDaisy/build\libdaisy.a(stm32h7xx_hal_qspi.o)
                0x080095a8                HAL_QSPI_Transmit
 .text.HAL_QSPI_Receive
                0x080096a4      0x108 ../DaisyExamples/libDaisy/build\libdaisy.a(stm32h7xx_hal_qspi.o)
                0x080096a4                HAL_QSPI_Receive
 .text.HAL_QSPI_AutoPolling
                0x080097ac       0xf0 ../DaisyExamples/libDaisy/build\libdaisy.a(stm32h7xx_hal_qspi.o)
                0x080097ac                HAL_QSPI_AutoPolling
 .text.HAL_QSPI_MemoryMapped
                0x0800989c       0xc0 ../DaisyExamples/libDaisy/build\libdaisy.a(stm32h7xx_hal_qspi.o)
                0x0800989c                HAL_QSPI_MemoryMapped
 .text.HAL_QSPI_ErrorCallback
                0x0800995c        0x4 ../DaisyExamples/libDaisy/build\libdaisy.a(stm32h7xx_hal_qspi.o)
                0x0800995c                HAL_QSPI_ErrorCallback
 .text.QSPI_DMAAbortCplt
                0x08009960       0x38 ../DaisyExamples/libDaisy/build\libdaisy.a(stm32h7xx_hal_qspi.o)
 .text.HAL_QSPI_AbortCpltCallback
                0x08009998        0x4 ../DaisyExamples/libDaisy/build\libdaisy.a(stm32h7xx_hal_qspi.o)
                0x08009998                HAL_QSPI_AbortCpltCallback
 .text.HAL_QSPI_CmdCpltCallback
                0x0800999c        0x4 ../DaisyExamples/libDaisy/build\libdaisy.a(stm32h7xx_hal_qspi.o)
                0x0800999c                HAL_QSPI_CmdCpltCallback
 .text.HAL_QSPI_RxCpltCallback
                0x080099a0        0x4 ../DaisyExamples/libDaisy/build\libdaisy.a(stm32h7xx_hal_qspi.o)
                0x080099a0                HAL_QSPI_RxCpltCallback
 .text.HAL_QSPI_TxCpltCallback
                0x080099a4        0x4 ../DaisyExamples/libDaisy/build\libdaisy.a(stm32h7xx_hal_qspi.o)
                0x080099a4                HAL_QSPI_TxCpltCallback
 .text.HAL_QSPI_FifoThresholdCallback
                0x080099a8        0x4 ../DaisyExamples/libDaisy/build\libdaisy.a(stm32h7xx_hal_qspi.o)
                0x080099a8                HAL_QSPI_FifoThresholdCallback
 .text.HAL_QSPI_StatusMatchCallback
                0x080099ac        0x4 ../DaisyExamples/libDaisy/build\libdaisy.a(stm32h7xx_hal_qspi.o)
                0x080099ac                HAL_QSPI_StatusMatchCallback
 .text.HAL_QSPI_TimeOutCallback
                0x080099b0        0x4 ../DaisyExamples/libDaisy/build\libdaisy.a(stm32h7xx_hal_qspi.o)
                0x080099b0                HAL_QSPI_TimeOutCallback
 .text.HAL_QSPI_IRQHandler
                0x080099b4      0x210 ../DaisyExamples/libDaisy/build\libdaisy.a(stm32h7xx_hal_qspi.o)
                0x080099b4                HAL_QSPI_IRQHandler
 .text.HAL_RCC_OscConfig
                0x08009bc4      0x51c ../DaisyExamples/libDaisy/build\libdaisy.a(stm32h7xx_hal_rcc.o)
                0x08009bc4                HAL_RCC_OscConfig
 .text.HAL_RCC_GetSysClockFreq
                0x0800a0e0      0x140 ../DaisyExamples/libDaisy/build\libdaisy.a(stm32h7xx_hal_rcc.o)
                0x0800a0e0                HAL_RCC_GetSysClockFreq
 .text.HAL_RCC_ClockConfig
                0x0800a220      0x234 ../DaisyExamples/libDaisy/build\libdaisy.a(stm32h7xx_hal_rcc.o)
                0x0800a220                HAL_RCC_ClockConfig
 .text.HAL_RCC_GetHCLKFreq
                0x0800a454       0x2c ../DaisyExamples/libDaisy/build\libdaisy.a(stm32h7xx_hal_rcc.o)
                0x0800a454                HAL_RCC_GetHCLKFreq
 .text.HAL_RCC_GetPCLK1Freq
                0x0800a480       0x38 ../DaisyExamples/libDaisy/build\libdaisy.a(stm32h7xx_hal_rcc.o)
                0x0800a480                HAL_RCC_GetPCLK1Freq
 .text.HAL_RCC_GetPCLK2Freq
                0x0800a4b8       0x38 ../DaisyExamples/libDaisy/build\libdaisy.a(stm32h7xx_hal_rcc.o)
                0x0800a4b8                HAL_RCC_GetPCLK2Freq
 .text.RCCEx_PLL2_Config
                0x0800a4f0       0xf4 ../DaisyExamples/libDaisy/build\libdaisy.a(stm32h7xx_hal_rcc_ex.o)
 .text.RCCEx_PLL3_Config
                0x0800a5e4       0xf4 ../DaisyExamples/libDaisy/build\libdaisy.a(stm32h7xx_hal_rcc_ex.o)
 .text.HAL_RCCEx_PeriphCLKConfig
                0x0800a6d8      0xa7c ../DaisyExamples/libDaisy/build\libdaisy.a(stm32h7xx_hal_rcc_ex.o)
                0x0800a6d8                HAL_RCCEx_PeriphCLKConfig
 .text.HAL_RCCEx_GetD3PCLK1Freq
                0x0800b154       0x24 ../DaisyExamples/libDaisy/build\libdaisy.a(stm32h7xx_hal_rcc_ex.o)
                0x0800b154                HAL_RCCEx_GetD3PCLK1Freq
 .text.HAL_RCCEx_GetPLL2ClockFreq
                0x0800b178      0x17c ../DaisyExamples/libDaisy/build\libdaisy.a(stm32h7xx_hal_rcc_ex.o)
                0x0800b178                HAL_RCCEx_GetPLL2ClockFreq
 .text.HAL_RCCEx_GetPLL3ClockFreq
                0x0800b2f4      0x17c ../DaisyExamples/libDaisy/build\libdaisy.a(stm32h7xx_hal_rcc_ex.o)
                0x0800b2f4                HAL_RCCEx_GetPLL3ClockFreq
 .text.HAL_RCCEx_GetPLL1ClockFreq
                0x0800b470      0x17c ../DaisyExamples/libDaisy/build\libdaisy.a(stm32h7xx_hal_rcc_ex.o)
                0x0800b470                HAL_RCCEx_GetPLL1ClockFreq
 .text.HAL_RCCEx_GetPeriphCLKFreq
                0x0800b5ec      0x198 ../DaisyExamples/libDaisy/build\libdaisy.a(stm32h7xx_hal_rcc_ex.o)
                0x0800b5ec                HAL_RCCEx_GetPeriphCLKFreq
 .text.HAL_RCCEx_GetD1SysClockFreq
                0x0800b784       0x2c ../DaisyExamples/libDaisy/build\libdaisy.a(stm32h7xx_hal_rcc_ex.o)
                0x0800b784                HAL_RCCEx_GetD1SysClockFreq
 .text.HAL_SAI_Init.part.0
                0x0800b7b0      0x348 ../DaisyExamples/libDaisy/build\libdaisy.a(stm32h7xx_hal_sai.o)
 .text.HAL_SAI_InitProtocol
                0x0800baf8      0x178 ../DaisyExamples/libDaisy/build\libdaisy.a(stm32h7xx_hal_sai.o)
                0x0800baf8                HAL_SAI_InitProtocol
 .text.HAL_SAI_Transmit_DMA
                0x0800bc70      0x124 ../DaisyExamples/libDaisy/build\libdaisy.a(stm32h7xx_hal_sai.o)
                0x0800bc70                HAL_SAI_Transmit_DMA
 .text.HAL_SAI_Receive_DMA
                0x0800bd94       0xd0 ../DaisyExamples/libDaisy/build\libdaisy.a(stm32h7xx_hal_sai.o)
                0x0800bd94                HAL_SAI_Receive_DMA
 .text.HAL_SAI_TxCpltCallback
                0x0800be64        0x4 ../DaisyExamples/libDaisy/build\libdaisy.a(stm32h7xx_hal_sai.o)
                0x0800be64                HAL_SAI_TxCpltCallback
 .text.SAI_DMATxCplt
                0x0800be68       0x64 ../DaisyExamples/libDaisy/build\libdaisy.a(stm32h7xx_hal_sai.o)
 .text.HAL_SAI_TxHalfCpltCallback
                0x0800becc        0x4 ../DaisyExamples/libDaisy/build\libdaisy.a(stm32h7xx_hal_sai.o)
                0x0800becc                HAL_SAI_TxHalfCpltCallback
 .text.SAI_DMATxHalfCplt
                0x0800bed0        0xc ../DaisyExamples/libDaisy/build\libdaisy.a(stm32h7xx_hal_sai.o)
 .text.SAI_DMARxCplt
                0x0800bedc       0x64 ../DaisyExamples/libDaisy/build\libdaisy.a(stm32h7xx_hal_sai.o)
 .text.SAI_DMARxHalfCplt
                0x0800bf40        0xc ../DaisyExamples/libDaisy/build\libdaisy.a(stm32h7xx_hal_sai.o)
 .text.HAL_SAI_ErrorCallback
                0x0800bf4c        0x4 ../DaisyExamples/libDaisy/build\libdaisy.a(stm32h7xx_hal_sai.o)
                0x0800bf4c                HAL_SAI_ErrorCallback
 .text.SAI_DMAError
                0x0800bf50       0x6c ../DaisyExamples/libDaisy/build\libdaisy.a(stm32h7xx_hal_sai.o)
 .text.HAL_SDRAM_Init
                0x0800bfbc       0x54 ../DaisyExamples/libDaisy/build\libdaisy.a(stm32h7xx_hal_sdram.o)
                0x0800bfbc                HAL_SDRAM_Init
 .text.HAL_SDRAM_SendCommand
                0x0800c010       0x40 ../DaisyExamples/libDaisy/build\libdaisy.a(stm32h7xx_hal_sdram.o)
                0x0800c010                HAL_SDRAM_SendCommand
 .text.HAL_SDRAM_ProgramRefreshRate
                0x0800c050       0x30 ../DaisyExamples/libDaisy/build\libdaisy.a(stm32h7xx_hal_sdram.o)
                0x0800c050                HAL_SDRAM_ProgramRefreshRate
 .text.HAL_UART_Transmit_DMA
                0x0800c080       0xa4 ../DaisyExamples/libDaisy/build\libdaisy.a(stm32h7xx_hal_uart.o)
                0x0800c080                HAL_UART_Transmit_DMA
 .text.HAL_UART_Receive_DMA
                0x0800c124       0xac ../DaisyExamples/libDaisy/build\libdaisy.a(stm32h7xx_hal_uart.o)
                0x0800c124                HAL_UART_Receive_DMA
 .text.UART_DMATransmitCplt
                0x0800c1d0       0x2c ../DaisyExamples/libDaisy/build\libdaisy.a(stm32h7xx_hal_uart.o)
 .text.HAL_UART_TxHalfCpltCallback
                0x0800c1fc        0x4 ../DaisyExamples/libDaisy/build\libdaisy.a(stm32h7xx_hal_uart.o)
                0x0800c1fc                HAL_UART_TxHalfCpltCallback
 .text.UART_DMATxHalfCplt
                0x0800c200        0xc ../DaisyExamples/libDaisy/build\libdaisy.a(stm32h7xx_hal_uart.o)
 .text.UART_DMAReceiveCplt
                0x0800c20c       0x38 ../DaisyExamples/libDaisy/build\libdaisy.a(stm32h7xx_hal_uart.o)
 .text.UART_DMARxHalfCplt
                0x0800c244        0xc ../DaisyExamples/libDaisy/build\libdaisy.a(stm32h7xx_hal_uart.o)
 .text.UART_DMAError
                0x0800c250       0x78 ../DaisyExamples/libDaisy/build\libdaisy.a(stm32h7xx_hal_uart.o)
 .text.HAL_UART_IRQHandler
                0x0800c2c8      0x1d0 ../DaisyExamples/libDaisy/build\libdaisy.a(stm32h7xx_hal_uart.o)
                0x0800c2c8                HAL_UART_IRQHandler
 .text.UART_DMAAbortOnError
                0x0800c498       0x14 ../DaisyExamples/libDaisy/build\libdaisy.a(stm32h7xx_hal_uart.o)
 .text.HAL_UART_GetState
                0x0800c4ac        0xc ../DaisyExamples/libDaisy/build\libdaisy.a(stm32h7xx_hal_uart.o)
                0x0800c4ac                HAL_UART_GetState
 .text.UART_SetConfig
                0x0800c4b8     0x14b8 ../DaisyExamples/libDaisy/build\libdaisy.a(stm32h7xx_hal_uart.o)
                0x0800c4b8                UART_SetConfig
 .text.UART_AdvFeatureConfig
                0x0800d970       0xb0 ../DaisyExamples/libDaisy/build\libdaisy.a(stm32h7xx_hal_uart.o)
                0x0800d970                UART_AdvFeatureConfig
 .text.UART_CheckIdleState
                0x0800da20       0x84 ../DaisyExamples/libDaisy/build\libdaisy.a(stm32h7xx_hal_uart.o)
                0x0800da20                UART_CheckIdleState
 .text.HAL_UART_Init
                0x0800daa4       0x68 ../DaisyExamples/libDaisy/build\libdaisy.a(stm32h7xx_hal_uart.o)
                0x0800daa4                HAL_UART_Init
 .text.HAL_UARTEx_WakeupCallback
                0x0800db0c        0x4 ../DaisyExamples/libDaisy/build\libdaisy.a(stm32h7xx_hal_uart_ex.o)
                0x0800db0c                HAL_UARTEx_WakeupCallback
 .text.HAL_UARTEx_RxFifoFullCallback
                0x0800db10        0x4 ../DaisyExamples/libDaisy/build\libdaisy.a(stm32h7xx_hal_uart_ex.o)
                0x0800db10                HAL_UARTEx_RxFifoFullCallback
 .text.HAL_UARTEx_TxFifoEmptyCallback
                0x0800db14        0x4 ../DaisyExamples/libDaisy/build\libdaisy.a(stm32h7xx_hal_uart_ex.o)
                0x0800db14                HAL_UARTEx_TxFifoEmptyCallback
 .text.HAL_UARTEx_DisableFifoMode
                0x0800db18       0x3c ../DaisyExamples/libDaisy/build\libdaisy.a(stm32h7xx_hal_uart_ex.o)
                0x0800db18                HAL_UARTEx_DisableFifoMode
 .text.HAL_UARTEx_SetTxFifoThreshold
                0x0800db54       0x9c ../DaisyExamples/libDaisy/build\libdaisy.a(stm32h7xx_hal_uart_ex.o)
                0x0800db54                HAL_UARTEx_SetTxFifoThreshold
 .text.HAL_UARTEx_SetRxFifoThreshold
                0x0800dbf0       0x9c ../DaisyExamples/libDaisy/build\libdaisy.a(stm32h7xx_hal_uart_ex.o)
                0x0800dbf0                HAL_UARTEx_SetRxFifoThreshold
 .text.FMC_SDRAM_Init
                0x0800dc8c       0x7c ../DaisyExamples/libDaisy/build\libdaisy.a(stm32h7xx_ll_fmc.o)
                0x0800dc8c                FMC_SDRAM_Init
 .text.FMC_SDRAM_Timing_Init
                0x0800dd08       0x98 ../DaisyExamples/libDaisy/build\libdaisy.a(stm32h7xx_ll_fmc.o)
                0x0800dd08                FMC_SDRAM_Timing_Init
 .text.FMC_SDRAM_SendCommand
                0x0800dda0       0x28 ../DaisyExamples/libDaisy/build\libdaisy.a(stm32h7xx_ll_fmc.o)
                0x0800dda0                FMC_SDRAM_SendCommand
 .text.FMC_SDRAM_ProgramRefreshRate
                0x0800ddc8       0x1c ../DaisyExamples/libDaisy/build\libdaisy.a(stm32h7xx_ll_fmc.o)
                0x0800ddc8                FMC_SDRAM_ProgramRefreshRate
 .text.USB_CoreInit
                0x0800dde4      0x124 ../DaisyExamples/libDaisy/build\libdaisy.a(stm32h7xx_ll_usb.o)
                0x0800dde4                USB_CoreInit
 .text.USB_SetTurnaroundTime
                0x0800df08      0x104 ../DaisyExamples/libDaisy/build\libdaisy.a(stm32h7xx_ll_usb.o)
                0x0800df08                USB_SetTurnaroundTime
 .text.USB_EnableGlobalInt
                0x0800e00c       0x10 ../DaisyExamples/libDaisy/build\libdaisy.a(stm32h7xx_ll_usb.o)
                0x0800e00c                USB_EnableGlobalInt
 .text.USB_DisableGlobalInt
                0x0800e01c       0x10 ../DaisyExamples/libDaisy/build\libdaisy.a(stm32h7xx_ll_usb.o)
                0x0800e01c                USB_DisableGlobalInt
 .text.USB_SetCurrentMode
                0x0800e02c       0x30 ../DaisyExamples/libDaisy/build\libdaisy.a(stm32h7xx_ll_usb.o)
                0x0800e02c                USB_SetCurrentMode
 .text.USB_DevInit
                0x0800e05c      0x20c ../DaisyExamples/libDaisy/build\libdaisy.a(stm32h7xx_ll_usb.o)
                0x0800e05c                USB_DevInit
 .text.USB_FlushTxFifo
                0x0800e268       0x34 ../DaisyExamples/libDaisy/build\libdaisy.a(stm32h7xx_ll_usb.o)
                0x0800e268                USB_FlushTxFifo
 .text.USB_GetDevSpeed
                0x0800e29c       0x24 ../DaisyExamples/libDaisy/build\libdaisy.a(stm32h7xx_ll_usb.o)
                0x0800e29c                USB_GetDevSpeed
 .text.USB_ActivateEndpoint
                0x0800e2c0       0x90 ../DaisyExamples/libDaisy/build\libdaisy.a(stm32h7xx_ll_usb.o)
                0x0800e2c0                USB_ActivateEndpoint
 .text.USB_DeactivateEndpoint
                0x0800e350       0x84 ../DaisyExamples/libDaisy/build\libdaisy.a(stm32h7xx_ll_usb.o)
                0x0800e350                USB_DeactivateEndpoint
 .text.USB_EPStartXfer
                0x0800e3d4      0x230 ../DaisyExamples/libDaisy/build\libdaisy.a(stm32h7xx_ll_usb.o)
                0x0800e3d4                USB_EPStartXfer
 .text.USB_EP0StartXfer
                0x0800e604      0x174 ../DaisyExamples/libDaisy/build\libdaisy.a(stm32h7xx_ll_usb.o)
                0x0800e604                USB_EP0StartXfer
 .text.USB_WritePacket
                0x0800e778       0x2c ../DaisyExamples/libDaisy/build\libdaisy.a(stm32h7xx_ll_usb.o)
                0x0800e778                USB_WritePacket
 .text.USB_ReadPacket
                0x0800e7a4       0x20 ../DaisyExamples/libDaisy/build\libdaisy.a(stm32h7xx_ll_usb.o)
                0x0800e7a4                USB_ReadPacket
 .text.USB_EPSetStall
                0x0800e7c4       0x68 ../DaisyExamples/libDaisy/build\libdaisy.a(stm32h7xx_ll_usb.o)
                0x0800e7c4                USB_EPSetStall
 .text.USB_EPClearStall
                0x0800e82c       0x58 ../DaisyExamples/libDaisy/build\libdaisy.a(stm32h7xx_ll_usb.o)
                0x0800e82c                USB_EPClearStall
 .text.USB_SetDevAddress
                0x0800e884       0x24 ../DaisyExamples/libDaisy/build\libdaisy.a(stm32h7xx_ll_usb.o)
                0x0800e884                USB_SetDevAddress
 .text.USB_DevConnect
                0x0800e8a8       0x1c ../DaisyExamples/libDaisy/build\libdaisy.a(stm32h7xx_ll_usb.o)
                0x0800e8a8                USB_DevConnect
 .text.USB_DevDisconnect
                0x0800e8c4       0x1c ../DaisyExamples/libDaisy/build\libdaisy.a(stm32h7xx_ll_usb.o)
                0x0800e8c4                USB_DevDisconnect
 .text.USB_ReadInterrupts
                0x0800e8e0       0x14 ../DaisyExamples/libDaisy/build\libdaisy.a(stm32h7xx_ll_usb.o)
                0x0800e8e0                USB_ReadInterrupts
 .text.USB_ReadDevAllOutEpInterrupt
                0x0800e8f4       0x1c ../DaisyExamples/libDaisy/build\libdaisy.a(stm32h7xx_ll_usb.o)
                0x0800e8f4                USB_ReadDevAllOutEpInterrupt
 .text.USB_ReadDevAllInEpInterrupt
                0x0800e910       0x1c ../DaisyExamples/libDaisy/build\libdaisy.a(stm32h7xx_ll_usb.o)
                0x0800e910                USB_ReadDevAllInEpInterrupt
 .text.USB_ReadDevOutEPInterrupt
                0x0800e92c       0x1c ../DaisyExamples/libDaisy/build\libdaisy.a(stm32h7xx_ll_usb.o)
                0x0800e92c                USB_ReadDevOutEPInterrupt
 .text.USB_ReadDevInEPInterrupt
                0x0800e948       0x38 ../DaisyExamples/libDaisy/build\libdaisy.a(stm32h7xx_ll_usb.o)
                0x0800e948                USB_ReadDevInEPInterrupt
 .text.USB_GetMode
                0x0800e980        0x8 ../DaisyExamples/libDaisy/build\libdaisy.a(stm32h7xx_ll_usb.o)
                0x0800e980                USB_GetMode
 .text.USB_ActivateSetup
                0x0800e988       0x38 ../DaisyExamples/libDaisy/build\libdaisy.a(stm32h7xx_ll_usb.o)
                0x0800e988                USB_ActivateSetup
 .text.USB_EP0_OutStart
                0x0800e9c0       0x58 ../DaisyExamples/libDaisy/build\libdaisy.a(stm32h7xx_ll_usb.o)
                0x0800e9c0                USB_EP0_OutStart
 .text.USB_InitFSLSPClkSel
                0x0800ea18       0x44 ../DaisyExamples/libDaisy/build\libdaisy.a(stm32h7xx_ll_usb.o)
                0x0800ea18                USB_InitFSLSPClkSel
 .text.USB_HC_ReadInterrupt
                0x0800ea5c        0x8 ../DaisyExamples/libDaisy/build\libdaisy.a(stm32h7xx_ll_usb.o)
                0x0800ea5c                USB_HC_ReadInterrupt
 .text.USB_HC_Halt
                0x0800ea64       0xc0 ../DaisyExamples/libDaisy/build\libdaisy.a(stm32h7xx_ll_usb.o)
                0x0800ea64                USB_HC_Halt
 .text.USB_StopHost
                0x0800eb24      0x2ec ../DaisyExamples/libDaisy/build\libdaisy.a(stm32h7xx_ll_usb.o)
                0x0800eb24                USB_StopHost
 .text.USBD_CDC_EP0_RxReady
                0x0800ee10       0x2c ../DaisyExamples/libDaisy/build\libdaisy.a(usbd_cdc.o)
 .text.USBD_CDC_GetFSCfgDesc
                0x0800ee3c       0x24 ../DaisyExamples/libDaisy/build\libdaisy.a(usbd_cdc.o)
 .text.USBD_CDC_GetHSCfgDesc
                0x0800ee60       0x24 ../DaisyExamples/libDaisy/build\libdaisy.a(usbd_cdc.o)
 .text.USBD_CDC_GetOtherSpeedCfgDesc
                0x0800ee84       0x24 ../DaisyExamples/libDaisy/build\libdaisy.a(usbd_cdc.o)
 .text.USBD_CDC_GetDeviceQualifierDescriptor
                0x0800eea8       0x10 ../DaisyExamples/libDaisy/build\libdaisy.a(usbd_cdc.o)
                0x0800eea8                USBD_CDC_GetDeviceQualifierDescriptor
 .text.USBD_CDC_DataOut
                0x0800eeb8       0x30 ../DaisyExamples/libDaisy/build\libdaisy.a(usbd_cdc.o)
 .text.USBD_CDC_DataIn
                0x0800eee8       0x50 ../DaisyExamples/libDaisy/build\libdaisy.a(usbd_cdc.o)
 .text.USBD_CDC_Setup
                0x0800ef38       0xcc ../DaisyExamples/libDaisy/build\libdaisy.a(usbd_cdc.o)
 .text.USBD_CDC_DeInit
                0x0800f004       0x44 ../DaisyExamples/libDaisy/build\libdaisy.a(usbd_cdc.o)
 .text.USBD_CDC_Init
                0x0800f048       0x94 ../DaisyExamples/libDaisy/build\libdaisy.a(usbd_cdc.o)
 .text.USBD_CDC_RegisterInterface
                0x0800f0dc       0x10 ../DaisyExamples/libDaisy/build\libdaisy.a(usbd_cdc.o)
                0x0800f0dc                USBD_CDC_RegisterInterface
 .text.USBD_CDC_SetTxBuffer
                0x0800f0ec       0x14 ../DaisyExamples/libDaisy/build\libdaisy.a(usbd_cdc.o)
                0x0800f0ec                USBD_CDC_SetTxBuffer
 .text.USBD_CDC_SetRxBuffer
                0x0800f100       0x10 ../DaisyExamples/libDaisy/build\libdaisy.a(usbd_cdc.o)
                0x0800f100                USBD_CDC_SetRxBuffer
 .text.USBD_CDC_TransmitPacket
                0x0800f110       0x34 ../DaisyExamples/libDaisy/build\libdaisy.a(usbd_cdc.o)
                0x0800f110                USBD_CDC_TransmitPacket
 .text.USBD_CDC_ReceivePacket
                0x0800f144       0x38 ../DaisyExamples/libDaisy/build\libdaisy.a(usbd_cdc.o)
                0x0800f144                USBD_CDC_ReceivePacket
 .text.USBD_Init
                0x0800f17c       0x44 ../DaisyExamples/libDaisy/build\libdaisy.a(usbd_core.o)
                0x0800f17c                USBD_Init
 .text.USBD_RegisterClass
                0x0800f1c0       0x2c ../DaisyExamples/libDaisy/build\libdaisy.a(usbd_core.o)
                0x0800f1c0                USBD_RegisterClass
 .text.USBD_Start
                0x0800f1ec        0xc ../DaisyExamples/libDaisy/build\libdaisy.a(usbd_core.o)
                0x0800f1ec                USBD_Start
 .text.USBD_SetClassConfig
                0x0800f1f8       0x14 ../DaisyExamples/libDaisy/build\libdaisy.a(usbd_core.o)
                0x0800f1f8                USBD_SetClassConfig
 .text.USBD_ClrClassConfig
                0x0800f20c       0x10 ../DaisyExamples/libDaisy/build\libdaisy.a(usbd_core.o)
                0x0800f20c                USBD_ClrClassConfig
 .text.USBD_LL_SetupStage
                0x0800f21c       0x5c ../DaisyExamples/libDaisy/build\libdaisy.a(usbd_core.o)
                0x0800f21c                USBD_LL_SetupStage
 .text.USBD_LL_DataOutStage
                0x0800f278       0x7c ../DaisyExamples/libDaisy/build\libdaisy.a(usbd_core.o)
                0x0800f278                USBD_LL_DataOutStage
 .text.USBD_LL_DataInStage
                0x0800f2f4       0xcc ../DaisyExamples/libDaisy/build\libdaisy.a(usbd_core.o)
                0x0800f2f4                USBD_LL_DataInStage
 .text.USBD_LL_Reset
                0x0800f3c0       0x50 ../DaisyExamples/libDaisy/build\libdaisy.a(usbd_core.o)
                0x0800f3c0                USBD_LL_Reset
 .text.USBD_LL_SetSpeed
                0x0800f410        0x8 ../DaisyExamples/libDaisy/build\libdaisy.a(usbd_core.o)
                0x0800f410                USBD_LL_SetSpeed
 .text.USBD_LL_Suspend
                0x0800f418       0x14 ../DaisyExamples/libDaisy/build\libdaisy.a(usbd_core.o)
                0x0800f418                USBD_LL_Suspend
 .text.USBD_LL_Resume
                0x0800f42c       0x10 ../DaisyExamples/libDaisy/build\libdaisy.a(usbd_core.o)
                0x0800f42c                USBD_LL_Resume
 .text.USBD_LL_SOF
                0x0800f43c       0x1c ../DaisyExamples/libDaisy/build\libdaisy.a(usbd_core.o)
                0x0800f43c                USBD_LL_SOF
 .text.USBD_LL_IsoINIncomplete
                0x0800f458        0x4 ../DaisyExamples/libDaisy/build\libdaisy.a(usbd_core.o)
                0x0800f458                USBD_LL_IsoINIncomplete
 .text.USBD_LL_IsoOUTIncomplete
                0x0800f45c        0x4 ../DaisyExamples/libDaisy/build\libdaisy.a(usbd_core.o)
                0x0800f45c                USBD_LL_IsoOUTIncomplete
 .text.USBD_LL_DevConnected
                0x0800f460        0x4 ../DaisyExamples/libDaisy/build\libdaisy.a(usbd_core.o)
                0x0800f460                USBD_LL_DevConnected
 .text.USBD_LL_DevDisconnected
                0x0800f464       0x18 ../DaisyExamples/libDaisy/build\libdaisy.a(usbd_core.o)
                0x0800f464                USBD_LL_DevDisconnected
 .text.USBD_StdDevReq
                0x0800f47c      0x304 ../DaisyExamples/libDaisy/build\libdaisy.a(usbd_ctlreq.o)
                0x0800f47c                USBD_StdDevReq
 .text.USBD_StdItfReq
                0x0800f780       0x68 ../DaisyExamples/libDaisy/build\libdaisy.a(usbd_ctlreq.o)
                0x0800f780                USBD_StdItfReq
 .text.USBD_StdEPReq
                0x0800f7e8      0x13c ../DaisyExamples/libDaisy/build\libdaisy.a(usbd_ctlreq.o)
                0x0800f7e8                USBD_StdEPReq
 .text.USBD_ParseSetupRequest
                0x0800f924       0x28 ../DaisyExamples/libDaisy/build\libdaisy.a(usbd_ctlreq.o)
                0x0800f924                USBD_ParseSetupRequest
 .text.USBD_CtlError
                0x0800f94c       0x18 ../DaisyExamples/libDaisy/build\libdaisy.a(usbd_ctlreq.o)
                0x0800f94c                USBD_CtlError
 .text.USBD_GetString
                0x0800f964       0x54 ../DaisyExamples/libDaisy/build\libdaisy.a(usbd_ctlreq.o)
                0x0800f964                USBD_GetString
 .text.USBD_CtlSendData
                0x0800f9b8       0x1c ../DaisyExamples/libDaisy/build\libdaisy.a(usbd_ioreq.o)
                0x0800f9b8                USBD_CtlSendData
 .text.USBD_CtlContinueSendData
                0x0800f9d4       0x14 ../DaisyExamples/libDaisy/build\libdaisy.a(usbd_ioreq.o)
                0x0800f9d4                USBD_CtlContinueSendData
 .text.USBD_CtlPrepareRx
                0x0800f9e8       0x1c ../DaisyExamples/libDaisy/build\libdaisy.a(usbd_ioreq.o)
                0x0800f9e8                USBD_CtlPrepareRx
 .text.USBD_CtlContinueRx
                0x0800fa04       0x14 ../DaisyExamples/libDaisy/build\libdaisy.a(usbd_ioreq.o)
                0x0800fa04                USBD_CtlContinueRx
 .text.USBD_CtlSendStatus
                0x0800fa18       0x18 ../DaisyExamples/libDaisy/build\libdaisy.a(usbd_ioreq.o)
                0x0800fa18                USBD_CtlSendStatus
 .text.USBD_CtlReceiveStatus
                0x0800fa30       0x18 ../DaisyExamples/libDaisy/build\libdaisy.a(usbd_ioreq.o)
                0x0800fa30                USBD_CtlReceiveStatus
 .text.USBH_LL_IncTimer
                0x0800fa48       0x20 ../DaisyExamples/libDaisy/build\libdaisy.a(usbh_core.o)
                0x0800fa48                USBH_LL_IncTimer
 .text.USBH_LL_PortEnabled
                0x0800fa68        0x8 ../DaisyExamples/libDaisy/build\libdaisy.a(usbh_core.o)
                0x0800fa68                USBH_LL_PortEnabled
 .text.USBH_LL_PortDisabled
                0x0800fa70        0x8 ../DaisyExamples/libDaisy/build\libdaisy.a(usbh_core.o)
                0x0800fa70                USBH_LL_PortDisabled
 .text.USBH_LL_Connect
                0x0800fa78       0x18 ../DaisyExamples/libDaisy/build\libdaisy.a(usbh_core.o)
                0x0800fa78                USBH_LL_Connect
 .text.USBH_LL_Disconnect
                0x0800fa90       0x2c ../DaisyExamples/libDaisy/build\libdaisy.a(usbh_core.o)
                0x0800fa90                USBH_LL_Disconnect
 .text.USBH_FreePipe
                0x0800fabc       0x18 ../DaisyExamples/libDaisy/build\libdaisy.a(usbh_pipes.o)
                0x0800fabc                USBH_FreePipe
 .text._ZN5daisy6Random4InitEv
                0x0800fad4       0x3c ../DaisyExamples/libDaisy/build\libdaisy.a(rng.o)
                0x0800fad4                daisy::Random::Init()
 .text._ZN5daisy9SpiHandle4Impl7InitDmaEv
                0x0800fb10       0xec ../DaisyExamples/libDaisy/build\libdaisy.a(spi.o)
                0x0800fb10                daisy::SpiHandle::Impl::InitDma()
 .text._ZN5daisy9SpiHandle4Impl10StartDmaTxEPhjPFvPvEPFvS3_NS0_6ResultEES3_
                0x0800fbfc       0xc8 ../DaisyExamples/libDaisy/build\libdaisy.a(spi.o)
                0x0800fbfc                daisy::SpiHandle::Impl::StartDmaTx(unsigned char*, unsigned int, void (*)(void*), void (*)(void*, daisy::SpiHandle::Result), void*)
 .text._ZN5daisy9SpiHandle4Impl10StartDmaRxEPhjPFvPvEPFvS3_NS0_6ResultEES3_
                0x0800fcc4       0xc8 ../DaisyExamples/libDaisy/build\libdaisy.a(spi.o)
                0x0800fcc4                daisy::SpiHandle::Impl::StartDmaRx(unsigned char*, unsigned int, void (*)(void*), void (*)(void*, daisy::SpiHandle::Result), void*)
 .text._ZN5daisy9SpiHandle4Impl12StartDmaRxTxEPhS2_jPFvPvEPFvS3_NS0_6ResultEES3_
                0x0800fd8c       0xcc ../DaisyExamples/libDaisy/build\libdaisy.a(spi.o)
                0x0800fd8c                daisy::SpiHandle::Impl::StartDmaRxTx(unsigned char*, unsigned char*, unsigned int, void (*)(void*), void (*)(void*, daisy::SpiHandle::Result), void*)
 .text._ZN5daisy9SpiHandle4Impl8InitPinsEv
                0x0800fe58      0x274 ../DaisyExamples/libDaisy/build\libdaisy.a(spi.o)
                0x0800fe58                daisy::SpiHandle::Impl::InitPins()
 .text.HAL_SPI_MspInit
                0x080100cc      0x1a8 ../DaisyExamples/libDaisy/build\libdaisy.a(spi.o)
                0x080100cc                HAL_SPI_MspInit
 .text.dsy_spi_global_init
                0x08010274       0x80 ../DaisyExamples/libDaisy/build\libdaisy.a(spi.o)
                0x08010274                dsy_spi_global_init
 .text.SPI1_IRQHandler
                0x080102f4        0xc ../DaisyExamples/libDaisy/build\libdaisy.a(spi.o)
                0x080102f4                SPI1_IRQHandler
 .text.SPI2_IRQHandler
                0x08010300        0xc ../DaisyExamples/libDaisy/build\libdaisy.a(spi.o)
                0x08010300                SPI2_IRQHandler
 .text.SPI3_IRQHandler
                0x0801030c        0xc ../DaisyExamples/libDaisy/build\libdaisy.a(spi.o)
                0x0801030c                SPI3_IRQHandler
 .text.SPI4_IRQHandler
                0x08010318        0xc ../DaisyExamples/libDaisy/build\libdaisy.a(spi.o)
                0x08010318                SPI4_IRQHandler
 .text.SPI5_IRQHandler
                0x08010324        0xc ../DaisyExamples/libDaisy/build\libdaisy.a(spi.o)
                0x08010324                SPI5_IRQHandler
 .text.DMA2_Stream2_IRQHandler
                0x08010330       0x34 ../DaisyExamples/libDaisy/build\libdaisy.a(spi.o)
                0x08010330                DMA2_Stream2_IRQHandler
 .text.DMA2_Stream3_IRQHandler
                0x08010364       0x38 ../DaisyExamples/libDaisy/build\libdaisy.a(spi.o)
                0x08010364                DMA2_Stream3_IRQHandler
 .text.HAL_SPI_TxCpltCallback
                0x0801039c       0xc4 ../DaisyExamples/libDaisy/build\libdaisy.a(spi.o)
                0x0801039c                HAL_SPI_TxCpltCallback
 .text.HAL_SPI_RxCpltCallback
                0x08010460       0xc4 ../DaisyExamples/libDaisy/build\libdaisy.a(spi.o)
                0x08010460                HAL_SPI_RxCpltCallback
 .text.HAL_SPI_TxRxCpltCallback
                0x08010524       0xc4 ../DaisyExamples/libDaisy/build\libdaisy.a(spi.o)
                0x08010524                HAL_SPI_TxRxCpltCallback
 .text.HAL_SPI_ErrorCallback
                0x080105e8       0xc8 ../DaisyExamples/libDaisy/build\libdaisy.a(spi.o)
                0x080105e8                HAL_SPI_ErrorCallback
 .text.startup._GLOBAL__sub_I__Z19MapInstanceToHandleP11SPI_TypeDef
                0x080106b0      0x1b0 ../DaisyExamples/libDaisy/build\libdaisy.a(spi.o)
 .text.HAL_TIM_Base_MspInit
                0x08010860      0x1e0 ../DaisyExamples/libDaisy/build\libdaisy.a(tim.o)
                0x08010860                HAL_TIM_Base_MspInit
 .text.HAL_TIM_PeriodElapsedCallback
                0x08010a40       0x44 ../DaisyExamples/libDaisy/build\libdaisy.a(tim.o)
                0x08010a40                HAL_TIM_PeriodElapsedCallback
 .text.TIM2_IRQHandler
                0x08010a84        0xc ../DaisyExamples/libDaisy/build\libdaisy.a(tim.o)
                0x08010a84                TIM2_IRQHandler
 .text.TIM3_IRQHandler
                0x08010a90        0xc ../DaisyExamples/libDaisy/build\libdaisy.a(tim.o)
                0x08010a90                TIM3_IRQHandler
 .text.TIM4_IRQHandler
                0x08010a9c        0xc ../DaisyExamples/libDaisy/build\libdaisy.a(tim.o)
                0x08010a9c                TIM4_IRQHandler
 .text.TIM5_IRQHandler
                0x08010aa8        0xc ../DaisyExamples/libDaisy/build\libdaisy.a(tim.o)
                0x08010aa8                TIM5_IRQHandler
 .text._ZN5daisy11TimerHandle4InitERKNS0_6ConfigE
                0x08010ab4       0xd0 ../DaisyExamples/libDaisy/build\libdaisy.a(tim.o)
                0x08010ab4                daisy::TimerHandle::Init(daisy::TimerHandle::Config const&)
 .text._ZN5daisy11TimerHandle5StartEv
                0x08010b84       0x24 ../DaisyExamples/libDaisy/build\libdaisy.a(tim.o)
                0x08010b84                daisy::TimerHandle::Start()
 .text.startup._GLOBAL__sub_I__ZN5daisy11TimerHandle4Impl4InitERKNS0_6ConfigE
                0x08010ba8       0x38 ../DaisyExamples/libDaisy/build\libdaisy.a(tim.o)
 .text.HAL_MDMA_Abort_IT
                0x08010be0       0x2c ../DaisyExamples/libDaisy/build\libdaisy.a(stm32h7xx_hal_mdma.o)
                0x08010be0                HAL_MDMA_Abort_IT
 .text.SPI_CloseTransfer