Archive member included to satisfy reference by file (symbol)

../DaisyExamples/libDaisy/build/libdaisy.a(daisy_seed.o)
                              build/main.o (daisy::DaisySeed::GetPin(unsigned char))
../DaisyExamples/libDaisy/build/libdaisy.a(codec_ak4556.o)
                              ../DaisyExamples/libDaisy/build/libdaisy.a(daisy_seed.o) (daisy::Ak4556::Init(dsy_gpio_pin))
../DaisyExamples/libDaisy/build/libdaisy.a(codec_wm8731.o)
                              ../DaisyExamples/libDaisy/build/libdaisy.a(daisy_seed.o) (daisy::Wm8731::Init(daisy::Wm8731::Config const&, daisy::I2CHandle))
../DaisyExamples/libDaisy/build/libdaisy.a(sdram.o)
                              ../DaisyExamples/libDaisy/build/libdaisy.a(daisy_seed.o) (SdramHandle::Init())
../DaisyExamples/libDaisy/build/libdaisy.a(audio.o)
                              ../DaisyExamples/libDaisy/build/libdaisy.a(daisy_seed.o) (daisy::AudioHandle::Init(daisy::AudioHandle::Config const&, daisy::SaiHandle))
../DaisyExamples/libDaisy/build/libdaisy.a(encoder.o)
                              build/main.o (daisy::Encoder::Init(dsy_gpio_pin, dsy_gpio_pin, dsy_gpio_pin, float))
../DaisyExamples/libDaisy/build/libdaisy.a(switch.o)
                              build/main.o (daisy::Switch::Init(dsy_gpio_pin, float))
../DaisyExamples/libDaisy/build/libdaisy.a(adc.o)
                              build/main.o (daisy::AdcChannelConfig::InitSingle(dsy_gpio_pin, daisy::AdcChannelConfig::ConversionSpeed))
../DaisyExamples/libDaisy/build/libdaisy.a(gpio.o)
                              ../DaisyExamples/libDaisy/build/libdaisy.a(daisy_seed.o) (daisy::GPIO::Init(daisy::Pin, daisy::GPIO::Mode, daisy::GPIO::Pull, daisy::GPIO::Speed))
../DaisyExamples/libDaisy/build/libdaisy.a(i2c.o)
                              ../DaisyExamples/libDaisy/build/libdaisy.a(daisy_seed.o) (daisy::I2CHandle::Init(daisy::I2CHandle::Config const&))
../DaisyExamples/libDaisy/build/libdaisy.a(qspi.o)
                              ../DaisyExamples/libDaisy/build/libdaisy.a(daisy_seed.o) (daisy::QSPIHandle::Init(daisy::QSPIHandle::Config const&))
../DaisyExamples/libDaisy/build/libdaisy.a(sai.o)
                              ../DaisyExamples/libDaisy/build/libdaisy.a(daisy_seed.o) (daisy::SaiHandle::Init(daisy::SaiHandle::Config const&))
../DaisyExamples/libDaisy/build/libdaisy.a(uart.o)
                              build/main.o (daisy::UartHandler::Init(daisy::UartHandler::Config const&))
../DaisyExamples/libDaisy/build/libdaisy.a(dma.o)
                              ../DaisyExamples/libDaisy/build/libdaisy.a(uart.o) (dsy_dma_invalidate_cache_for_buffer)
../DaisyExamples/libDaisy/build/libdaisy.a(system.o)
                              ../DaisyExamples/libDaisy/build/libdaisy.a(daisy_seed.o) (daisy::System::DeInit())
../DaisyExamples/libDaisy/build/libdaisy.a(system_stm32h7xx.o)
                              build/startup_stm32h750xx.o (SystemInit)
../DaisyExamples/libDaisy/build/libdaisy.a(usbd_conf.o)
                              ../DaisyExamples/libDaisy/build/libdaisy.a(system.o) (hpcd_USB_OTG_HS)
../DaisyExamples/libDaisy/build/libdaisy.a(usbh_conf.o)
                              ../DaisyExamples/libDaisy/build/libdaisy.a(system.o) (hhcd_USB_OTG_HS)
../DaisyExamples/libDaisy/build/libdaisy.a(hal_map.o)
                              ../DaisyExamples/libDaisy/build/libdaisy.a(gpio.o) (dsy_hal_map_get_port)
../DaisyExamples/libDaisy/build/libdaisy.a(stm32h7xx_hal.o)
                              ../DaisyExamples/libDaisy/build/libdaisy.a(system.o) (HAL_Init)
../DaisyExamples/libDaisy/build/libdaisy.a(stm32h7xx_hal_adc.o)
                              ../DaisyExamples/libDaisy/build/libdaisy.a(adc.o) (HAL_ADC_ConfigChannel)
../DaisyExamples/libDaisy/build/libdaisy.a(stm32h7xx_hal_adc_ex.o)
                              ../DaisyExamples/libDaisy/build/libdaisy.a(adc.o) (HAL_ADCEx_Calibration_Start)
../DaisyExamples/libDaisy/build/libdaisy.a(stm32h7xx_hal_cortex.o)
                              ../DaisyExamples/libDaisy/build/libdaisy.a(stm32h7xx_hal.o) (HAL_NVIC_SetPriorityGrouping)
../DaisyExamples/libDaisy/build/libdaisy.a(stm32h7xx_hal_dma.o)
                              ../DaisyExamples/libDaisy/build/libdaisy.a(adc.o) (HAL_DMA_Init)
../DaisyExamples/libDaisy/build/libdaisy.a(stm32h7xx_hal_gpio.o)
                              ../DaisyExamples/libDaisy/build/libdaisy.a(sdram.o) (HAL_GPIO_Init)
../DaisyExamples/libDaisy/build/libdaisy.a(stm32h7xx_hal_hcd.o)
                              ../DaisyExamples/libDaisy/build/libdaisy.a(usbh_conf.o) (HAL_HCD_HC_Init)
../DaisyExamples/libDaisy/build/libdaisy.a(stm32h7xx_hal_i2c.o)
                              ../DaisyExamples/libDaisy/build/libdaisy.a(i2c.o) (HAL_I2C_Init)
../DaisyExamples/libDaisy/build/libdaisy.a(stm32h7xx_hal_i2c_ex.o)
                              ../DaisyExamples/libDaisy/build/libdaisy.a(i2c.o) (HAL_I2CEx_ConfigAnalogFilter)
../DaisyExamples/libDaisy/build/libdaisy.a(stm32h7xx_hal_pcd.o)
[...]
Memory Configuration

Name             Origin             Length             Attributes
FLASH            0x08000000         0x00020000         xr
DTCMRAM          0x20000000         0x00020000         xrw
SRAM             0x24000000         0x00080000         xrw
RAM_D2           0x30000000         0x00048000         xrw
RAM_D3           0x38000000         0x00010000         xrw
BACKUP_SRAM      0x38800000         0x00001000         xrw
ITCMRAM          0x00000000         0x00010000         xrw
SDRAM            0xc0000000         0x04000000         xrw
QSPIFLASH        0x90000000         0x00800000         xr
*default*        0x00000000         0xffffffff

Linker script and memory map

LOAD /usr/lib/gcc/arm-none-eabi/14.2.0/thumb/v7e-m+dp/hard/crti.o
LOAD /usr/lib/gcc/arm-none-eabi/14.2.0/thumb/v7e-m+dp/hard/crtbegin.o
LOAD /usr/lib/gcc/arm-none-eabi/14.2.0/../../../../arm-none-eabi/lib/thumb/v7e-m+dp/hard/crt0.o
LOAD build/startup_stm32h750xx.o
LOAD build/main.o
LOAD ../DaisyExamples/libDaisy/build/libdaisy.a
LOAD /usr/lib/gcc/arm-none-eabi/14.2.0/../../../../arm-none-eabi/lib/thumb/v7e-m+dp/hard/libnosys.a
LOAD ../DaisyExamples/DaisySP/build/libdaisysp.a
LOAD /usr/lib/gcc/arm-none-eabi/14.2.0/../../../../arm-none-eabi/lib/thumb/v7e-m+dp/hard/libstdc++_nano.a
LOAD /usr/lib/gcc/arm-none-eabi/14.2.0/../../../../arm-none-eabi/lib/thumb/v7e-m+dp/hard/libm.a
LOAD /usr/lib/gcc/arm-none-eabi/14.2.0/../../../../arm-none-eabi/lib/thumb/v7e-m+dp/hard/libc_nano.a
START GROUP
LOAD /usr/lib/gcc/arm-none-eabi/14.2.0/thumb/v7e-m+dp/hard/libgcc.a
LOAD /usr/lib/gcc/arm-none-eabi/14.2.0/../../../../arm-none-eabi/lib/thumb/v7e-m+dp/hard/libc_nano.a
END GROUP
START GROUP
LOAD /usr/lib/gcc/arm-none-eabi/14.2.0/thumb/v7e-m+dp/hard/libgcc.a
LOAD /usr/lib/gcc/arm-none-eabi/14.2.0/../../../../arm-none-eabi/lib/thumb/v7e-m+dp/hard/libc_nano.a
LOAD /usr/lib/gcc/arm-none-eabi/14.2.0/../../../../arm-none-eabi/lib/thumb/v7e-m+dp/hard/libnosys.a
END GROUP
START GROUP
LOAD /usr/lib/gcc/arm-none-eabi/14.2.0/thumb/v7e-m+dp/hard/libgcc.a
LOAD /usr/lib/gcc/arm-none-eabi/14.2.0/../../../../arm-none-eabi/lib/thumb/v7e-m+dp/hard/libc_nano.a
LOAD /usr/lib/gcc/arm-none-eabi/14.2.0/../../../../arm-none-eabi/lib/thumb/v7e-m+dp/hard/libnosys.a
END GROUP
LOAD /usr/lib/gcc/arm-none-eabi/14.2.0/thumb/v7e-m+dp/hard/crtend.o
LOAD /usr/lib/gcc/arm-none-eabi/14.2.0/thumb/v7e-m+dp/hard/crtn.o
                0x20020000                        _estack = 0x20020000

.isr_vector     0x08000000      0x298
                0x08000000                        . = ALIGN (0x4)
 *(.isr_vector)
 .isr_vector    0x08000000      0x298 build/startup_stm32h750xx.o
                0x08000000                g_pfnVectors
                0x08000298                        . = ALIGN (0x4)

.text           0x08000298    0x102c0
                0x08000298                        . = ALIGN (0x4)
                0x08000298                        _stext = .
 *(.text)
 .text          0x08000298       0x30 /usr/lib/gcc/arm-none-eabi/14.2.0/thumb/v7e-m+dp/hard/libgcc.a(_aeabi_uldivmod.o)
                0x08000298                __aeabi_uldivmod
 .text          0x080002c8        0x4 /usr/lib/gcc/arm-none-eabi/14.2.0/thumb/v7e-m+dp/hard/libgcc.a(_dvmd_tls.o)
                0x080002c8                __aeabi_ldiv0
                0x080002c8                __aeabi_idiv0
 *(.text*)
 .text.__do_global_dtors_aux
                0x080002cc       0x24 /usr/lib/gcc/arm-none-eabi/14.2.0/thumb/v7e-m+dp/hard/crtbegin.o
 .text.frame_dummy
                0x080002f0       0x1c /usr/lib/gcc/arm-none-eabi/14.2.0/thumb/v7e-m+dp/hard/crtbegin.o
 .text.Default_Handler
                0x0800030c        0x4 build/startup_stm32h750xx.o
                0x0800030c                RTC_Alarm_IRQHandler
                0x0800030c                HASH_RNG_IRQHandler
                0x0800030c                EXTI2_IRQHandler
                0x0800030c                TIM8_CC_IRQHandler
                0x0800030c                HRTIM1_Master_IRQHandler
                0x0800030c                DebugMon_Handler
                0x0800030c                TIM1_CC_IRQHandler
                0x0800030c                BDMA_Channel6_IRQHandler
                0x0800030c                DMA2_Stream5_IRQHandler
                0x0800030c                HRTIM1_FLT_IRQHandler
                0x0800030c                JPEG_IRQHandler
                0x0800030c                BDMA_Channel1_IRQHandler
                0x0800030c                HRTIM1_TIMD_IRQHandler
                0x0800030c                TAMP_STAMP_IRQHandler
                0x0800030c                PendSV_Handler
                0x0800030c                NMI_Handler
                0x0800030c                EXTI3_IRQHandler
                0x0800030c                LPTIM4_IRQHandler
                0x0800030c                TIM8_TRG_COM_TIM14_IRQHandler
                0x0800030c                LPTIM2_IRQHandler
                0x0800030c                DFSDM1_FLT1_IRQHandler
                0x0800030c                DMAMUX2_OVR_IRQHandler
                0x0800030c                TIM8_UP_TIM13_IRQHandler
                0x0800030c                I2C3_ER_IRQHandler
                0x0800030c                DFSDM1_FLT2_IRQHandler
                0x0800030c                MDMA_IRQHandler
                0x0800030c                LPTIM3_IRQHandler
                0x0800030c                HSEM1_IRQHandler
                0x0800030c                EXTI0_IRQHandler
                0x0800030c                FPU_IRQHandler
                0x0800030c                OTG_HS_WKUP_IRQHandler
                0x0800030c                FDCAN1_IT1_IRQHandler
                0x0800030c                UsageFault_Handler
                0x0800030c                LTDC_ER_IRQHandler
                0x0800030c                HRTIM1_TIME_IRQHandler
                0x0800030c                TIM6_DAC_IRQHandler
                0x0800030c                DCMI_IRQHandler
                0x0800030c                HRTIM1_TIMC_IRQHandler
                0x0800030c                SAI2_IRQHandler
                0x0800030c                DFSDM1_FLT3_IRQHandler
                0x0800030c                TIM17_IRQHandler
                0x0800030c                CRYP_IRQHandler
                0x0800030c                BDMA_Channel7_IRQHandler
                0x0800030c                LPTIM5_IRQHandler
                0x0800030c                ADC3_IRQHandler
                0x0800030c                DMA2_Stream0_IRQHandler
                0x0800030c                BDMA_Channel2_IRQHandler
                0x0800030c                DMAMUX1_OVR_IRQHandler
                0x0800030c                TIM16_IRQHandler
                0x0800030c                BDMA_Channel5_IRQHandler
                0x0800030c                RCC_IRQHandler
                0x0800030c                TIM8_BRK_TIM12_IRQHandler
                0x0800030c                TIM1_TRG_COM_IRQHandler
                0x0800030c                Default_Handler
                0x0800030c                ECC_IRQHandler
                0x0800030c                CEC_IRQHandler
                0x0800030c                EXTI15_10_IRQHandler
                0x0800030c                BDMA_Channel0_IRQHandler
                0x0800030c                ADC_IRQHandler
                0x0800030c                DMA1_Stream7_IRQHandler
                0x0800030c                HRTIM1_TIMA_IRQHandler
                0x0800030c                TIM7_IRQHandler
                0x0800030c                SDMMC1_IRQHandler
                0x0800030c                DMA2_Stream7_IRQHandler
                0x0800030c                TIM15_IRQHandler
                0x0800030c                PVD_AVD_IRQHandler
                0x0800030c                EXTI9_5_IRQHandler
                0x0800030c                RTC_WKUP_IRQHandler
                0x0800030c                LTDC_IRQHandler
                0x0800030c                SAI3_IRQHandler
                0x0800030c                ETH_WKUP_IRQHandler
                0x0800030c                SPDIF_RX_IRQHandler
                0x0800030c                MemManage_Handler
                0x0800030c                SVC_Handler
                0x0800030c                CRS_IRQHandler
                0x0800030c                EXTI4_IRQHandler
                0x0800030c                HRTIM1_TIMB_IRQHandler
                0x0800030c                FDCAN2_IT1_IRQHandler
                0x0800030c                ETH_IRQHandler
                0x0800030c                TIM1_UP_IRQHandler
                0x0800030c                BDMA_Channel4_IRQHandler
                0x0800030c                WWDG_IRQHandler
                0x0800030c                SPI6_IRQHandler
                0x0800030c                I2C4_EV_IRQHandler
                0x0800030c                MDIOS_IRQHandler
                0x0800030c                FDCAN2_IT0_IRQHandler
                0x0800030c                FDCAN1_IT0_IRQHandler
                0x0800030c                OTG_FS_WKUP_IRQHandler
                0x0800030c                DMA2D_IRQHandler
                0x0800030c                TIM1_BRK_IRQHandler
                0x0800030c                EXTI1_IRQHandler
                0x0800030c                SDMMC2_IRQHandler
                0x0800030c                OTG_FS_EP1_OUT_IRQHandler
                0x0800030c                BDMA_Channel3_IRQHandler
                0x0800030c                MDIOS_WKUP_IRQHandler
                0x0800030c                DFSDM1_FLT0_IRQHandler
                0x0800030c                SAI4_IRQHandler
                0x0800030c                I2C2_ER_IRQHandler
                0x0800030c                DMA2_Stream1_IRQHandler
                0x0800030c                FLASH_IRQHandler
                0x0800030c                BusFault_Handler
                0x0800030c                OTG_FS_IRQHandler
                0x0800030c                WAKEUP_PIN_IRQHandler
                0x0800030c                OTG_FS_EP1_IN_IRQHandler
                0x0800030c                I2C1_ER_IRQHandler
                0x0800030c                FMC_IRQHandler
                0x0800030c                FDCAN_CAL_IRQHandler
                0x0800030c                SWPMI1_IRQHandler
                0x0800030c                COMP1_IRQHandler
                0x0800030c                LPTIM1_IRQHandler
                0x0800030c                I2C4_ER_IRQHandler
                0x0800030c                DMA2_Stream6_IRQHandler
                0x0800030c                SAI1_IRQHandler
 .text.Reset_Handler
                0x08000310       0x48 build/startup_stm32h750xx.o
                0x08000310                Reset_Handler
 .text._ZN5daisy6SwitchD2Ev
                0x08000358        0x4 build/main.o
                0x08000358                daisy::Switch::~Switch()
                0x08000358                daisy::Switch::~Switch()
 .text._ZN5daisy7EncoderD2Ev
                0x0800035c        0x4 build/main.o
                0x0800035c                daisy::Encoder::~Encoder()
                0x0800035c                daisy::Encoder::~Encoder()
 .text._ZN5daisy9DaisySeedD2Ev
                0x08000360        0x4 build/main.o
                0x08000360                daisy::DaisySeed::~DaisySeed()
                0x08000360                daisy::DaisySeed::~DaisySeed()
 .text._Z10packetSendv
                0x08000364      0x120 build/main.o
                0x08000364                packetSend()
 .text.startup.main
                0x08000484      0x590 build/main.o
                0x08000484                main
 .text.startup._GLOBAL__sub_I_hw
                0x08000a14       0x8c build/main.o
 .text._ZN5daisy9DaisySeed6GetPinEh
                0x08000aa0       0x2c ../DaisyExamples/libDaisy/build/libdaisy.a(daisy_seed.o)
                0x08000aa0                daisy::DaisySeed::GetPin(unsigned char)
 .text._ZN5daisy9DaisySeed7DelayMsEj
                0x08000acc        0x8 ../DaisyExamples/libDaisy/build/libdaisy.a(daisy_seed.o)
                0x08000acc                daisy::DaisySeed::DelayMs(unsigned int)
 .text._ZN5daisy9DaisySeed17CheckBoardVersionEv
                0x08000ad4       0x6c ../DaisyExamples/libDaisy/build/libdaisy.a(daisy_seed.o)
                0x08000ad4                daisy::DaisySeed::CheckBoardVersion()
 .text._ZN5daisy9DaisySeed14ConfigureAudioEv
                0x08000b40      0x10c ../DaisyExamples/libDaisy/build/libdaisy.a(daisy_seed.o)
                0x08000b40                daisy::DaisySeed::ConfigureAudio()
 .text._ZN5daisy9DaisySeed4InitEb
                0x08000c4c      0x108 ../DaisyExamples/libDaisy/build/libdaisy.a(daisy_seed.o)
                0x08000c4c                daisy::DaisySeed::Init(bool)
 .text._ZN5daisy6Ak45564InitE12dsy_gpio_pin
                0x08000d54       0x44 ../DaisyExamples/libDaisy/build/libdaisy.a(codec_ak4556.o)
                0x08000d54                daisy::Ak4556::Init(dsy_gpio_pin)
 .text._ZN5daisy6Wm873120WriteControlRegisterEht
                0x08000d98       0x3c ../DaisyExamples/libDaisy/build/libdaisy.a(codec_wm8731.o)
                0x08000d98                daisy::Wm8731::WriteControlRegister(unsigned char, unsigned short)
 .text._ZN5daisy6Wm87314InitERKNS0_6ConfigENS_9I2CHandleE
                0x08000dd4      0x1bc ../DaisyExamples/libDaisy/build/libdaisy.a(codec_wm8731.o)
                0x08000dd4                daisy::Wm8731::Init(daisy::Wm8731::Config const&, daisy::I2CHandle)
 .text._ZN11SdramHandle10DeviceInitEv
                0x08000f90       0x98 ../DaisyExamples/libDaisy/build/libdaisy.a(sdram.o)
                0x08000f90                SdramHandle::DeviceInit()
 .text._ZN11SdramHandle4InitEv
                0x08001028       0x7c ../DaisyExamples/libDaisy/build/libdaisy.a(sdram.o)
                0x08001028                SdramHandle::Init()
 .text.HAL_SDRAM_MspInit
                0x080010a4      0x1a8 ../DaisyExamples/libDaisy/build/libdaisy.a(sdram.o)
                0x080010a4                HAL_SDRAM_MspInit
 .text._ZN5daisy11AudioHandle4InitERKNS0_6ConfigENS_9SaiHandleE
                0x0800124c       0x70 ../DaisyExamples/libDaisy/build/libdaisy.a(audio.o)
                0x0800124c                daisy::AudioHandle::Init(daisy::AudioHandle::Config const&, daisy::SaiHandle)
 .text._ZNK5daisy11AudioHandle9GetConfigEv
                0x080012bc        0x8 ../DaisyExamples/libDaisy/build/libdaisy.a(audio.o)
                0x080012bc                daisy::AudioHandle::GetConfig() const
 .text._ZN5daisy11AudioHandle13GetSampleRateEv
                0x080012c4        0x8 ../DaisyExamples/libDaisy/build/libdaisy.a(audio.o)
                0x080012c4                daisy::AudioHandle::GetSampleRate()
 .text.startup._GLOBAL__sub_I__ZN5daisy11AudioHandle4Impl4InitENS0_6ConfigENS_9SaiHandleE
                0x080012cc       0x24 ../DaisyExamples/libDaisy/build/libdaisy.a(audio.o)
 .text._ZN5daisy7Encoder4InitE12dsy_gpio_pinS1_S1_f
                0x080012f0       0x60 ../DaisyExamples/libDaisy/build/libdaisy.a(encoder.o)
                0x080012f0                daisy::Encoder::Init(dsy_gpio_pin, dsy_gpio_pin, dsy_gpio_pin, float)
 .text._ZN5daisy7Encoder8DebounceEv
                0x08001350       0x7c ../DaisyExamples/libDaisy/build/libdaisy.a(encoder.o)
                0x08001350                daisy::Encoder::Debounce()
 .text._ZN5daisy6Switch4InitE12dsy_gpio_pinf
                0x080013cc       0x34 ../DaisyExamples/libDaisy/build/libdaisy.a(switch.o)
                0x080013cc                daisy::Switch::Init(dsy_gpio_pin, float)
 .text._ZN5daisy6Switch8DebounceEv
                0x08001400       0x5c ../DaisyExamples/libDaisy/build/libdaisy.a(switch.o)
                0x08001400                daisy::Switch::Debounce()
 .text._ZN5daisy16AdcChannelConfig10InitSingleE12dsy_gpio_pinNS0_15ConversionSpeedE
                0x0800145c       0x28 ../DaisyExamples/libDaisy/build/libdaisy.a(adc.o)
                0x0800145c                daisy::AdcChannelConfig::InitSingle(dsy_gpio_pin, daisy::AdcChannelConfig::ConversionSpeed)
 .text._ZN5daisy9AdcHandle4InitEPNS_16AdcChannelConfigEjNS0_12OverSamplingE
                0x08001484      0x41c ../DaisyExamples/libDaisy/build/libdaisy.a(adc.o)
                0x08001484                daisy::AdcHandle::Init(daisy::AdcChannelConfig*, unsigned int, daisy::AdcHandle::OverSampling)
 .text._ZN5daisy9AdcHandle5StartEv
                0x080018a0       0x2c ../DaisyExamples/libDaisy/build/libdaisy.a(adc.o)
                0x080018a0                daisy::AdcHandle::Start()
 .text._ZNK5daisy9AdcHandle8GetFloatEh
                0x080018cc       0x20 ../DaisyExamples/libDaisy/build/libdaisy.a(adc.o)
                0x080018cc                daisy::AdcHandle::GetFloat(unsigned char) const
 .text.HAL_ADC_MspInit
                0x080018ec       0x98 ../DaisyExamples/libDaisy/build/libdaisy.a(adc.o)
                0x080018ec                HAL_ADC_MspInit
 .text.DMA1_Stream2_IRQHandler
                0x08001984        0xc ../DaisyExamples/libDaisy/build/libdaisy.a(adc.o)
                0x08001984                DMA1_Stream2_IRQHandler
 .text.HAL_ADC_ConvCpltCallback
                0x08001990      0x148 ../DaisyExamples/libDaisy/build/libdaisy.a(adc.o)
                0x08001990                HAL_ADC_ConvCpltCallback
 .text.HAL_ADC_ErrorCallback
                0x08001ad8        0x4 ../DaisyExamples/libDaisy/build/libdaisy.a(adc.o)
                0x08001ad8                HAL_ADC_ErrorCallback
 .text._ZN5daisy4GPIO4InitENS_3PinENS0_4ModeENS0_4PullENS0_5SpeedE
                0x08001adc      0x1cc ../DaisyExamples/libDaisy/build/libdaisy.a(gpio.o)
                0x08001adc                daisy::GPIO::Init(daisy::Pin, daisy::GPIO::Mode, daisy::GPIO::Pull, daisy::GPIO::Speed)
 .text._ZN5daisy4GPIO4ReadEv
                0x08001ca8       0x18 ../DaisyExamples/libDaisy/build/libdaisy.a(gpio.o)
                0x08001ca8                daisy::GPIO::Read()
 .text._ZN5daisy4GPIO5WriteEb
                0x08001cc0       0x14 ../DaisyExamples/libDaisy/build/libdaisy.a(gpio.o)
                0x08001cc0                daisy::GPIO::Write(bool)
 .text.dsy_gpio_init
                0x08001cd4      0x1b8 ../DaisyExamples/libDaisy/build/libdaisy.a(gpio.o)
                0x08001cd4                dsy_gpio_init
 .text.dsy_gpio_read
                0x08001e8c       0x1c ../DaisyExamples/libDaisy/build/libdaisy.a(gpio.o)
                0x08001e8c                dsy_gpio_read
 .text.dsy_gpio_write
                0x08001ea8       0x24 ../DaisyExamples/libDaisy/build/libdaisy.a(gpio.o)
                0x08001ea8                dsy_gpio_write
 .text._ZN5daisy9I2CHandle4Impl8InitPinsEv
                0x08001ecc       0x58 ../DaisyExamples/libDaisy/build/libdaisy.a(i2c.o)
                0x08001ecc                daisy::I2CHandle::Impl::InitPins()
 .text.HAL_I2C_MspInit
                0x08001f24      0x1b4 ../DaisyExamples/libDaisy/build/libdaisy.a(i2c.o)
                0x08001f24                HAL_I2C_MspInit
 .text.dsy_i2c_global_init
                0x080020d8       0x78 ../DaisyExamples/libDaisy/build/libdaisy.a(i2c.o)
                0x080020d8                dsy_i2c_global_init
 .text.DMA1_Stream6_IRQHandler
                0x08002150       0x34 ../DaisyExamples/libDaisy/build/libdaisy.a(i2c.o)
                0x08002150                DMA1_Stream6_IRQHandler
 .text.I2C1_EV_IRQHandler
                0x08002184        0xc ../DaisyExamples/libDaisy/build/libdaisy.a(i2c.o)
                0x08002184                I2C1_EV_IRQHandler
 .text.I2C2_EV_IRQHandler
                0x08002190        0xc ../DaisyExamples/libDaisy/build/libdaisy.a(i2c.o)
                0x08002190                I2C2_EV_IRQHandler
 .text.I2C3_EV_IRQHandler
                0x0800219c        0xc ../DaisyExamples/libDaisy/build/libdaisy.a(i2c.o)
                0x0800219c                I2C3_EV_IRQHandler
 .text._ZN5daisy9I2CHandle4InitERKNS0_6ConfigE
                0x080021a8      0x12c ../DaisyExamples/libDaisy/build/libdaisy.a(i2c.o)
                0x080021a8                daisy::I2CHandle::Init(daisy::I2CHandle::Config const&)
 .text._ZN5daisy9I2CHandle16TransmitBlockingEtPhtm
                0x080022d4       0x50 ../DaisyExamples/libDaisy/build/libdaisy.a(i2c.o)
                0x080022d4                daisy::I2CHandle::TransmitBlocking(unsigned short, unsigned char*, unsigned short, unsigned long)
 .text.startup._GLOBAL__sub_I__ZN5daisy9I2CHandle4Impl10GlobalInitEv
                0x08002324       0x18 ../DaisyExamples/libDaisy/build/libdaisy.a(i2c.o)
 .text._ZN5daisy10QSPIHandle4Impl11WriteEnableEv
                0x0800233c       0x8c ../DaisyExamples/libDaisy/build/libdaisy.a(qspi.o)
                0x0800233c                daisy::QSPIHandle::Impl::WriteEnable()
 .text._ZN5daisy10QSPIHandle4Impl17DummyCyclesConfigENS0_6Config6DeviceE
                0x080023c8      0x118 ../DaisyExamples/libDaisy/build/libdaisy.a(qspi.o)
                0x080023c8                daisy::QSPIHandle::Impl::DummyCyclesConfig(daisy::QSPIHandle::Config::Device)
 .text._ZN5daisy10QSPIHandle4Impl10QuadEnableEv
                0x080024e0      0x158 ../DaisyExamples/libDaisy/build/libdaisy.a(qspi.o)
                0x080024e0                daisy::QSPIHandle::Impl::QuadEnable()
 .text._ZN5daisy10QSPIHandle4InitERKNS0_6ConfigE
                0x08002638      0x198 ../DaisyExamples/libDaisy/build/libdaisy.a(qspi.o)
                0x08002638                daisy::QSPIHandle::Init(daisy::QSPIHandle::Config const&)
 .text.HAL_QSPI_MspInit
                0x080027d0      0x11c ../DaisyExamples/libDaisy/build/libdaisy.a(qspi.o)
                0x080027d0                HAL_QSPI_MspInit
 .text.HAL_QSPI_MspDeInit
                0x080028ec       0x54 ../DaisyExamples/libDaisy/build/libdaisy.a(qspi.o)
                0x080028ec                HAL_QSPI_MspDeInit
 .text.QUADSPI_IRQHandler
                0x08002940        0xc ../DaisyExamples/libDaisy/build/libdaisy.a(qspi.o)
                0x08002940                QUADSPI_IRQHandler
 .text.startup._GLOBAL__sub_I__ZN5daisy10QSPIHandle4Impl4InitERKNS0_6ConfigE
                0x0800294c       0x28 ../DaisyExamples/libDaisy/build/libdaisy.a(qspi.o)
 .text._ZN5daisy9SaiHandle4Impl7InitDmaENS1_15PeripheralBlockE
                0x08002974       0xa0 ../DaisyExamples/libDaisy/build/libdaisy.a(sai.o)
                0x08002974                daisy::SaiHandle::Impl::InitDma(daisy::SaiHandle::Impl::PeripheralBlock)
 .text._ZN5daisy9SaiHandle4Impl8InitPinsEv
                0x08002a14       0xa8 ../DaisyExamples/libDaisy/build/libdaisy.a(sai.o)
                0x08002a14                daisy::SaiHandle::Impl::InitPins()
 .text.HAL_SAI_MspInit
                0x08002abc      0x164 ../DaisyExamples/libDaisy/build/libdaisy.a(sai.o)
                0x08002abc                HAL_SAI_MspInit
 .text.DMA1_Stream0_IRQHandler
                0x08002c20        0xc ../DaisyExamples/libDaisy/build/libdaisy.a(sai.o)
                0x08002c20                DMA1_Stream0_IRQHandler
 .text.DMA1_Stream1_IRQHandler
                0x08002c2c        0xc ../DaisyExamples/libDaisy/build/libdaisy.a(sai.o)
                0x08002c2c                DMA1_Stream1_IRQHandler
 .text.DMA1_Stream3_IRQHandler
                0x08002c38        0xc ../DaisyExamples/libDaisy/build/libdaisy.a(sai.o)
                0x08002c38                DMA1_Stream3_IRQHandler
 .text.DMA1_Stream4_IRQHandler
                0x08002c44        0xc ../DaisyExamples/libDaisy/build/libdaisy.a(sai.o)
                0x08002c44                DMA1_Stream4_IRQHandler
 .text._ZN5daisy9SaiHandle4InitERKNS0_6ConfigE
                0x08002c50      0x1f0 ../DaisyExamples/libDaisy/build/libdaisy.a(sai.o)
                0x08002c50                daisy::SaiHandle::Init(daisy::SaiHandle::Config const&)
 .text._ZNK5daisy9SaiHandle9GetConfigEv
                0x08002e40        0x4 ../DaisyExamples/libDaisy/build/libdaisy.a(sai.o)
                0x08002e40                daisy::SaiHandle::GetConfig() const
 .text._ZN5daisy9SaiHandle13GetSampleRateEv
                0x08002e44       0x24 ../DaisyExamples/libDaisy/build/libdaisy.a(sai.o)
                0x08002e44                daisy::SaiHandle::GetSampleRate()
 .text._ZL20UART_CheckRxListenerPN5daisy11UartHandler4ImplE
                0x08002e68       0x84 ../DaisyExamples/libDaisy/build/libdaisy.a(uart.o)
 .text._ZN5daisy11UartHandler4Impl10StartDmaTxEPhjPFvPvEPFvS3_NS0_6ResultEES3_
                0x08002eec      0x184 ../DaisyExamples/libDaisy/build/libdaisy.a(uart.o)
                0x08002eec                daisy::UartHandler::Impl::StartDmaTx(unsigned char*, unsigned int, void (*)(void*), void (*)(void*, daisy::UartHandler::Result), void*)
 .text._ZN5daisy11UartHandler4Impl10StartDmaRxEPhjPFvPvEPFvS3_NS0_6ResultEES3_
                0x08003070      0x184 ../DaisyExamples/libDaisy/build/libdaisy.a(uart.o)
                0x08003070                daisy::UartHandler::Impl::StartDmaRx(unsigned char*, unsigned int, void (*)(void*), void (*)(void*, daisy::UartHandler::Result), void*)
 .text._ZN5daisy11UartHandler4Impl19DmaTransferFinishedEP20__UART_HandleTypeDefNS0_6ResultE
                0x080031f4       0xc0 ../DaisyExamples/libDaisy/build/libdaisy.a(uart.o)
                0x080031f4                daisy::UartHandler::Impl::DmaTransferFinished(__UART_HandleTypeDef*, daisy::UartHandler::Result)
 .text._ZN5daisy11UartHandler4Impl8InitPinsEv
                0x080032b4      0x154 ../DaisyExamples/libDaisy/build/libdaisy.a(uart.o)
                0x080032b4                daisy::UartHandler::Impl::InitPins()
 .text.HAL_UART_MspInit
                0x08003408      0x210 ../DaisyExamples/libDaisy/build/libdaisy.a(uart.o)
                0x08003408                HAL_UART_MspInit
 .text.dsy_uart_global_init
                0x08003618      0x110 ../DaisyExamples/libDaisy/build/libdaisy.a(uart.o)
                0x08003618                dsy_uart_global_init
 .text.USART1_IRQHandler
                0x08003728       0x2c ../DaisyExamples/libDaisy/build/libdaisy.a(uart.o)
                0x08003728                USART1_IRQHandler
 .text.USART2_IRQHandler
                0x08003754       0x34 ../DaisyExamples/libDaisy/build/libdaisy.a(uart.o)
                0x08003754                USART2_IRQHandler
 .text.USART3_IRQHandler
                0x08003788       0x34 ../DaisyExamples/libDaisy/build/libdaisy.a(uart.o)
                0x08003788                USART3_IRQHandler
 .text.UART4_IRQHandler
                0x080037bc       0x34 ../DaisyExamples/libDaisy/build/libdaisy.a(uart.o)
                0x080037bc                UART4_IRQHandler
 .text.UART5_IRQHandler
                0x080037f0       0x34 ../DaisyExamples/libDaisy/build/libdaisy.a(uart.o)
                0x080037f0                UART5_IRQHandler
 .text.USART6_IRQHandler
                0x08003824       0x34 ../DaisyExamples/libDaisy/build/libdaisy.a(uart.o)
                0x08003824                USART6_IRQHandler
 .text.UART7_IRQHandler
                0x08003858       0x34 ../DaisyExamples/libDaisy/build/libdaisy.a(uart.o)
                0x08003858                UART7_IRQHandler
 .text.UART8_IRQHandler
                0x0800388c       0x34 ../DaisyExamples/libDaisy/build/libdaisy.a(uart.o)
                0x0800388c                UART8_IRQHandler
 .text.LPUART1_IRQHandler
                0x080038c0       0x34 ../DaisyExamples/libDaisy/build/libdaisy.a(uart.o)
                0x080038c0                LPUART1_IRQHandler
 .text.DMA1_Stream5_IRQHandler
                0x080038f4       0x34 ../DaisyExamples/libDaisy/build/libdaisy.a(uart.o)
                0x080038f4                DMA1_Stream5_IRQHandler
 .text.DMA2_Stream4_IRQHandler
                0x08003928       0x38 ../DaisyExamples/libDaisy/build/libdaisy.a(uart.o)
                0x08003928                DMA2_Stream4_IRQHandler
 .text.HAL_UART_TxCpltCallback
                0x08003960        0x8 ../DaisyExamples/libDaisy/build/libdaisy.a(uart.o)
                0x08003960                HAL_UART_TxCpltCallback
 .text.HAL_UART_RxCpltCallback
                0x08003968       0x94 ../DaisyExamples/libDaisy/build/libdaisy.a(uart.o)
                0x08003968                HAL_UART_RxCpltCallback
 .text.HAL_UART_RxHalfCpltCallback
                0x080039fc       0x90 ../DaisyExamples/libDaisy/build/libdaisy.a(uart.o)
                0x080039fc                HAL_UART_RxHalfCpltCallback
 .text.HAL_UART_ErrorCallback
                0x08003a8c        0x8 ../DaisyExamples/libDaisy/build/libdaisy.a(uart.o)
                0x08003a8c                HAL_UART_ErrorCallback
 .text._ZN5daisy11UartHandler4InitERKNS0_6ConfigE
                0x08003a94       0xd4 ../DaisyExamples/libDaisy/build/libdaisy.a(uart.o)
                0x08003a94                daisy::UartHandler::Init(daisy::UartHandler::Config const&)
 .text._ZN5daisy11UartHandler11DmaTransmitEPhjPFvPvEPFvS2_NS0_6ResultEES2_
                0x08003b68       0x6c ../DaisyExamples/libDaisy/build/libdaisy.a(uart.o)
                0x08003b68                daisy::UartHandler::DmaTransmit(unsigned char*, unsigned int, void (*)(void*), void (*)(void*, daisy::UartHandler::Result), void*)
 .text.startup._GLOBAL__sub_I__Z19MapInstanceToHandleP13USART_TypeDef
                0x08003bd4      0x194 ../DaisyExamples/libDaisy/build/libdaisy.a(uart.o)
 .text.dsy_dma_init
                0x08003d68      0x100 ../DaisyExamples/libDaisy/build/libdaisy.a(dma.o)
                0x08003d68                dsy_dma_init
 .text.dsy_dma_invalidate_cache_for_buffer
                0x08003e68       0x2c ../DaisyExamples/libDaisy/build/libdaisy.a(dma.o)
                0x08003e68                dsy_dma_invalidate_cache_for_buffer
 .text._ZN5daisy11TimerHandleD2Ev
                0x08003e94        0x4 ../DaisyExamples/libDaisy/build/libdaisy.a(system.o)
                0x08003e94                daisy::TimerHandle::~TimerHandle()
                0x08003e94                daisy::TimerHandle::~TimerHandle()
 .text.SysTick_Handler
                0x08003e98       0x10 ../DaisyExamples/libDaisy/build/libdaisy.a(system.o)
                0x08003e98                SysTick_Handler
 .text.OTG_HS_EP1_OUT_IRQHandler
                0x08003ea8       0x24 ../DaisyExamples/libDaisy/build/libdaisy.a(system.o)
                0x08003ea8                OTG_HS_EP1_OUT_IRQHandler
 .text.OTG_HS_EP1_IN_IRQHandler
                0x08003ecc       0x24 ../DaisyExamples/libDaisy/build/libdaisy.a(system.o)
                0x08003ecc                OTG_HS_EP1_IN_IRQHandler
 .text.OTG_HS_IRQHandler
                0x08003ef0       0x24 ../DaisyExamples/libDaisy/build/libdaisy.a(system.o)
                0x08003ef0                OTG_HS_IRQHandler
 .text.HardFault_Handler
                0x08003f14       0xe0 ../DaisyExamples/libDaisy/build/libdaisy.a(system.o)
                0x08003f14                HardFault_Handler
 .text._ZN5daisy6System6GetNowEv
                0x08003ff4        0x4 ../DaisyExamples/libDaisy/build/libdaisy.a(system.o)
                0x08003ff4                daisy::System::GetNow()
 .text._ZN5daisy6System5DelayEm
                0x08003ff8        0x4 ../DaisyExamples/libDaisy/build/libdaisy.a(system.o)
                0x08003ff8                daisy::System::Delay(unsigned long)
 .text._ZN5daisy6System20GetBootloaderVersionEv
                0x08003ffc       0x34 ../DaisyExamples/libDaisy/build/libdaisy.a(system.o)
                0x08003ffc                daisy::System::GetBootloaderVersion()
 .text._ZN5daisy6System15ConfigureClocksEv
                0x08004030      0x194 ../DaisyExamples/libDaisy/build/libdaisy.a(system.o)
                0x08004030                daisy::System::ConfigureClocks()
 .text._ZN5daisy6System12ConfigureMpuEv
                0x080041c4       0x7c ../DaisyExamples/libDaisy/build/libdaisy.a(system.o)
                0x080041c4                daisy::System::ConfigureMpu()
 .text._ZN5daisy6System4InitERKNS0_6ConfigE
                0x08004240       0xec ../DaisyExamples/libDaisy/build/libdaisy.a(system.o)
                0x08004240                daisy::System::Init(daisy::System::Config const&)
 .text._ZN5daisy6System12GetPClk1FreqEv
                0x0800432c        0x4 ../DaisyExamples/libDaisy/build/libdaisy.a(system.o)
                0x0800432c                daisy::System::GetPClk1Freq()
 .text._ZN5daisy6System22GetProgramMemoryRegionEv
                0x08004330       0x78 ../DaisyExamples/libDaisy/build/libdaisy.a(system.o)
                0x08004330                daisy::System::GetProgramMemoryRegion()
 .text.startup._GLOBAL__sub_I__ZN5daisy9boot_infoE
                0x080043a8       0x1c ../DaisyExamples/libDaisy/build/libdaisy.a(system.o)
 .text.SystemInit
                0x080043c4       0x9c ../DaisyExamples/libDaisy/build/libdaisy.a(system_stm32h7xx.o)
                0x080043c4                SystemInit
 .text.HAL_PCD_SetupStageCallback
                0x08004460        0xc ../DaisyExamples/libDaisy/build/libdaisy.a(usbd_conf.o)
                0x08004460                HAL_PCD_SetupStageCallback
 .text.HAL_PCD_DataOutStageCallback
                0x0800446c       0x14 ../DaisyExamples/libDaisy/build/libdaisy.a(usbd_conf.o)
                0x0800446c                HAL_PCD_DataOutStageCallback
 .text.HAL_PCD_DataInStageCallback
                0x08004480       0x14 ../DaisyExamples/libDaisy/build/libdaisy.a(usbd_conf.o)
                0x08004480                HAL_PCD_DataInStageCallback
 .text.HAL_PCD_SOFCallback
                0x08004494        0x8 ../DaisyExamples/libDaisy/build/libdaisy.a(usbd_conf.o)
                0x08004494                HAL_PCD_SOFCallback
 .text.HAL_PCD_ResetCallback
                0x0800449c       0x24 ../DaisyExamples/libDaisy/build/libdaisy.a(usbd_conf.o)
                0x0800449c                HAL_PCD_ResetCallback
 .text.HAL_PCD_SuspendCallback
                0x080044c0       0x30 ../DaisyExamples/libDaisy/build/libdaisy.a(usbd_conf.o)
                0x080044c0                HAL_PCD_SuspendCallback
 .text.HAL_PCD_ResumeCallback
                0x080044f0        0x8 ../DaisyExamples/libDaisy/build/libdaisy.a(usbd_conf.o)
                0x080044f0                HAL_PCD_ResumeCallback
 .text.HAL_PCD_ISOOUTIncompleteCallback
                0x080044f8        0x8 ../DaisyExamples/libDaisy/build/libdaisy.a(usbd_conf.o)
                0x080044f8                HAL_PCD_ISOOUTIncompleteCallback
 .text.HAL_PCD_ISOINIncompleteCallback
                0x08004500        0x8 ../DaisyExamples/libDaisy/build/libdaisy.a(usbd_conf.o)
                0x08004500                HAL_PCD_ISOINIncompleteCallback
 .text.HAL_PCD_ConnectCallback
                0x08004508        0x8 ../DaisyExamples/libDaisy/build/libdaisy.a(usbd_conf.o)
                0x08004508                HAL_PCD_ConnectCallback
 .text.HAL_PCD_DisconnectCallback
                0x08004510        0x8 ../DaisyExamples/libDaisy/build/libdaisy.a(usbd_conf.o)
                0x08004510                HAL_PCD_DisconnectCallback
 .text.USBD_LL_OpenEP
                0x08004518       0x24 ../DaisyExamples/libDaisy/build/libdaisy.a(usbd_conf.o)
                0x08004518                USBD_LL_OpenEP
 .text.USBD_LL_StallEP
                0x0800453c       0x1c ../DaisyExamples/libDaisy/build/libdaisy.a(usbd_conf.o)
                0x0800453c                USBD_LL_StallEP
 .text.USBD_LL_ClearStallEP
                0x08004558       0x1c ../DaisyExamples/libDaisy/build/libdaisy.a(usbd_conf.o)
                0x08004558                USBD_LL_ClearStallEP
 .text.USBD_LL_IsStallEP
                0x08004574       0x28 ../DaisyExamples/libDaisy/build/libdaisy.a(usbd_conf.o)
                0x08004574                USBD_LL_IsStallEP
 .text.USBD_LL_SetUSBAddress
                0x0800459c       0x1c ../DaisyExamples/libDaisy/build/libdaisy.a(usbd_conf.o)
                0x0800459c                USBD_LL_SetUSBAddress
 .text.USBD_LL_Transmit
                0x080045b8       0x1c ../DaisyExamples/libDaisy/build/libdaisy.a(usbd_conf.o)
                0x080045b8                USBD_LL_Transmit
 .text.USBD_LL_PrepareReceive
                0x080045d4       0x1c ../DaisyExamples/libDaisy/build/libdaisy.a(usbd_conf.o)
                0x080045d4                USBD_LL_PrepareReceive
 .text.HAL_HCD_SOF_Callback
                0x080045f0        0x8 ../DaisyExamples/libDaisy/build/libdaisy.a(usbh_conf.o)
                0x080045f0                HAL_HCD_SOF_Callback
 .text.HAL_HCD_Connect_Callback
                0x080045f8        0x8 ../DaisyExamples/libDaisy/build/libdaisy.a(usbh_conf.o)
                0x080045f8                HAL_HCD_Connect_Callback
 .text.HAL_HCD_Disconnect_Callback
                0x08004600        0x8 ../DaisyExamples/libDaisy/build/libdaisy.a(usbh_conf.o)
                0x08004600                HAL_HCD_Disconnect_Callback
 .text.HAL_HCD_HC_NotifyURBChange_Callback
                0x08004608        0x4 ../DaisyExamples/libDaisy/build/libdaisy.a(usbh_conf.o)
                0x08004608                HAL_HCD_HC_NotifyURBChange_Callback
 .text.HAL_HCD_PortEnabled_Callback
                0x0800460c        0x8 ../DaisyExamples/libDaisy/build/libdaisy.a(usbh_conf.o)
                0x0800460c                HAL_HCD_PortEnabled_Callback
 .text.HAL_HCD_PortDisabled_Callback
                0x08004614        0x8 ../DaisyExamples/libDaisy/build/libdaisy.a(usbh_conf.o)
                0x08004614                HAL_HCD_PortDisabled_Callback
 .text.USBH_LL_Stop
                0x0800461c       0x1c ../DaisyExamples/libDaisy/build/libdaisy.a(usbh_conf.o)
                0x0800461c                USBH_LL_Stop
 .text.dsy_hal_map_get_port
                0x08004638       0x10 ../DaisyExamples/libDaisy/build/libdaisy.a(hal_map.o)
                0x08004638                dsy_hal_map_get_port
 .text.dsy_hal_map_get_pin
                0x08004648       0x10 ../DaisyExamples/libDaisy/build/libdaisy.a(hal_map.o)
                0x08004648                dsy_hal_map_get_pin
 .text.dsy_hal_map_gpio_clk_enable
                0x08004658      0x150 ../DaisyExamples/libDaisy/build/libdaisy.a(hal_map.o)
                0x08004658                dsy_hal_map_gpio_clk_enable
 .text.HAL_MspInit
                0x080047a8        0x4 ../DaisyExamples/libDaisy/build/libdaisy.a(stm32h7xx_hal.o)
                0x080047a8                HAL_MspInit
 .text.HAL_InitTick
                0x080047ac       0x4c ../DaisyExamples/libDaisy/build/libdaisy.a(stm32h7xx_hal.o)
                0x080047ac                HAL_InitTick
 .text.HAL_Init
                0x080047f8       0x60 ../DaisyExamples/libDaisy/build/libdaisy.a(stm32h7xx_hal.o)
                0x080047f8                HAL_Init
 .text.HAL_IncTick
                0x08004858       0x18 ../DaisyExamples/libDaisy/build/libdaisy.a(stm32h7xx_hal.o)
                0x08004858                HAL_IncTick
 .text.HAL_GetTick
                0x08004870        0xc ../DaisyExamples/libDaisy/build/libdaisy.a(stm32h7xx_hal.o)
                0x08004870                HAL_GetTick
 .text.HAL_Delay
                0x0800487c       0x24 ../DaisyExamples/libDaisy/build/libdaisy.a(stm32h7xx_hal.o)
                0x0800487c                HAL_Delay
 .text.HAL_GetREVID
                0x080048a0        0xc ../DaisyExamples/libDaisy/build/libdaisy.a(stm32h7xx_hal.o)
                0x080048a0                HAL_GetREVID
 .text.HAL_ADC_ConvHalfCpltCallback
                0x080048ac        0x4 ../DaisyExamples/libDaisy/build/libdaisy.a(stm32h7xx_hal_adc.o)
                0x080048ac                HAL_ADC_ConvHalfCpltCallback
 .text.ADC_DMAHalfConvCplt
                0x080048b0        0xc ../DaisyExamples/libDaisy/build/libdaisy.a(stm32h7xx_hal_adc.o)
                0x080048b0                ADC_DMAHalfConvCplt
 .text.ADC_DMAConvCplt
                0x080048bc       0x6c ../DaisyExamples/libDaisy/build/libdaisy.a(stm32h7xx_hal_adc.o)
                0x080048bc                ADC_DMAConvCplt
 .text.ADC_DMAError
                0x08004928       0x1c ../DaisyExamples/libDaisy/build/libdaisy.a(stm32h7xx_hal_adc.o)
                0x08004928                ADC_DMAError
 .text.HAL_ADC_ConfigChannel
                0x08004944      0x3fc ../DaisyExamples/libDaisy/build/libdaisy.a(stm32h7xx_hal_adc.o)
                0x08004944                HAL_ADC_ConfigChannel
 .text.ADC_Enable
                0x08004d40       0xac ../DaisyExamples/libDaisy/build/libdaisy.a(stm32h7xx_hal_adc.o)
                0x08004d40                ADC_Enable
 .text.HAL_ADC_Start_DMA
                0x08004dec      0x114 ../DaisyExamples/libDaisy/build/libdaisy.a(stm32h7xx_hal_adc.o)
                0x08004dec                HAL_ADC_Start_DMA
 .text.ADC_Disable
                0x08004f00       0x68 ../DaisyExamples/libDaisy/build/libdaisy.a(stm32h7xx_hal_adc.o)
                0x08004f00                ADC_Disable
 .text.ADC_ConfigureBoostMode
                0x08004f68      0x184 ../DaisyExamples/libDaisy/build/libdaisy.a(stm32h7xx_hal_adc.o)
                0x08004f68                ADC_ConfigureBoostMode
 .text.HAL_ADC_Init
                0x080050ec      0x218 ../DaisyExamples/libDaisy/build/libdaisy.a(stm32h7xx_hal_adc.o)
                0x080050ec                HAL_ADC_Init
 .text.HAL_ADCEx_Calibration_Start
                0x08005304       0xa4 ../DaisyExamples/libDaisy/build/libdaisy.a(stm32h7xx_hal_adc_ex.o)
                0x08005304                HAL_ADCEx_Calibration_Start
 .text.HAL_ADCEx_MultiModeConfigChannel
                0x080053a8       0xc4 ../DaisyExamples/libDaisy/build/libdaisy.a(stm32h7xx_hal_adc_ex.o)
                0x080053a8                HAL_ADCEx_MultiModeConfigChannel
 .text.HAL_NVIC_SetPriorityGrouping
                0x0800546c       0x24 ../DaisyExamples/libDaisy/build/libdaisy.a(stm32h7xx_hal_cortex.o)
                0x0800546c                HAL_NVIC_SetPriorityGrouping
 .text.HAL_NVIC_SetPriority
                0x08005490       0x7c ../DaisyExamples/libDaisy/build/libdaisy.a(stm32h7xx_hal_cortex.o)
                0x08005490                HAL_NVIC_SetPriority
 .text.HAL_NVIC_EnableIRQ
                0x0800550c       0x1c ../DaisyExamples/libDaisy/build/libdaisy.a(stm32h7xx_hal_cortex.o)
                0x0800550c                HAL_NVIC_EnableIRQ
 .text.HAL_NVIC_DisableIRQ
                0x08005528       0x28 ../DaisyExamples/libDaisy/build/libdaisy.a(stm32h7xx_hal_cortex.o)
                0x08005528                HAL_NVIC_DisableIRQ
 .text.HAL_SYSTICK_Config
                0x08005550       0x2c ../DaisyExamples/libDaisy/build/libdaisy.a(stm32h7xx_hal_cortex.o)
                0x08005550                HAL_SYSTICK_Config
 .text.HAL_MPU_Disable
                0x0800557c       0x1c ../DaisyExamples/libDaisy/build/libdaisy.a(stm32h7xx_hal_cortex.o)
                0x0800557c                HAL_MPU_Disable
 .text.HAL_MPU_Enable
                0x08005598       0x20 ../DaisyExamples/libDaisy/build/libdaisy.a(stm32h7xx_hal_cortex.o)
                0x08005598                HAL_MPU_Enable
 .text.HAL_MPU_ConfigRegion
                0x080055b8       0x64 ../DaisyExamples/libDaisy/build/libdaisy.a(stm32h7xx_hal_cortex.o)
                0x080055b8                HAL_MPU_ConfigRegion
 .text.HAL_SYSTICK_Callback
                0x0800561c        0x4 ../DaisyExamples/libDaisy/build/libdaisy.a(stm32h7xx_hal_cortex.o)
                0x0800561c                HAL_SYSTICK_Callback
 .text.HAL_SYSTICK_IRQHandler
                0x08005620        0x8 ../DaisyExamples/libDaisy/build/libdaisy.a(stm32h7xx_hal_cortex.o)
                0x08005620                HAL_SYSTICK_IRQHandler
 .text.DMA_CalcBaseAndBitshift
                0x08005628       0xf4 ../DaisyExamples/libDaisy/build/libdaisy.a(stm32h7xx_hal_dma.o)
 .text.DMA_CalcDMAMUXChannelBaseAndMask
                0x0800571c       0xd8 ../DaisyExamples/libDaisy/build/libdaisy.a(stm32h7xx_hal_dma.o)
 .text.HAL_DMA_Init
                0x080057f4      0x37c ../DaisyExamples/libDaisy/build/libdaisy.a(stm32h7xx_hal_dma.o)
                0x080057f4                HAL_DMA_Init
 .text.HAL_DMA_Start_IT
                0x08005b70      0x240 ../DaisyExamples/libDaisy/build/libdaisy.a(stm32h7xx_hal_dma.o)
                0x08005b70                HAL_DMA_Start_IT
 .text.HAL_DMA_Abort_IT
                0x08005db0      0x134 ../DaisyExamples/libDaisy/build/libdaisy.a(stm32h7xx_hal_dma.o)
                0x08005db0                HAL_DMA_Abort_IT
 .text.HAL_DMA_IRQHandler
                0x08005ee4      0x6a0 ../DaisyExamples/libDaisy/build/libdaisy.a(stm32h7xx_hal_dma.o)
                0x08005ee4                HAL_DMA_IRQHandler
 .text.HAL_DMA_GetError
                0x08006584        0x4 ../DaisyExamples/libDaisy/build/libdaisy.a(stm32h7xx_hal_dma.o)
                0x08006584                HAL_DMA_GetError
 .text.HAL_GPIO_Init
                0x08006588      0x280 ../DaisyExamples/libDaisy/build/libdaisy.a(stm32h7xx_hal_gpio.o)
                0x08006588                HAL_GPIO_Init
 .text.HAL_GPIO_DeInit
                0x08006808      0x190 ../DaisyExamples/libDaisy/build/libdaisy.a(stm32h7xx_hal_gpio.o)
                0x08006808                HAL_GPIO_DeInit
 .text.HAL_GPIO_ReadPin
                0x08006998        0xc ../DaisyExamples/libDaisy/build/libdaisy.a(stm32h7xx_hal_gpio.o)
                0x08006998                HAL_GPIO_ReadPin
 .text.HAL_GPIO_WritePin
                0x080069a4        0x8 ../DaisyExamples/libDaisy/build/libdaisy.a(stm32h7xx_hal_gpio.o)
                0x080069a4                HAL_GPIO_WritePin
 .text.HAL_HCD_IRQHandler
                0x080069ac      0x780 ../DaisyExamples/libDaisy/build/libdaisy.a(stm32h7xx_hal_hcd.o)
                0x080069ac                HAL_HCD_IRQHandler
 .text.HAL_HCD_Stop
                0x0800712c       0x28 ../DaisyExamples/libDaisy/build/libdaisy.a(stm32h7xx_hal_hcd.o)
                0x0800712c                HAL_HCD_Stop
 .text.I2C_WaitOnTXISFlagUntilTimeout
                0x08007154       0xb8 ../DaisyExamples/libDaisy/build/libdaisy.a(stm32h7xx_hal_i2c.o)
 .text.I2C_WaitOnSTOPFlagUntilTimeout
                0x0800720c       0xac ../DaisyExamples/libDaisy/build/libdaisy.a(stm32h7xx_hal_i2c.o)
 .text.HAL_I2C_Init
                0x080072b8       0xac ../DaisyExamples/libDaisy/build/libdaisy.a(stm32h7xx_hal_i2c.o)
                0x080072b8                HAL_I2C_Init
 .text.HAL_I2C_Master_Transmit
                0x08007364      0x1a8 ../DaisyExamples/libDaisy/build/libdaisy.a(stm32h7xx_hal_i2c.o)
                0x08007364                HAL_I2C_Master_Transmit
 .text.HAL_I2C_Slave_Transmit
                0x0800750c      0x1c8 ../DaisyExamples/libDaisy/build/libdaisy.a(stm32h7xx_hal_i2c.o)
                0x0800750c                HAL_I2C_Slave_Transmit
 .text.HAL_I2C_EV_IRQHandler
                0x080076d4       0x10 ../DaisyExamples/libDaisy/build/libdaisy.a(stm32h7xx_hal_i2c.o)
                0x080076d4                HAL_I2C_EV_IRQHandler
 .text.HAL_I2C_GetState
                0x080076e4        0x8 ../DaisyExamples/libDaisy/build/libdaisy.a(stm32h7xx_hal_i2c.o)
                0x080076e4                HAL_I2C_GetState
 .text.HAL_I2CEx_ConfigAnalogFilter
                0x080076ec       0x54 ../DaisyExamples/libDaisy/build/libdaisy.a(stm32h7xx_hal_i2c_ex.o)
                0x080076ec                HAL_I2CEx_ConfigAnalogFilter
 .text.HAL_I2CEx_ConfigDigitalFilter
                0x08007740       0x58 ../DaisyExamples/libDaisy/build/libdaisy.a(stm32h7xx_hal_i2c_ex.o)
                0x08007740                HAL_I2CEx_ConfigDigitalFilter
 .text.HAL_PCD_IRQHandler
                0x08007798      0x69c ../DaisyExamples/libDaisy/build/libdaisy.a(stm32h7xx_hal_pcd.o)
                0x08007798                HAL_PCD_IRQHandler
 .text.HAL_PCD_SetAddress
                0x08007e34       0x2c ../DaisyExamples/libDaisy/build/libdaisy.a(stm32h7xx_hal_pcd.o)
                0x08007e34                HAL_PCD_SetAddress
 .text.HAL_PCD_EP_Open
                0x08007e60       0x7c ../DaisyExamples/libDaisy/build/libdaisy.a(stm32h7xx_hal_pcd.o)
                0x08007e60                HAL_PCD_EP_Open
 .text.HAL_PCD_EP_Receive
                0x08007edc       0x50 ../DaisyExamples/libDaisy/build/libdaisy.a(stm32h7xx_hal_pcd.o)
                0x08007edc                HAL_PCD_EP_Receive
 .text.HAL_PCD_EP_Transmit
                0x08007f2c       0x50 ../DaisyExamples/libDaisy/build/libdaisy.a(stm32h7xx_hal_pcd.o)
                0x08007f2c                HAL_PCD_EP_Transmit
 .text.HAL_PCD_EP_SetStall
                0x08007f7c       0x88 ../DaisyExamples/libDaisy/build/libdaisy.a(stm32h7xx_hal_pcd.o)
                0x08007f7c                HAL_PCD_EP_SetStall
 .text.HAL_PCD_EP_ClrStall
                0x08008004       0x78 ../DaisyExamples/libDaisy/build/libdaisy.a(stm32h7xx_hal_pcd.o)
                0x08008004                HAL_PCD_EP_ClrStall
 .text.HAL_PCDEx_LPM_Callback
                0x0800807c        0x4 ../DaisyExamples/libDaisy/build/libdaisy.a(stm32h7xx_hal_pcd_ex.o)
                0x0800807c                HAL_PCDEx_LPM_Callback
 .text.HAL_PWREx_ConfigSupply
                0x08008080       0x4c ../DaisyExamples/libDaisy/build/libdaisy.a(stm32h7xx_hal_pwr_ex.o)
                0x08008080                HAL_PWREx_ConfigSupply
 .text.HAL_PWREx_EnableUSBVoltageDetector
                0x080080cc       0x10 ../DaisyExamples/libDaisy/build/libdaisy.a(stm32h7xx_hal_pwr_ex.o)
                0x080080cc                HAL_PWREx_EnableUSBVoltageDetector
 .text.QSPI_Config
                0x080080dc      0x174 ../DaisyExamples/libDaisy/build/libdaisy.a(stm32h7xx_hal_qspi.o)
 .text.HAL_QSPI_Init
                0x08008250       0xd8 ../DaisyExamples/libDaisy/build/libdaisy.a(stm32h7xx_hal_qspi.o)
                0x08008250                HAL_QSPI_Init
 .text.HAL_QSPI_DeInit
                0x08008328       0x3c ../DaisyExamples/libDaisy/build/libdaisy.a(stm32h7xx_hal_qspi.o)
                0x08008328                HAL_QSPI_DeInit
 .text.HAL_QSPI_Command
                0x08008364       0xd4 ../DaisyExamples/libDaisy/build/libdaisy.a(stm32h7xx_hal_qspi.o)
                0x08008364                HAL_QSPI_Command
 .text.HAL_QSPI_Transmit
                0x08008438       0xfc ../DaisyExamples/libDaisy/build/libdaisy.a(stm32h7xx_hal_qspi.o)
                0x08008438                HAL_QSPI_Transmit
 .text.HAL_QSPI_Receive
                0x08008534      0x108 ../DaisyExamples/libDaisy/build/libdaisy.a(stm32h7xx_hal_qspi.o)
                0x08008534                HAL_QSPI_Receive
 .text.HAL_QSPI_AutoPolling
                0x0800863c       0xf0 ../DaisyExamples/libDaisy/build/libdaisy.a(stm32h7xx_hal_qspi.o)
                0x0800863c                HAL_QSPI_AutoPolling
 .text.HAL_QSPI_MemoryMapped
                0x0800872c       0xc0 ../DaisyExamples/libDaisy/build/libdaisy.a(stm32h7xx_hal_qspi.o)
                0x0800872c                HAL_QSPI_MemoryMapped
 .text.HAL_QSPI_ErrorCallback
                0x080087ec        0x4 ../DaisyExamples/libDaisy/build/libdaisy.a(stm32h7xx_hal_qspi.o)
                0x080087ec                HAL_QSPI_ErrorCallback
 .text.QSPI_DMAAbortCplt
                0x080087f0       0x38 ../DaisyExamples/libDaisy/build/libdaisy.a(stm32h7xx_hal_qspi.o)
 .text.HAL_QSPI_AbortCpltCallback
                0x08008828        0x4 ../DaisyExamples/libDaisy/build/libdaisy.a(stm32h7xx_hal_qspi.o)
                0x08008828                HAL_QSPI_AbortCpltCallback
 .text.HAL_QSPI_CmdCpltCallback
                0x0800882c        0x4 ../DaisyExamples/libDaisy/build/libdaisy.a(stm32h7xx_hal_qspi.o)
                0x0800882c                HAL_QSPI_CmdCpltCallback
 .text.HAL_QSPI_RxCpltCallback
                0x08008830        0x4 ../DaisyExamples/libDaisy/build/libdaisy.a(stm32h7xx_hal_qspi.o)
                0x08008830                HAL_QSPI_RxCpltCallback
 .text.HAL_QSPI_TxCpltCallback
                0x08008834        0x4 ../DaisyExamples/libDaisy/build/libdaisy.a(stm32h7xx_hal_qspi.o)
                0x08008834                HAL_QSPI_TxCpltCallback
 .text.HAL_QSPI_FifoThresholdCallback
                0x08008838        0x4 ../DaisyExamples/libDaisy/build/libdaisy.a(stm32h7xx_hal_qspi.o)
                0x08008838                HAL_QSPI_FifoThresholdCallback
 .text.HAL_QSPI_StatusMatchCallback
                0x0800883c        0x4 ../DaisyExamples/libDaisy/build/libdaisy.a(stm32h7xx_hal_qspi.o)
                0x0800883c                HAL_QSPI_StatusMatchCallback
 .text.HAL_QSPI_TimeOutCallback
                0x08008840        0x4 ../DaisyExamples/libDaisy/build/libdaisy.a(stm32h7xx_hal_qspi.o)
                0x08008840                HAL_QSPI_TimeOutCallback
 .text.HAL_QSPI_IRQHandler
                0x08008844      0x210 ../DaisyExamples/libDaisy/build/libdaisy.a(stm32h7xx_hal_qspi.o)
                0x08008844                HAL_QSPI_IRQHandler
 .text.HAL_RCC_OscConfig
                0x08008a54      0x51c ../DaisyExamples/libDaisy/build/libdaisy.a(stm32h7xx_hal_rcc.o)
                0x08008a54                HAL_RCC_OscConfig
 .text.HAL_RCC_GetSysClockFreq
                0x08008f70      0x140 ../DaisyExamples/libDaisy/build/libdaisy.a(stm32h7xx_hal_rcc.o)
                0x08008f70                HAL_RCC_GetSysClockFreq
 .text.HAL_RCC_ClockConfig
                0x080090b0      0x234 ../DaisyExamples/libDaisy/build/libdaisy.a(stm32h7xx_hal_rcc.o)
                0x080090b0                HAL_RCC_ClockConfig
 .text.HAL_RCC_GetHCLKFreq
                0x080092e4       0x2c ../DaisyExamples/libDaisy/build/libdaisy.a(stm32h7xx_hal_rcc.o)
                0x080092e4                HAL_RCC_GetHCLKFreq
 .text.HAL_RCC_GetPCLK1Freq
                0x08009310       0x38 ../DaisyExamples/libDaisy/build/libdaisy.a(stm32h7xx_hal_rcc.o)
                0x08009310                HAL_RCC_GetPCLK1Freq
 .text.HAL_RCC_GetPCLK2Freq
                0x08009348       0x38 ../DaisyExamples/libDaisy/build/libdaisy.a(stm32h7xx_hal_rcc.o)
                0x08009348                HAL_RCC_GetPCLK2Freq
 .text.RCCEx_PLL2_Config
                0x08009380       0xf4 ../DaisyExamples/libDaisy/build/libdaisy.a(stm32h7xx_hal_rcc_ex.o)
 .text.RCCEx_PLL3_Config
                0x08009474       0xf4 ../DaisyExamples/libDaisy/build/libdaisy.a(stm32h7xx_hal_rcc_ex.o)
 .text.HAL_RCCEx_PeriphCLKConfig
                0x08009568      0xa7c ../DaisyExamples/libDaisy/build/libdaisy.a(stm32h7xx_hal_rcc_ex.o)
                0x08009568                HAL_RCCEx_PeriphCLKConfig
 .text.HAL_RCCEx_GetD3PCLK1Freq
                0x08009fe4       0x24 ../DaisyExamples/libDaisy/build/libdaisy.a(stm32h7xx_hal_rcc_ex.o)
                0x08009fe4                HAL_RCCEx_GetD3PCLK1Freq
 .text.HAL_RCCEx_GetPLL2ClockFreq
                0x0800a008      0x17c ../DaisyExamples/libDaisy/build/libdaisy.a(stm32h7xx_hal_rcc_ex.o)
                0x0800a008                HAL_RCCEx_GetPLL2ClockFreq
 .text.HAL_RCCEx_GetPLL3ClockFreq
                0x0800a184      0x17c ../DaisyExamples/libDaisy/build/libdaisy.a(stm32h7xx_hal_rcc_ex.o)
                0x0800a184                HAL_RCCEx_GetPLL3ClockFreq
 .text.HAL_RCCEx_GetPLL1ClockFreq
                0x0800a300      0x17c ../DaisyExamples/libDaisy/build/libdaisy.a(stm32h7xx_hal_rcc_ex.o)
                0x0800a300                HAL_RCCEx_GetPLL1ClockFreq
 .text.HAL_RCCEx_GetPeriphCLKFreq
                0x0800a47c      0x198 ../DaisyExamples/libDaisy/build/libdaisy.a(stm32h7xx_hal_rcc_ex.o)
                0x0800a47c                HAL_RCCEx_GetPeriphCLKFreq
 .text.HAL_RCCEx_GetD1SysClockFreq
                0x0800a614       0x2c ../DaisyExamples/libDaisy/build/libdaisy.a(stm32h7xx_hal_rcc_ex.o)
                0x0800a614                HAL_RCCEx_GetD1SysClockFreq
 .text.HAL_SAI_Init.part.0
                0x0800a640      0x348 ../DaisyExamples/libDaisy/build/libdaisy.a(stm32h7xx_hal_sai.o)
 .text.HAL_SAI_InitProtocol
                0x0800a988      0x178 ../DaisyExamples/libDaisy/build/libdaisy.a(stm32h7xx_hal_sai.o)
                0x0800a988                HAL_SAI_InitProtocol
 .text.HAL_SDRAM_Init
                0x0800ab00       0x54 ../DaisyExamples/libDaisy/build/libdaisy.a(stm32h7xx_hal_sdram.o)
                0x0800ab00                HAL_SDRAM_Init
 .text.HAL_SDRAM_SendCommand
                0x0800ab54       0x40 ../DaisyExamples/libDaisy/build/libdaisy.a(stm32h7xx_hal_sdram.o)
                0x0800ab54                HAL_SDRAM_SendCommand
 .text.HAL_SDRAM_ProgramRefreshRate
                0x0800ab94       0x30 ../DaisyExamples/libDaisy/build/libdaisy.a(stm32h7xx_hal_sdram.o)
                0x0800ab94                HAL_SDRAM_ProgramRefreshRate
 .text.HAL_UART_Transmit_DMA
                0x0800abc4       0xa4 ../DaisyExamples/libDaisy/build/libdaisy.a(stm32h7xx_hal_uart.o)
                0x0800abc4                HAL_UART_Transmit_DMA
 .text.HAL_UART_Receive_DMA
                0x0800ac68       0xac ../DaisyExamples/libDaisy/build/libdaisy.a(stm32h7xx_hal_uart.o)
                0x0800ac68                HAL_UART_Receive_DMA
 .text.UART_DMATransmitCplt
                0x0800ad14       0x2c ../DaisyExamples/libDaisy/build/libdaisy.a(stm32h7xx_hal_uart.o)
 .text.HAL_UART_TxHalfCpltCallback
                0x0800ad40        0x4 ../DaisyExamples/libDaisy/build/libdaisy.a(stm32h7xx_hal_uart.o)
                0x0800ad40                HAL_UART_TxHalfCpltCallback
 .text.UART_DMATxHalfCplt
                0x0800ad44        0xc ../DaisyExamples/libDaisy/build/libdaisy.a(stm32h7xx_hal_uart.o)
 .text.UART_DMAReceiveCplt
                0x0800ad50       0x38 ../DaisyExamples/libDaisy/build/libdaisy.a(stm32h7xx_hal_uart.o)
 .text.UART_DMARxHalfCplt
                0x0800ad88        0xc ../DaisyExamples/libDaisy/build/libdaisy.a(stm32h7xx_hal_uart.o)
 .text.UART_DMAError
                0x0800ad94       0x78 ../DaisyExamples/libDaisy/build/libdaisy.a(stm32h7xx_hal_uart.o)
 .text.HAL_UART_IRQHandler
                0x0800ae0c      0x1d0 ../DaisyExamples/libDaisy/build/libdaisy.a(stm32h7xx_hal_uart.o)
                0x0800ae0c                HAL_UART_IRQHandler
 .text.UART_DMAAbortOnError
                0x0800afdc       0x14 ../DaisyExamples/libDaisy/build/libdaisy.a(stm32h7xx_hal_uart.o)
 .text.HAL_UART_GetState
                0x0800aff0        0xc ../DaisyExamples/libDaisy/build/libdaisy.a(stm32h7xx_hal_uart.o)
                0x0800aff0                HAL_UART_GetState
 .text.UART_SetConfig
                0x0800affc     0x14b8 ../DaisyExamples/libDaisy/build/libdaisy.a(stm32h7xx_hal_uart.o)
                0x0800affc                UART_SetConfig
 .text.UART_AdvFeatureConfig
                0x0800c4b4       0xb0 ../DaisyExamples/libDaisy/build/libdaisy.a(stm32h7xx_hal_uart.o)
                0x0800c4b4                UART_AdvFeatureConfig
 .text.UART_CheckIdleState
                0x0800c564       0x84 ../DaisyExamples/libDaisy/build/libdaisy.a(stm32h7xx_hal_uart.o)
                0x0800c564                UART_CheckIdleState
 .text.HAL_UART_Init
                0x0800c5e8       0x68 ../DaisyExamples/libDaisy/build/libdaisy.a(stm32h7xx_hal_uart.o)
                0x0800c5e8                HAL_UART_Init
 .text.HAL_UARTEx_WakeupCallback
                0x0800c650        0x4 ../DaisyExamples/libDaisy/build/libdaisy.a(stm32h7xx_hal_uart_ex.o)
                0x0800c650                HAL_UARTEx_WakeupCallback
 .text.HAL_UARTEx_RxFifoFullCallback
                0x0800c654        0x4 ../DaisyExamples/libDaisy/build/libdaisy.a(stm32h7xx_hal_uart_ex.o)
                0x0800c654                HAL_UARTEx_RxFifoFullCallback
 .text.HAL_UARTEx_TxFifoEmptyCallback
                0x0800c658        0x4 ../DaisyExamples/libDaisy/build/libdaisy.a(stm32h7xx_hal_uart_ex.o)
                0x0800c658                HAL_UARTEx_TxFifoEmptyCallback
 .text.HAL_UARTEx_DisableFifoMode
                0x0800c65c       0x3c ../DaisyExamples/libDaisy/build/libdaisy.a(stm32h7xx_hal_uart_ex.o)
                0x0800c65c                HAL_UARTEx_DisableFifoMode
 .text.HAL_UARTEx_SetTxFifoThreshold
                0x0800c698       0x9c ../DaisyExamples/libDaisy/build/libdaisy.a(stm32h7xx_hal_uart_ex.o)
                0x0800c698                HAL_UARTEx_SetTxFifoThreshold
 .text.HAL_UARTEx_SetRxFifoThreshold
                0x0800c734       0x9c ../DaisyExamples/libDaisy/build/libdaisy.a(stm32h7xx_hal_uart_ex.o)
                0x0800c734                HAL_UARTEx_SetRxFifoThreshold
 .text.FMC_SDRAM_Init
                0x0800c7d0       0x7c ../DaisyExamples/libDaisy/build/libdaisy.a(stm32h7xx_ll_fmc.o)
                0x0800c7d0                FMC_SDRAM_Init
 .text.FMC_SDRAM_Timing_Init
                0x0800c84c       0x98 ../DaisyExamples/libDaisy/build/libdaisy.a(stm32h7xx_ll_fmc.o)
                0x0800c84c                FMC_SDRAM_Timing_Init
 .text.FMC_SDRAM_SendCommand
                0x0800c8e4       0x28 ../DaisyExamples/libDaisy/build/libdaisy.a(stm32h7xx_ll_fmc.o)
                0x0800c8e4                FMC_SDRAM_SendCommand
 .text.FMC_SDRAM_ProgramRefreshRate
                0x0800c90c       0x1c ../DaisyExamples/libDaisy/build/libdaisy.a(stm32h7xx_ll_fmc.o)
                0x0800c90c                FMC_SDRAM_ProgramRefreshRate
 .text.USB_SetTurnaroundTime
                0x0800c928      0x104 ../DaisyExamples/libDaisy/build/libdaisy.a(stm32h7xx_ll_usb.o)
                0x0800c928                USB_SetTurnaroundTime
 .text.USB_FlushTxFifo
                0x0800ca2c       0x34 ../DaisyExamples/libDaisy/build/libdaisy.a(stm32h7xx_ll_usb.o)
                0x0800ca2c                USB_FlushTxFifo
 .text.USB_GetDevSpeed
                0x0800ca60       0x24 ../DaisyExamples/libDaisy/build/libdaisy.a(stm32h7xx_ll_usb.o)
                0x0800ca60                USB_GetDevSpeed
 .text.USB_ActivateEndpoint
                0x0800ca84       0x90 ../DaisyExamples/libDaisy/build/libdaisy.a(stm32h7xx_ll_usb.o)
                0x0800ca84                USB_ActivateEndpoint
 .text.USB_EPStartXfer
                0x0800cb14      0x230 ../DaisyExamples/libDaisy/build/libdaisy.a(stm32h7xx_ll_usb.o)
                0x0800cb14                USB_EPStartXfer
 .text.USB_EP0StartXfer
                0x0800cd44      0x174 ../DaisyExamples/libDaisy/build/libdaisy.a(stm32h7xx_ll_usb.o)
                0x0800cd44                USB_EP0StartXfer
 .text.USB_WritePacket
                0x0800ceb8       0x2c ../DaisyExamples/libDaisy/build/libdaisy.a(stm32h7xx_ll_usb.o)
                0x0800ceb8                USB_WritePacket
 .text.USB_ReadPacket
                0x0800cee4       0x20 ../DaisyExamples/libDaisy/build/libdaisy.a(stm32h7xx_ll_usb.o)
                0x0800cee4                USB_ReadPacket
 .text.USB_EPSetStall
                0x0800cf04       0x68 ../DaisyExamples/libDaisy/build/libdaisy.a(stm32h7xx_ll_usb.o)
                0x0800cf04                USB_EPSetStall
 .text.USB_EPClearStall
                0x0800cf6c       0x58 ../DaisyExamples/libDaisy/build/libdaisy.a(stm32h7xx_ll_usb.o)
                0x0800cf6c                USB_EPClearStall
 .text.USB_SetDevAddress
                0x0800cfc4       0x24 ../DaisyExamples/libDaisy/build/libdaisy.a(stm32h7xx_ll_usb.o)
                0x0800cfc4                USB_SetDevAddress
 .text.USB_ReadInterrupts
                0x0800cfe8       0x14 ../DaisyExamples/libDaisy/build/libdaisy.a(stm32h7xx_ll_usb.o)
                0x0800cfe8                USB_ReadInterrupts
 .text.USB_ReadDevAllOutEpInterrupt
                0x0800cffc       0x1c ../DaisyExamples/libDaisy/build/libdaisy.a(stm32h7xx_ll_usb.o)
                0x0800cffc                USB_ReadDevAllOutEpInterrupt
 .text.USB_ReadDevAllInEpInterrupt
                0x0800d018       0x1c ../DaisyExamples/libDaisy/build/libdaisy.a(stm32h7xx_ll_usb.o)
                0x0800d018                USB_ReadDevAllInEpInterrupt
 .text.USB_ReadDevOutEPInterrupt
                0x0800d034       0x1c ../DaisyExamples/libDaisy/build/libdaisy.a(stm32h7xx_ll_usb.o)
                0x0800d034                USB_ReadDevOutEPInterrupt
 .text.USB_ReadDevInEPInterrupt
                0x0800d050       0x38 ../DaisyExamples/libDaisy/build/libdaisy.a(stm32h7xx_ll_usb.o)
                0x0800d050                USB_ReadDevInEPInterrupt
 .text.USB_GetMode
                0x0800d088        0x8 ../DaisyExamples/libDaisy/build/libdaisy.a(stm32h7xx_ll_usb.o)
                0x0800d088                USB_GetMode
 .text.USB_ActivateSetup
                0x0800d090       0x38 ../DaisyExamples/libDaisy/build/libdaisy.a(stm32h7xx_ll_usb.o)
                0x0800d090                USB_ActivateSetup
 .text.USB_EP0_OutStart
                0x0800d0c8       0x58 ../DaisyExamples/libDaisy/build/libdaisy.a(stm32h7xx_ll_usb.o)
                0x0800d0c8                USB_EP0_OutStart
 .text.USB_InitFSLSPClkSel
                0x0800d120       0x44 ../DaisyExamples/libDaisy/build/libdaisy.a(stm32h7xx_ll_usb.o)
                0x0800d120                USB_InitFSLSPClkSel
 .text.USB_HC_ReadInterrupt
                0x0800d164        0x8 ../DaisyExamples/libDaisy/build/libdaisy.a(stm32h7xx_ll_usb.o)
                0x0800d164                USB_HC_ReadInterrupt
 .text.USB_HC_Halt
                0x0800d16c       0xc0 ../DaisyExamples/libDaisy/build/libdaisy.a(stm32h7xx_ll_usb.o)
                0x0800d16c                USB_HC_Halt
 .text.USB_StopHost
                0x0800d22c      0x2ec ../DaisyExamples/libDaisy/build/libdaisy.a(stm32h7xx_ll_usb.o)
                0x0800d22c                USB_StopHost
 .text.USBD_SetClassConfig
                0x0800d518       0x14 ../DaisyExamples/libDaisy/build/libdaisy.a(usbd_core.o)
                0x0800d518                USBD_SetClassConfig
 .text.USBD_ClrClassConfig
                0x0800d52c       0x10 ../DaisyExamples/libDaisy/build/libdaisy.a(usbd_core.o)
                0x0800d52c                USBD_ClrClassConfig
 .text.USBD_LL_SetupStage
                0x0800d53c       0x5c ../DaisyExamples/libDaisy/build/libdaisy.a(usbd_core.o)
                0x0800d53c                USBD_LL_SetupStage
 .text.USBD_LL_DataOutStage
                0x0800d598       0x7c ../DaisyExamples/libDaisy/build/libdaisy.a(usbd_core.o)
                0x0800d598                USBD_LL_DataOutStage
 .text.USBD_LL_DataInStage
                0x0800d614       0xcc ../DaisyExamples/libDaisy/build/libdaisy.a(usbd_core.o)
                0x0800d614                USBD_LL_DataInStage
 .text.USBD_LL_Reset
                0x0800d6e0       0x50 ../DaisyExamples/libDaisy/build/libdaisy.a(usbd_core.o)
                0x0800d6e0                USBD_LL_Reset
 .text.USBD_LL_SetSpeed
                0x0800d730        0x8 ../DaisyExamples/libDaisy/build/libdaisy.a(usbd_core.o)
                0x0800d730                USBD_LL_SetSpeed
 .text.USBD_LL_Suspend
                0x0800d738       0x14 ../DaisyExamples/libDaisy/build/libdaisy.a(usbd_core.o)
                0x0800d738                USBD_LL_Suspend
 .text.USBD_LL_Resume
                0x0800d74c       0x10 ../DaisyExamples/libDaisy/build/libdaisy.a(usbd_core.o)
                0x0800d74c                USBD_LL_Resume
 .text.USBD_LL_SOF
                0x0800d75c       0x1c ../DaisyExamples/libDaisy/build/libdaisy.a(usbd_core.o)
                0x0800d75c                USBD_LL_SOF
 .text.USBD_LL_IsoINIncomplete
                0x0800d778        0x4 ../DaisyExamples/libDaisy/build/libdaisy.a(usbd_core.o)
                0x0800d778                USBD_LL_IsoINIncomplete
 .text.USBD_LL_IsoOUTIncomplete
                0x0800d77c        0x4 ../DaisyExamples/libDaisy/build/libdaisy.a(usbd_core.o)
                0x0800d77c                USBD_LL_IsoOUTIncomplete
 .text.USBD_LL_DevConnected
                0x0800d780        0x4 ../DaisyExamples/libDaisy/build/libdaisy.a(usbd_core.o)
                0x0800d780                USBD_LL_DevConnected
 .text.USBD_LL_DevDisconnected
                0x0800d784       0x18 ../DaisyExamples/libDaisy/build/libdaisy.a(usbd_core.o)
                0x0800d784                USBD_LL_DevDisconnected
 .text.USBD_StdDevReq
                0x0800d79c      0x304 ../DaisyExamples/libDaisy/build/libdaisy.a(usbd_ctlreq.o)
                0x0800d79c                USBD_StdDevReq
 .text.USBD_StdItfReq
                0x0800daa0       0x68 ../DaisyExamples/libDaisy/build/libdaisy.a(usbd_ctlreq.o)
                0x0800daa0                USBD_StdItfReq
 .text.USBD_StdEPReq
                0x0800db08      0x13c ../DaisyExamples/libDaisy/build/libdaisy.a(usbd_ctlreq.o)
                0x0800db08                USBD_StdEPReq
 .text.USBD_ParseSetupRequest
                0x0800dc44       0x28 ../DaisyExamples/libDaisy/build/libdaisy.a(usbd_ctlreq.o)
                0x0800dc44                USBD_ParseSetupRequest
 .text.USBD_CtlSendData
                0x0800dc6c       0x1c ../DaisyExamples/libDaisy/build/libdaisy.a(usbd_ioreq.o)
                0x0800dc6c                USBD_CtlSendData
 .text.USBD_CtlContinueSendData
                0x0800dc88       0x14 ../DaisyExamples/libDaisy/build/libdaisy.a(usbd_ioreq.o)
                0x0800dc88                USBD_CtlContinueSendData
 .text.USBD_CtlContinueRx
                0x0800dc9c       0x14 ../DaisyExamples/libDaisy/build/libdaisy.a(usbd_ioreq.o)
                0x0800dc9c                USBD_CtlContinueRx
 .text.USBD_CtlSendStatus
                0x0800dcb0       0x18 ../DaisyExamples/libDaisy/build/libdaisy.a(usbd_ioreq.o)
                0x0800dcb0                USBD_CtlSendStatus
 .text.USBD_CtlReceiveStatus
                0x0800dcc8       0x18 ../DaisyExamples/libDaisy/build/libdaisy.a(usbd_ioreq.o)
                0x0800dcc8                USBD_CtlReceiveStatus
 .text.USBH_LL_IncTimer
                0x0800dce0       0x20 ../DaisyExamples/libDaisy/build/libdaisy.a(usbh_core.o)
                0x0800dce0                USBH_LL_IncTimer
 .text.USBH_LL_PortEnabled
                0x0800dd00        0x8 ../DaisyExamples/libDaisy/build/libdaisy.a(usbh_core.o)
                0x0800dd00                USBH_LL_PortEnabled
 .text.USBH_LL_PortDisabled
                0x0800dd08        0x8 ../DaisyExamples/libDaisy/build/libdaisy.a(usbh_core.o)
                0x0800dd08                USBH_LL_PortDisabled
 .text.USBH_LL_Connect
                0x0800dd10       0x18 ../DaisyExamples/libDaisy/build/libdaisy.a(usbh_core.o)
                0x0800dd10                USBH_LL_Connect
 .text.USBH_LL_Disconnect
                0x0800dd28       0x2c ../DaisyExamples/libDaisy/build/libdaisy.a(usbh_core.o)
                0x0800dd28                USBH_LL_Disconnect
 .text.USBH_FreePipe
                0x0800dd54       0x18 ../DaisyExamples/libDaisy/build/libdaisy.a(usbh_pipes.o)
                0x0800dd54                USBH_FreePipe
 .text._ZN5daisy6Random4InitEv
                0x0800dd6c       0x3c ../DaisyExamples/libDaisy/build/libdaisy.a(rng.o)
                0x0800dd6c                daisy::Random::Init()
 .text._ZN5daisy9SpiHandle4Impl7InitDmaEv
                0x0800dda8       0xec ../DaisyExamples/libDaisy/build/libdaisy.a(spi.o)
                0x0800dda8                daisy::SpiHandle::Impl::InitDma()
 .text._ZN5daisy9SpiHandle4Impl10StartDmaTxEPhjPFvPvEPFvS3_NS0_6ResultEES3_
                0x0800de94       0xc8 ../DaisyExamples/libDaisy/build/libdaisy.a(spi.o)
                0x0800de94                daisy::SpiHandle::Impl::StartDmaTx(unsigned char*, unsigned int, void (*)(void*), void (*)(void*, daisy::SpiHandle::Result), void*)
 .text._ZN5daisy9SpiHandle4Impl10StartDmaRxEPhjPFvPvEPFvS3_NS0_6ResultEES3_
                0x0800df5c       0xc8 ../DaisyExamples/libDaisy/build/libdaisy.a(spi.o)
                0x0800df5c                daisy::SpiHandle::Impl::StartDmaRx(unsigned char*, unsigned int, void (*)(void*), void (*)(void*, daisy::SpiHandle::Result), void*)
 .text._ZN5daisy9SpiHandle4Impl12StartDmaRxTxEPhS2_jPFvPvEPFvS3_NS0_6ResultEES3_
                0x0800e024       0xcc ../DaisyExamples/libDaisy/build/libdaisy.a(spi.o)
                0x0800e024                daisy::SpiHandle::Impl::StartDmaRxTx(unsigned char*, unsigned char*, unsigned int, void (*)(void*), void (*)(void*, daisy::SpiHandle::Result), void*)
 .text._ZN5daisy9SpiHandle4Impl8InitPinsEv
                0x0800e0f0      0x274 ../DaisyExamples/libDaisy/build/libdaisy.a(spi.o)
                0x0800e0f0                daisy::SpiHandle::Impl::InitPins()
 .text.HAL_SPI_MspInit
                0x0800e364      0x1a8 ../DaisyExamples/libDaisy/build/libdaisy.a(spi.o)
                0x0800e364                HAL_SPI_MspInit
 .text.dsy_spi_global_init
                0x0800e50c       0x80 ../DaisyExamples/libDaisy/build/libdaisy.a(spi.o)
                0x0800e50c                dsy_spi_global_init
 .text.SPI1_IRQHandler
                0x0800e58c        0xc ../DaisyExamples/libDaisy/build/libdaisy.a(spi.o)
                0x0800e58c                SPI1_IRQHandler
 .text.SPI2_IRQHandler
                0x0800e598        0xc ../DaisyExamples/libDaisy/build/libdaisy.a(spi.o)
                0x0800e598                SPI2_IRQHandler
 .text.SPI3_IRQHandler
                0x0800e5a4        0xc ../DaisyExamples/libDaisy/build/libdaisy.a(spi.o)
                0x0800e5a4                SPI3_IRQHandler
 .text.SPI4_IRQHandler
                0x0800e5b0        0xc ../DaisyExamples/libDaisy/build/libdaisy.a(spi.o)
                0x0800e5b0                SPI4_IRQHandler
 .text.SPI5_IRQHandler
                0x0800e5bc        0xc ../DaisyExamples/libDaisy/build/libdaisy.a(spi.o)
                0x0800e5bc                SPI5_IRQHandler
 .text.DMA2_Stream2_IRQHandler
                0x0800e5c8       0x34 ../DaisyExamples/libDaisy/build/libdaisy.a(spi.o)
                0x0800e5c8                DMA2_Stream2_IRQHandler
 .text.DMA2_Stream3_IRQHandler
                0x0800e5fc       0x38 ../DaisyExamples/libDaisy/build/libdaisy.a(spi.o)
                0x0800e5fc                DMA2_Stream3_IRQHandler
 .text.HAL_SPI_TxCpltCallback
                0x0800e634       0xc4 ../DaisyExamples/libDaisy/build/libdaisy.a(spi.o)
                0x0800e634                HAL_SPI_TxCpltCallback
 .text.HAL_SPI_RxCpltCallback
                0x0800e6f8       0xc4 ../DaisyExamples/libDaisy/build/libdaisy.a(spi.o)
                0x0800e6f8                HAL_SPI_RxCpltCallback
 .text.HAL_SPI_TxRxCpltCallback
                0x0800e7bc       0xc4 ../DaisyExamples/libDaisy/build/libdaisy.a(spi.o)
                0x0800e7bc                HAL_SPI_TxRxCpltCallback
 .text.HAL_SPI_ErrorCallback
                0x0800e880       0xc8 ../DaisyExamples/libDaisy/build/libdaisy.a(spi.o)
                0x0800e880                HAL_SPI_ErrorCallback
 .text.startup._GLOBAL__sub_I__Z19MapInstanceToHandleP11SPI_TypeDef
                0x0800e948      0x1b0 ../DaisyExamples/libDaisy/build/libdaisy.a(spi.o)
 .text.HAL_TIM_Base_MspInit
                0x0800eaf8      0x1e0 ../DaisyExamples/libDaisy/build/libdaisy.a(tim.o)
                0x0800eaf8                HAL_TIM_Base_MspInit
 .text.HAL_TIM_PeriodElapsedCallback
                0x0800ecd8       0x44 ../DaisyExamples/libDaisy/build/libdaisy.a(tim.o)
                0x0800ecd8                HAL_TIM_PeriodElapsedCallback
 .text.TIM2_IRQHandler
                0x0800ed1c        0xc ../DaisyExamples/libDaisy/build/libdaisy.a(tim.o)
                0x0800ed1c                TIM2_IRQHandler
 .text.TIM3_IRQHandler
                0x0800ed28        0xc ../DaisyExamples/libDaisy/build/libdaisy.a(tim.o)
                0x0800ed28                TIM3_IRQHandler
 .text.TIM4_IRQHandler
                0x0800ed34        0xc ../DaisyExamples/libDaisy/build/libdaisy.a(tim.o)
                0x0800ed34                TIM4_IRQHandler
 .text.TIM5_IRQHandler
                0x0800ed40        0xc ../DaisyExamples/libDaisy/build/libdaisy.a(tim.o)
                0x0800ed40                TIM5_IRQHandler
 .text._ZN5daisy11TimerHandle4InitERKNS0_6ConfigE
                0x0800ed4c       0xd0 ../DaisyExamples/libDaisy/build/libdaisy.a(tim.o)
                0x0800ed4c                daisy::TimerHandle::Init(daisy::TimerHandle::Config const&)
 .text._ZN5daisy11TimerHandle5StartEv
                0x0800ee1c       0x24 ../DaisyExamples/libDaisy/build/libdaisy.a(tim.o)
                0x0800ee1c                daisy::TimerHandle::Start()
 .text.startup._GLOBAL__sub_I__ZN5daisy11TimerHandle4Impl4InitERKNS0_6ConfigE
                0x0800ee40       0x38 ../DaisyExamples/libDaisy/build/libdaisy.a(tim.o)
 .text.HAL_MDMA_Abort_IT
                0x0800ee78       0x2c ../DaisyExamples/libDaisy/build/libdaisy.a(stm32h7xx_hal_mdma.o)
                0x0800ee78                HAL_MDMA_Abort_IT
 .text.SPI_CloseTransfer
                0x0800eea4       0xb8 ../DaisyExamples/libDaisy/build/libdaisy.a(stm32h7xx_hal_spi.o)
 .text.HAL_SPI_Init
                0x0800ef5c      0x15c ../DaisyExamples/libDaisy/build/libdaisy.a(stm32h7xx_hal_spi.o)
                0x0800ef5c                HAL_SPI_Init
 .text.HAL_SPI_Transmit_DMA
                0x0800f0b8      0x170 ../DaisyExamples/libDaisy/build/libdaisy.a(stm32h7xx_hal_spi.o)
                0x0800f0b8                HAL_SPI_Transmit_DMA
 .text.HAL_SPI_TransmitReceive_DMA
                0x0800f228      0x218 ../DaisyExamples/libDaisy/build/libdaisy.a(stm32h7xx_hal_spi.o)
                0x0800f228                HAL_SPI_TransmitReceive_DMA
 .text.HAL_SPI_Receive_DMA
                0x0800f440      0x1b4 ../DaisyExamples/libDaisy/build/libdaisy.a(stm32h7xx_hal_spi.o)
                0x0800f440                HAL_SPI_Receive_DMA
 .text.SPI_DMATransmitCplt
                0x0800f5f4       0x28 ../DaisyExamples/libDaisy/build/libdaisy.a(stm32h7xx_hal_spi.o)
 .text.SPI_DMAReceiveCplt
                0x0800f61c       0x28 ../DaisyExamples/libDaisy/build/libdaisy.a(stm32h7xx_hal_spi.o)
 .text.SPI_DMATransmitReceiveCplt
                0x0800f644       0x28 ../DaisyExamples/libDaisy/build/libdaisy.a(stm32h7xx_hal_spi.o)
 .text.HAL_SPI_TxHalfCpltCallback
                0x0800f66c        0x4 ../DaisyExamples/libDaisy/build/libdaisy.a(stm32h7xx_hal_spi.o)
                0x0800f66c                HAL_SPI_TxHalfCpltCallback
 .text.SPI_DMAHalfTransmitCplt
                0x0800f670        0xc ../DaisyExamples/libDaisy/build/libdaisy.a(stm32h7xx_hal_spi.o)
 .text.HAL_SPI_RxHalfCpltCallback
                0x0800f67c        0x4 ../DaisyExamples/libDaisy/build/libdaisy.a(stm32h7xx_hal_spi.o)
                0x0800f67c                HAL_SPI_RxHalfCpltCallback
 .text.SPI_DMAHalfReceiveCplt
                0x0800f680        0xc ../DaisyExamples/libDaisy/build/libdaisy.a(stm32h7xx_hal_spi.o)
 .text.HAL_SPI_TxRxHalfCpltCallback
                0x0800f68c        0x4 ../DaisyExamples/libDaisy/build/libdaisy.a(stm32h7xx_hal_spi.o)
                0x0800f68c                HAL_SPI_TxRxHalfCpltCallback
 .text.SPI_DMAHalfTransmitReceiveCplt
                0x0800f690        0xc ../DaisyExamples/libDaisy/build/libdaisy.a(stm32h7xx_hal_spi.o)
 .text.SPI_DMAError
                0x0800f69c       0xd8 ../DaisyExamples/libDaisy/build/libdaisy.a(stm32h7xx_hal_spi.o)
 .text.HAL_SPI_IRQHandler
                0x0800f774      0x23c ../DaisyExamples/libDaisy/build/libdaisy.a(stm32h7xx_hal_spi.o)
                0x0800f774                HAL_SPI_IRQHandler
 .text.SPI_DMAAbortOnError
                0x0800f9b0       0x1c ../DaisyExamples/libDaisy/build/libdaisy.a(stm32h7xx_hal_spi.o)
 .text.HAL_SPI_GetState
                0x0800f9cc        0x8 ../DaisyExamples/libDaisy/build/libdaisy.a(stm32h7xx_hal_spi.o)
                0x0800f9cc                HAL_SPI_GetState
 .text.HAL_TIM_Base_Init
                0x0800f9d4      0x140 ../DaisyExamples/libDaisy/build/libdaisy.a(stm32h7xx_hal_tim.o)
                0x0800f9d4                HAL_TIM_Base_Init
 .text.HAL_TIM_Base_Start
                0x0800fb14       0x34 ../DaisyExamples/libDaisy/build/libdaisy.a(stm32h7xx_hal_tim.o)
                0x0800fb14                HAL_TIM_Base_Start
 .text.HAL_TIM_Base_Start_IT
                0x0800fb48       0x2c ../DaisyExamples/libDaisy/build/libdaisy.a(stm32h7xx_hal_tim.o)
                0x0800fb48                HAL_TIM_Base_Start_IT
 .text.HAL_TIM_ConfigClockSource
                0x0800fb74      0x17c ../DaisyExamples/libDaisy/build/libdaisy.a(stm32h7xx_hal_tim.o)
                0x0800fb74                HAL_TIM_ConfigClockSource
 .text.HAL_TIM_OC_DelayElapsedCallback
                0x0800fcf0        0x4 ../DaisyExamples/libDaisy/build/libdaisy.a(stm32h7xx_hal_tim.o)
                0x0800fcf0                HAL_TIM_OC_DelayElapsedCallback
 .text.HAL_TIM_IC_CaptureCallback
                0x0800fcf4        0x4 ../DaisyExamples/libDaisy/build/libdaisy.a(stm32h7xx_hal_tim.o)
                0x0800fcf4                HAL_TIM_IC_CaptureCallback
 .text.HAL_TIM_PWM_PulseFinishedCallback
                0x0800fcf8        0x4 ../DaisyExamples/libDaisy/build/libdaisy.a(stm32h7xx_hal_tim.o)
                0x0800fcf8                HAL_TIM_PWM_PulseFinishedCallback
 .text.HAL_TIM_TriggerCallback
                0x0800fcfc        0x4 ../DaisyExamples/libDaisy/build/libdaisy.a(stm32h7xx_hal_tim.o)
                0x0800fcfc                HAL_TIM_TriggerCallback
 .text.HAL_TIM_IRQHandler
                0x0800fd00      0x170 ../DaisyExamples/libDaisy/build/libdaisy.a(stm32h7xx_hal_tim.o)
                0x0800fd00                HAL_TIM_IRQHandler
 .text.HAL_TIMEx_MasterConfigSynchronization
                0x0800fe70       0x64 ../DaisyExamples/libDaisy/build/libdaisy.a(stm32h7xx_hal_tim_ex.o)
                0x0800fe70                HAL_TIMEx_MasterConfigSynchronization
 .text.HAL_TIMEx_CommutCallback
                0x0800fed4        0x4 ../DaisyExamples/libDaisy/build/libdaisy.a(stm32h7xx_hal_tim_ex.o)
                0x0800fed4                HAL_TIMEx_CommutCallback
 .text.HAL_TIMEx_BreakCallback
                0x0800fed8        0x4 ../DaisyExamples/libDaisy/build/libdaisy.a(stm32h7xx_hal_tim_ex.o)
                0x0800fed8                HAL_TIMEx_BreakCallback
 .text.HAL_TIMEx_Break2Callback
                0x0800fedc        0x4 ../DaisyExamples/libDaisy/build/libdaisy.a(stm32h7xx_hal_tim_ex.o)
                0x0800fedc                HAL_TIMEx_Break2Callback
 .text.__aeabi_atexit
                0x0800fee0        0xa /usr/lib/gcc/arm-none-eabi/14.2.0/../../../../arm-none-eabi/lib/thumb/v7e-m+dp/hard/libstdc++_nano.a(atexit_arm.o)
                0x0800fee0                __aeabi_atexit
 *fill*         0x0800feea        0x2 
 .text.__cxa_atexit
                0x0800feec       0x1c /usr/lib/gcc/arm-none-eabi/14.2.0/../../../../arm-none-eabi/lib/thumb/v7e-m+dp/hard/libc_nano.a(libc_a-cxa_atexit.o)
                0x0800feec                __cxa_atexit
 .text.memset   0x0800ff08       0x10 /usr/lib/gcc/arm-none-eabi/14.2.0/../../../../arm-none-eabi/lib/thumb/v7e-m+dp/hard/libc_nano.a(libc_a-memset.o)
                0x0800ff08                memset
 .text.__libc_init_array
                0x0800ff18       0x48 /usr/lib/gcc/arm-none-eabi/14.2.0/../../../../arm-none-eabi/lib/thumb/v7e-m+dp/hard/libc_nano.a(libc_a-init.o)
                0x0800ff18                __libc_init_array
 .text.__retarget_lock_acquire_recursive
                0x0800ff60        0x2 /usr/lib/gcc/arm-none-eabi/14.2.0/../../../../arm-none-eabi/lib/thumb/v7e-m+dp/hard/libc_nano.a(libc_a-lock.o)
                0x0800ff60                __retarget_lock_acquire_recursive
 .text.__retarget_lock_release_recursive
                0x0800ff62        0x2 /usr/lib/gcc/arm-none-eabi/14.2.0/../../../../arm-none-eabi/lib/thumb/v7e-m+dp/hard/libc_nano.a(libc_a-lock.o)
                0x0800ff62                __retarget_lock_release_recursive
 .text.memcpy   0x0800ff64       0x1c /usr/lib/gcc/arm-none-eabi/14.2.0/../../../../arm-none-eabi/lib/thumb/v7e-m+dp/hard/libc_nano.a(libc_a-memcpy-stub.o)
                0x0800ff64                memcpy
 .text.__register_exitproc
                0x0800ff80       0xb4 /usr/lib/gcc/arm-none-eabi/14.2.0/../../../../arm-none-eabi/lib/thumb/v7e-m+dp/hard/libc_nano.a(libc_a-__atexit.o)
                0x0800ff80                __register_exitproc
 .text.__udivmoddi4
                0x08010034      0x2bc /usr/lib/gcc/arm-none-eabi/14.2.0/thumb/v7e-m+dp/hard/libgcc.a(_udivmoddi4.o)
                0x08010034                __udivmoddi4
 *(.rodata)
 .rodata        0x080102f0       0x10 ../DaisyExamples/libDaisy/build/libdaisy.a(i2c.o)
 .rodata        0x08010300       0x12 ../DaisyExamples/libDaisy/build/libdaisy.a(uart.o)
 *fill*         0x08010312        0x2 
 .rodata        0x08010314        0x8 ../DaisyExamples/libDaisy/build/libdaisy.a(stm32h7xx_hal_uart_ex.o)
 .rodata        0x0801031c       0x10 ../DaisyExamples/libDaisy/build/libdaisy.a(tim.o)
 *(.rodata*)
 .rodata._ZL8seedgpio
                0x0801032c       0x42 ../DaisyExamples/libDaisy/build/libdaisy.a(daisy_seed.o)
 *fill*         0x0801036e        0x2 
 .rodata._ZL16dsy_adc_rank_map
                0x08010370       0x40 ../DaisyExamples/libDaisy/build/libdaisy.a(adc.o)
 .rodata.CSWTCH.35
                0x080103b0        0x3 ../DaisyExamples/libDaisy/build/libdaisy.a(sai.o)
 *fill*         0x080103b3        0x1 
 .rodata.CSWTCH.36
                0x080103b4        0xc ../DaisyExamples/libDaisy/build/libdaisy.a(sai.o)
 .rodata.CSWTCH.44
                0x080103c0       0x14 ../DaisyExamples/libDaisy/build/libdaisy.a(sai.o)
 .rodata.CSWTCH.81
                0x080103d4       0x24 ../DaisyExamples/libDaisy/build/libdaisy.a(uart.o)
 .rodata.CSWTCH.82
                0x080103f8        0xc ../DaisyExamples/libDaisy/build/libdaisy.a(uart.o)
 .rodata.CSWTCH.83
                0x08010404       0x10 ../DaisyExamples/libDaisy/build/libdaisy.a(uart.o)
 .rodata.CSWTCH.84
                0x08010414        0xc ../DaisyExamples/libDaisy/build/libdaisy.a(uart.o)
 .rodata.D1CorePrescTable
                0x08010420       0x10 ../DaisyExamples/libDaisy/build/libdaisy.a(system_stm32h7xx.o)
                0x08010420                D1CorePrescTable
 .rodata.CSWTCH.24
                0x08010430        0x4 ../DaisyExamples/libDaisy/build/libdaisy.a(usbd_conf.o)
 .rodata.CSWTCH.19
                0x08010434        0x4 ../DaisyExamples/libDaisy/build/libdaisy.a(usbh_conf.o)
 .rodata.gpio_hal_pin_map
                0x08010438       0x20 ../DaisyExamples/libDaisy/build/libdaisy.a(hal_map.o)
 .rodata.gpio_hal_port_map
                0x08010458       0x30 ../DaisyExamples/libDaisy/build/libdaisy.a(hal_map.o)
 .rodata.flagBitshiftOffset.0
                0x08010488        0x8 ../DaisyExamples/libDaisy/build/libdaisy.a(stm32h7xx_hal_dma.o)
 .rodata.CSWTCH.418
                0x08010490       0x29 ../DaisyExamples/libDaisy/build/libdaisy.a(stm32h7xx_hal_uart.o)
 *fill*         0x080104b9        0x3 
 .rodata.CSWTCH.419
                0x080104bc        0x6 ../DaisyExamples/libDaisy/build/libdaisy.a(stm32h7xx_hal_uart.o)
 *fill*         0x080104c2        0x2 
 .rodata.CSWTCH.426
                0x080104c4        0x6 ../DaisyExamples/libDaisy/build/libdaisy.a(stm32h7xx_hal_uart.o)
 *fill*         0x080104ca        0x2 
 .rodata.HAL_UARTEx_EnableFifoMode.str1.4
                0x080104cc        0x9 ../DaisyExamples/libDaisy/build/libdaisy.a(stm32h7xx_hal_uart_ex.o)
 *fill*         0x080104d5        0x3 
 .rodata._ZL13pins_none_spi
                0x080104d8        0x3 ../DaisyExamples/libDaisy/build/libdaisy.a(spi.o)
 *fill*         0x080104db        0x1 
 .rodata._ZL16pins_periphs_spi
                0x080104dc       0x60 ../DaisyExamples/libDaisy/build/libdaisy.a(spi.o)
 .rodata.__on_exit_args
                0x0801053c        0x4 /usr/lib/gcc/arm-none-eabi/14.2.0/../../../../arm-none-eabi/lib/thumb/v7e-m+dp/hard/libc_nano.a(libc_a-on_exit_args.o)
                0x0801053c                __on_exit_args
 *(.glue_7)
 .glue_7        0x08010540        0x0 linker stubs
 *(.glue_7t)
 .glue_7t       0x08010540        0x0 linker stubs
 *(.init)
 .init          0x08010540        0x4 /usr/lib/gcc/arm-none-eabi/14.2.0/thumb/v7e-m+dp/hard/crti.o
                0x08010540                _init
 .init          0x08010544        0x8 /usr/lib/gcc/arm-none-eabi/14.2.0/thumb/v7e-m+dp/hard/crtn.o
 *(.fini)
 .fini          0x0801054c        0x4 /usr/lib/gcc/arm-none-eabi/14.2.0/thumb/v7e-m+dp/hard/crti.o
                0x0801054c                _fini
 .fini          0x08010550        0x8 /usr/lib/gcc/arm-none-eabi/14.2.0/thumb/v7e-m+dp/hard/crtn.o
                0x08010558                        . = ALIGN (0x4)
                0x08010558                        _etext = .

.eh_frame       0x08010558        0x0
 .eh_frame      0x08010558        0x0 /usr/lib/gcc/arm-none-eabi/14.2.0/thumb/v7e-m+dp/hard/crtbegin.o

.vfp11_veneer   0x08010558        0x0
 .vfp11_veneer  0x08010558        0x0 linker stubs

.v4_bx          0x08010558        0x0
 .v4_bx         0x08010558        0x0 linker stubs

.iplt           0x08010558        0x0
 .iplt          0x08010558        0x0 /usr/lib/gcc/arm-none-eabi/14.2.0/thumb/v7e-m+dp/hard/crtbegin.o

.ARM.extab      0x08010558        0x0
                0x08010558                        . = ALIGN (0x4)
 *(.ARM.extab)
 *(.gnu.linkonce.armextab.*)
                0x08010558                        . = ALIGN (0x4)

.exidx          0x08010558        0x8
                0x08010558                        . = ALIGN (0x4)
                [!provide]                        PROVIDE (__exidx_start = .)
 *(.ARM.exidx*)
 .ARM.exidx.text.__udivmoddi4
                0x08010558        0x8 /usr/lib/gcc/arm-none-eabi/14.2.0/thumb/v7e-m+dp/hard/libgcc.a(_udivmoddi4.o)
                0x08010560                        . = ALIGN (0x4)
                [!provide]                        PROVIDE (__exidx_end = .)

.rel.dyn        0x08010560        0x0
 .rel.iplt      0x08010560        0x0 /usr/lib/gcc/arm-none-eabi/14.2.0/thumb/v7e-m+dp/hard/crtbegin.o

.ARM.attributes
                0x08010560       0x2e
 *(.ARM.attributes)
 .ARM.attributes
                0x08010560       0x20 /usr/lib/gcc/arm-none-eabi/14.2.0/thumb/v7e-m+dp/hard/crti.o
 .ARM.attributes
                0x08010580       0x32 /usr/lib/gcc/arm-none-eabi/14.2.0/thumb/v7e-m+dp/hard/crtbegin.o
 .ARM.attributes
                0x080105b2       0x32 build/startup_stm32h750xx.o
 .ARM.attributes
                0x080105e4       0x32 build/main.o
 .ARM.attributes
                0x08010616       0x32 ../DaisyExamples/libDaisy/build/libdaisy.a(daisy_seed.o)
 .ARM.attributes
                0x08010648       0x32 ../DaisyExamples/libDaisy/build/libdaisy.a(codec_ak4556.o)
 .ARM.attributes
                0x0801067a       0x32 ../DaisyExamples/libDaisy/build/libdaisy.a(codec_wm8731.o)
 .ARM.attributes
                0x080106ac       0x32 ../DaisyExamples/libDaisy/build/libdaisy.a(sdram.o)
 .ARM.attributes
                0x080106de       0x32 ../DaisyExamples/libDaisy/build/libdaisy.a(audio.o)
 .ARM.attributes
                0x08010710       0x32 ../DaisyExamples/libDaisy/build/libdaisy.a(encoder.o)
 .ARM.attributes
                0x08010742       0x32 ../DaisyExamples/libDaisy/build/libdaisy.a(switch.o)
 .ARM.attributes
                0x08010774       0x32 ../DaisyExamples/libDaisy/build/libdaisy.a(adc.o)
 .ARM.attributes
                0x080107a6       0x32 ../DaisyExamples/libDaisy/build/libdaisy.a(gpio.o)
 .ARM.attributes
                0x080107d8       0x32 ../DaisyExamples/libDaisy/build/libdaisy.a(i2c.o)
 .ARM.attributes
                0x0801080a       0x32 ../DaisyExamples/libDaisy/build/libdaisy.a(qspi.o)
 .ARM.attributes
                0x0801083c       0x32 ../DaisyExamples/libDaisy/build/libdaisy.a(sai.o)
 .ARM.attributes
                0x0801086e       0x32 ../DaisyExamples/libDaisy/build/libdaisy.a(uart.o)
 .ARM.attributes
                0x080108a0       0x32 ../DaisyExamples/libDaisy/build/libdaisy.a(dma.o)
 .ARM.attributes
                0x080108d2       0x32 ../DaisyExamples/libDaisy/build/libdaisy.a(system.o)
 .ARM.attributes
                0x08010904       0x32 ../DaisyExamples/libDaisy/build/libdaisy.a(system_stm32h7xx.o)
 .ARM.attributes
                0x08010936       0x32 ../DaisyExamples/libDaisy/build/libdaisy.a(usbd_conf.o)
 .ARM.attributes
                0x08010968       0x32 ../DaisyExamples/libDaisy/build/libdaisy.a(usbh_conf.o)
 .ARM.attributes
                0x0801099a       0x32 ../DaisyExamples/libDaisy/build/libdaisy.a(hal_map.o)
 .ARM.attributes
                0x080109cc       0x32 ../DaisyExamples/libDaisy/build/libdaisy.a(stm32h7xx_hal.o)
 .ARM.attributes
                0x080109fe       0x32 ../DaisyExamples/libDaisy/build/libdaisy.a(stm32h7xx_hal_adc.o)
 .ARM.attributes
                0x08010a30       0x32 ../DaisyExamples/libDaisy/build/libdaisy.a(stm32h7xx_hal_adc_ex.o)
 .ARM.attributes
                0x08010a62       0x32 ../DaisyExamples/libDaisy/build/libdaisy.a(stm32h7xx_hal_cortex.o)
 .ARM.attributes
                0x08010a94       0x32 ../DaisyExamples/libDaisy/build/libdaisy.a(stm32h7xx_hal_dma.o)
 .ARM.attributes
                0x08010ac6       0x32 ../DaisyExamples/libDaisy/build/libdaisy.a(stm32h7xx_hal_gpio.o)
 .ARM.attributes
                0x08010af8       0x32 ../DaisyExamples/libDaisy/build/libdaisy.a(stm32h7xx_hal_hcd.o)
 .ARM.attributes
                0x08010b2a       0x32 ../DaisyExamples/libDaisy/build/libdaisy.a(stm32h7xx_hal_i2c.o)
 .ARM.attributes
                0x08010b5c       0x32 ../DaisyExamples/libDaisy/build/libdaisy.a(stm32h7xx_hal_i2c_ex.o)
 .ARM.attributes
                0x08010b8e       0x32 ../DaisyExamples/libDaisy/build/libdaisy.a(stm32h7xx_hal_pcd.o)
 .ARM.attributes
                0x08010bc0       0x32 ../DaisyExamples/libDaisy/build/libdaisy.a(stm32h7xx_hal_pcd_ex.o)
 .ARM.attributes
                0x08010bf2       0x32 ../DaisyExamples/libDaisy/build/libdaisy.a(stm32h7xx_hal_pwr_ex.o)
 .ARM.attributes
                0x08010c24       0x32 ../DaisyExamples/libDaisy/build/libdaisy.a(stm32h7xx_hal_qspi.o)
 .ARM.attributes
                0x08010c56       0x32 ../DaisyExamples/libDaisy/build/libdaisy.a(stm32h7xx_hal_rcc.o)
 .ARM.attributes
                0x08010c88       0x32 ../DaisyExamples/libDaisy/build/libdaisy.a(stm32h7xx_hal_rcc_ex.o)
 .ARM.attributes
                0x08010cba       0x32 ../DaisyExamples/libDaisy/build/libdaisy.a(stm32h7xx_hal_sai.o)
 .ARM.attributes
                0x08010cec       0x32 ../DaisyExamples/libDaisy/build/libdaisy.a(stm32h7xx_hal_sdram.o)
 .ARM.attributes
                0x08010d1e       0x32 ../DaisyExamples/libDaisy/build/libdaisy.a(stm32h7xx_hal_uart.o)
 .ARM.attributes